{"ts": "2026-05-11T10:45:30.452Z", "lvl": "INFO", "cat": "system", "component": "event_bus", "msg": "EventBus v2 initialized — workers=4, sync_events=['DRAWDOWN_LIMIT', 'KILL_SWITCH']"}
{"ts": "2026-05-11T10:45:30.480Z", "lvl": "INFO", "cat": "system", "component": "state_store", "msg": "StateStore initialized | mode=DEMO | db=data/journal.db"}
{"ts": "2026-05-11T10:45:30.699Z", "lvl": "INFO", "cat": "ui", "component": "app", "msg": "Redis connected successfully at localhost:6379"}
{"ts": "2026-05-11T10:45:30.713Z", "lvl": "DEBUG", "cat": "dependency", "component": "storage_service", "msg": "SQLite tables ensured"}
{"ts": "2026-05-11T10:45:30.714Z", "lvl": "INFO", "cat": "dependency", "component": "storage_service", "msg": "SQLite initialized: C:\\Users\\p venkata naveen\\Cursor ai\\Quant_Forex_V3\\QUANT_ENGINE_2026\\data\\journal.db"}
{"ts": "2026-05-11T10:45:30.856Z", "lvl": "DEBUG", "cat": "dependency", "component": "storage_service", "msg": "DuckDB tables ensured"}
{"ts": "2026-05-11T10:45:30.856Z", "lvl": "INFO", "cat": "dependency", "component": "storage_service", "msg": "DuckDB initialized: C:\\Users\\p venkata naveen\\Cursor ai\\Quant_Forex_V3\\QUANT_ENGINE_2026\\data\\market.duckdb"}
{"ts": "2026-05-11T10:45:30.856Z", "lvl": "INFO", "cat": "dependency", "component": "storage_service", "msg": "StorageService ready — DuckDB:C:\\Users\\p venkata naveen\\Cursor ai\\Quant_Forex_V3\\QUANT_ENGINE_2026\\data\\market.duckdb, SQLite:C:\\Users\\p venkata naveen\\Cursor ai\\Quant_Forex_V3\\QUANT_ENGINE_2026\\data\\journal.db"}
{"ts": "2026-05-11T10:45:31.341Z", "lvl": "INFO", "cat": "data", "component": "tick_sanitizer", "msg": "TickSanitizer initialized"}
{"ts": "2026-05-11T10:45:31.345Z", "lvl": "INFO", "cat": "data", "component": "market_data_hub", "msg": "MarketDataHub initialized"}
{"ts": "2026-05-11T10:45:31.348Z", "lvl": "INFO", "cat": "data", "component": "data_quality_monitor", "msg": "DataQualityMonitor initialized"}
{"ts": "2026-05-11T10:45:31.390Z", "lvl": "INFO", "cat": "data", "component": "regime_detector", "msg": "RegimeDetector initialized — ADX thresholds: range<20 trend>25 strong>30"}
{"ts": "2026-05-11T10:45:31.523Z", "lvl": "INFO", "cat": "data", "component": "session_filter", "msg": "SessionFilter initialized"}
{"ts": "2026-05-11T10:45:31.529Z", "lvl": "DEBUG", "cat": "system", "component": "event_bus", "msg": "Subscribed: KillSwitch._on_drawdown_limit → DRAWDOWN_LIMIT"}
{"ts": "2026-05-11T10:45:31.529Z", "lvl": "DEBUG", "cat": "system", "component": "event_bus", "msg": "Subscribed: KillSwitch._on_profiler_update → EXECUTION_PROFILER_UPDATE"}
{"ts": "2026-05-11T10:45:31.530Z", "lvl": "INFO", "cat": "risk", "component": "kill_switch", "msg": "KillSwitch initialized — Telegram=disabled (no token)"}
{"ts": "2026-05-11T10:45:31.534Z", "lvl": "INFO", "cat": "risk", "component": "correlation_guard", "msg": "CorrelationGuard initialized — max_xau_lots=0.2 max_same_dir=1 hedge_detect=True"}
{"ts": "2026-05-11T10:45:47.047Z", "lvl": "WARNING", "cat": "dependency", "component": "storage_service", "msg": "DuckDB error — retry 1: Binder Error: Column \"regime_label\" referenced that exists in the SELECT clause - but this column cannot be referenced before it is defined"}
{"ts": "2026-05-11T10:45:47.148Z", "lvl": "WARNING", "cat": "dependency", "component": "storage_service", "msg": "DuckDB error — retry 2: Binder Error: Column \"regime_label\" referenced that exists in the SELECT clause - but this column cannot be referenced before it is defined"}
{"ts": "2026-05-11T10:46:32.047Z", "lvl": "INFO", "cat": "system", "component": "event_bus", "msg": "EventBus v2 initialized — workers=4, sync_events=['DRAWDOWN_LIMIT', 'KILL_SWITCH']"}
{"ts": "2026-05-11T10:46:32.051Z", "lvl": "INFO", "cat": "system", "component": "state_store", "msg": "StateStore initialized | mode=DEMO | db=data/journal.db"}
{"ts": "2026-05-11T10:46:32.072Z", "lvl": "DEBUG", "cat": "dependency", "component": "storage_service", "msg": "SQLite tables ensured"}
{"ts": "2026-05-11T10:46:32.074Z", "lvl": "INFO", "cat": "dependency", "component": "storage_service", "msg": "SQLite initialized: C:\\Users\\p venkata naveen\\Cursor ai\\Quant_Forex_V3\\QUANT_ENGINE_2026\\data\\journal.db"}
{"ts": "2026-05-11T10:46:32.454Z", "lvl": "ERROR", "cat": "dependency", "component": "storage_service", "msg": "DuckDB init failed: IO Error: Cannot open file \"C:\\Users\\p venkata naveen\\Cursor ai\\Quant_Forex_V3\\QUANT_ENGINE_2026\\data\\market.duckdb\": The process cannot access the file because it is being used by another process.\r\n\nFile is already open in \nC:\\Python312\\python.exe (PID 38984)", "stack_trace": "Traceback (most recent call last):\n  File \"C:\\Users\\p venkata naveen\\Cursor ai\\Quant_Forex_V3\\QUANT_ENGINE_2026\\services\\storage_service.py\", line 290, in _init_duckdb\n    conn = duckdb.connect(str(DUCKDB_PATH))\n           ^^^^^^^^^^^^^^^^^^^^^^^^^^^^^^^^\n_duckdb.IOException: IO Error: Cannot open file \"C:\\Users\\p venkata naveen\\Cursor ai\\Quant_Forex_V3\\QUANT_ENGINE_2026\\data\\market.duckdb\": The process cannot access the file because it is being used by another process.\r\n\nFile is already open in \nC:\\Python312\\python.exe (PID 38984)\n\nDuring handling of the above exception, another exception occurred:\n\nTraceback (most recent call last):\n  File \"C:\\Users\\p venkata naveen\\Cursor ai\\Quant_Forex_V3\\QUANT_ENGINE_2026\\services\\storage_service.py\", line 311, in _init_duckdb\n    conn = duckdb.connect(str(DUCKDB_PATH), read_only=True)\n           ^^^^^^^^^^^^^^^^^^^^^^^^^^^^^^^^^^^^^^^^^^^^^^^^\n_duckdb.IOException: IO Error: Cannot open file \"C:\\Users\\p venkata naveen\\Cursor ai\\Quant_Forex_V3\\QUANT_ENGINE_2026\\data\\market.duckdb\": The process cannot access the file because it is being used by another process.\r\n\nFile is already open in \nC:\\Python312\\python.exe (PID 38984)"}
{"ts": "2026-05-11T10:46:32.459Z", "lvl": "INFO", "cat": "dependency", "component": "storage_service", "msg": "StorageService ready — DuckDB:C:\\Users\\p venkata naveen\\Cursor ai\\Quant_Forex_V3\\QUANT_ENGINE_2026\\data\\market.duckdb, SQLite:C:\\Users\\p venkata naveen\\Cursor ai\\Quant_Forex_V3\\QUANT_ENGINE_2026\\data\\journal.db"}
{"ts": "2026-05-11T10:46:32.469Z", "lvl": "DEBUG", "cat": "dependency", "component": "storage_service", "msg": "SQLite tables ensured"}
{"ts": "2026-05-11T10:46:32.470Z", "lvl": "INFO", "cat": "dependency", "component": "storage_service", "msg": "SQLite initialized: C:\\Users\\PVENKA~1\\AppData\\Local\\Temp\\tmp1d2l6z9c\\test_journal.db"}
{"ts": "2026-05-11T10:46:32.493Z", "lvl": "DEBUG", "cat": "dependency", "component": "storage_service", "msg": "DuckDB tables ensured"}
{"ts": "2026-05-11T10:46:32.494Z", "lvl": "INFO", "cat": "dependency", "component": "storage_service", "msg": "DuckDB initialized: C:\\Users\\PVENKA~1\\AppData\\Local\\Temp\\tmp1d2l6z9c\\test_market.duckdb"}
{"ts": "2026-05-11T10:46:32.494Z", "lvl": "INFO", "cat": "dependency", "component": "storage_service", "msg": "StorageService ready — DuckDB:C:\\Users\\PVENKA~1\\AppData\\Local\\Temp\\tmp1d2l6z9c\\test_market.duckdb, SQLite:C:\\Users\\PVENKA~1\\AppData\\Local\\Temp\\tmp1d2l6z9c\\test_journal.db"}
{"ts": "2026-05-11T10:46:32.508Z", "lvl": "DEBUG", "cat": "trading", "component": "trade_repository", "msg": "Trade inserted: 5b8e6a93-f230-4cfe-bce2-e89111808261 | XAUUSD BUY"}
{"ts": "2026-05-11T10:46:32.538Z", "lvl": "DEBUG", "cat": "dependency", "component": "storage_service", "msg": "SQLite tables ensured"}
{"ts": "2026-05-11T10:46:32.538Z", "lvl": "INFO", "cat": "dependency", "component": "storage_service", "msg": "SQLite initialized: C:\\Users\\PVENKA~1\\AppData\\Local\\Temp\\tmp63o3548o\\test_journal.db"}
{"ts": "2026-05-11T10:46:32.560Z", "lvl": "DEBUG", "cat": "dependency", "component": "storage_service", "msg": "DuckDB tables ensured"}
{"ts": "2026-05-11T10:46:32.560Z", "lvl": "INFO", "cat": "dependency", "component": "storage_service", "msg": "DuckDB initialized: C:\\Users\\PVENKA~1\\AppData\\Local\\Temp\\tmp63o3548o\\test_market.duckdb"}
{"ts": "2026-05-11T10:46:32.561Z", "lvl": "INFO", "cat": "dependency", "component": "storage_service", "msg": "StorageService ready — DuckDB:C:\\Users\\PVENKA~1\\AppData\\Local\\Temp\\tmp63o3548o\\test_market.duckdb, SQLite:C:\\Users\\PVENKA~1\\AppData\\Local\\Temp\\tmp63o3548o\\test_journal.db"}
{"ts": "2026-05-11T10:46:32.561Z", "lvl": "DEBUG", "cat": "trading", "component": "trade_repository", "msg": "Trade inserted: bad4a46e-8f47-4c2d-8677-adcb1ff1b32a | XAUUSD BUY"}
{"ts": "2026-05-11T10:46:32.584Z", "lvl": "DEBUG", "cat": "dependency", "component": "storage_service", "msg": "SQLite tables ensured"}
{"ts": "2026-05-11T10:46:32.584Z", "lvl": "INFO", "cat": "dependency", "component": "storage_service", "msg": "SQLite initialized: C:\\Users\\PVENKA~1\\AppData\\Local\\Temp\\tmpam1g7zm7\\test_journal.db"}
{"ts": "2026-05-11T10:46:32.605Z", "lvl": "DEBUG", "cat": "dependency", "component": "storage_service", "msg": "DuckDB tables ensured"}
{"ts": "2026-05-11T10:46:32.606Z", "lvl": "INFO", "cat": "dependency", "component": "storage_service", "msg": "DuckDB initialized: C:\\Users\\PVENKA~1\\AppData\\Local\\Temp\\tmpam1g7zm7\\test_market.duckdb"}
{"ts": "2026-05-11T10:46:32.606Z", "lvl": "INFO", "cat": "dependency", "component": "storage_service", "msg": "StorageService ready — DuckDB:C:\\Users\\PVENKA~1\\AppData\\Local\\Temp\\tmpam1g7zm7\\test_market.duckdb, SQLite:C:\\Users\\PVENKA~1\\AppData\\Local\\Temp\\tmpam1g7zm7\\test_journal.db"}
{"ts": "2026-05-11T10:46:32.607Z", "lvl": "DEBUG", "cat": "trading", "component": "trade_repository", "msg": "Trade inserted: 41107d84-2d45-4511-8380-ef51dc87a05e | XAUUSD BUY"}
{"ts": "2026-05-11T10:46:32.607Z", "lvl": "INFO", "cat": "trading", "component": "trade_repository", "msg": "Trade closed: 41107d84-2d45-4511-8380-ef51dc87a05e | net_pnl=+145.00 reason=TAKE_PROFIT"}
{"ts": "2026-05-11T10:46:32.631Z", "lvl": "DEBUG", "cat": "dependency", "component": "storage_service", "msg": "SQLite tables ensured"}
{"ts": "2026-05-11T10:46:32.631Z", "lvl": "INFO", "cat": "dependency", "component": "storage_service", "msg": "SQLite initialized: C:\\Users\\PVENKA~1\\AppData\\Local\\Temp\\tmpd90pac5z\\test_journal.db"}
{"ts": "2026-05-11T10:46:32.653Z", "lvl": "DEBUG", "cat": "dependency", "component": "storage_service", "msg": "DuckDB tables ensured"}
{"ts": "2026-05-11T10:46:32.653Z", "lvl": "INFO", "cat": "dependency", "component": "storage_service", "msg": "DuckDB initialized: C:\\Users\\PVENKA~1\\AppData\\Local\\Temp\\tmpd90pac5z\\test_market.duckdb"}
{"ts": "2026-05-11T10:46:32.653Z", "lvl": "INFO", "cat": "dependency", "component": "storage_service", "msg": "StorageService ready — DuckDB:C:\\Users\\PVENKA~1\\AppData\\Local\\Temp\\tmpd90pac5z\\test_market.duckdb, SQLite:C:\\Users\\PVENKA~1\\AppData\\Local\\Temp\\tmpd90pac5z\\test_journal.db"}
{"ts": "2026-05-11T10:46:32.654Z", "lvl": "DEBUG", "cat": "trading", "component": "trade_repository", "msg": "Trade inserted: 0e4cc086-b6b1-49bc-abe6-65792b963c2d | XAUUSD BUY"}
{"ts": "2026-05-11T10:46:32.654Z", "lvl": "INFO", "cat": "trading", "component": "trade_repository", "msg": "Trade closed: 0e4cc086-b6b1-49bc-abe6-65792b963c2d | net_pnl=+95.00 reason=TAKE_PROFIT"}
{"ts": "2026-05-11T10:46:32.677Z", "lvl": "DEBUG", "cat": "dependency", "component": "storage_service", "msg": "SQLite tables ensured"}
{"ts": "2026-05-11T10:46:32.678Z", "lvl": "INFO", "cat": "dependency", "component": "storage_service", "msg": "SQLite initialized: C:\\Users\\PVENKA~1\\AppData\\Local\\Temp\\tmpn4zh46uv\\test_journal.db"}
{"ts": "2026-05-11T10:46:32.698Z", "lvl": "DEBUG", "cat": "dependency", "component": "storage_service", "msg": "DuckDB tables ensured"}
{"ts": "2026-05-11T10:46:32.698Z", "lvl": "INFO", "cat": "dependency", "component": "storage_service", "msg": "DuckDB initialized: C:\\Users\\PVENKA~1\\AppData\\Local\\Temp\\tmpn4zh46uv\\test_market.duckdb"}
{"ts": "2026-05-11T10:46:32.698Z", "lvl": "INFO", "cat": "dependency", "component": "storage_service", "msg": "StorageService ready — DuckDB:C:\\Users\\PVENKA~1\\AppData\\Local\\Temp\\tmpn4zh46uv\\test_market.duckdb, SQLite:C:\\Users\\PVENKA~1\\AppData\\Local\\Temp\\tmpn4zh46uv\\test_journal.db"}
{"ts": "2026-05-11T10:46:32.723Z", "lvl": "DEBUG", "cat": "dependency", "component": "storage_service", "msg": "SQLite tables ensured"}
{"ts": "2026-05-11T10:46:32.724Z", "lvl": "INFO", "cat": "dependency", "component": "storage_service", "msg": "SQLite initialized: C:\\Users\\PVENKA~1\\AppData\\Local\\Temp\\tmp9d6y6pcm\\test_journal.db"}
{"ts": "2026-05-11T10:46:32.754Z", "lvl": "DEBUG", "cat": "dependency", "component": "storage_service", "msg": "DuckDB tables ensured"}
{"ts": "2026-05-11T10:46:32.754Z", "lvl": "INFO", "cat": "dependency", "component": "storage_service", "msg": "DuckDB initialized: C:\\Users\\PVENKA~1\\AppData\\Local\\Temp\\tmp9d6y6pcm\\test_market.duckdb"}
{"ts": "2026-05-11T10:46:32.754Z", "lvl": "INFO", "cat": "dependency", "component": "storage_service", "msg": "StorageService ready — DuckDB:C:\\Users\\PVENKA~1\\AppData\\Local\\Temp\\tmp9d6y6pcm\\test_market.duckdb, SQLite:C:\\Users\\PVENKA~1\\AppData\\Local\\Temp\\tmp9d6y6pcm\\test_journal.db"}
{"ts": "2026-05-11T10:46:32.756Z", "lvl": "WARNING", "cat": "system", "component": "state_repository", "msg": "Kill switch ACTIVATED in DB: Test reason by=pytest id=1"}
{"ts": "2026-05-11T10:46:32.756Z", "lvl": "INFO", "cat": "system", "component": "state_repository", "msg": "Kill switch DEACTIVATED in DB"}
{"ts": "2026-05-11T10:47:59.045Z", "lvl": "WARNING", "cat": "dependency", "component": "storage_service", "msg": "DuckDB error — retry 1: Binder Error: Column \"regime_label\" referenced that exists in the SELECT clause - but this column cannot be referenced before it is defined"}
{"ts": "2026-05-11T10:47:59.146Z", "lvl": "WARNING", "cat": "dependency", "component": "storage_service", "msg": "DuckDB error — retry 2: Binder Error: Column \"regime_label\" referenced that exists in the SELECT clause - but this column cannot be referenced before it is defined"}
{"ts": "2026-05-11T10:50:37.008Z", "lvl": "WARNING", "cat": "dependency", "component": "storage_service", "msg": "DuckDB error — retry 1: Binder Error: Column \"regime_label\" referenced that exists in the SELECT clause - but this column cannot be referenced before it is defined"}
{"ts": "2026-05-11T10:50:37.111Z", "lvl": "WARNING", "cat": "dependency", "component": "storage_service", "msg": "DuckDB error — retry 2: Binder Error: Column \"regime_label\" referenced that exists in the SELECT clause - but this column cannot be referenced before it is defined"}
{"ts": "2026-05-11T10:52:05.026Z", "lvl": "INFO", "cat": "system", "component": "event_bus", "msg": "EventBus v2 initialized — workers=4, sync_events=['DRAWDOWN_LIMIT', 'KILL_SWITCH']"}
{"ts": "2026-05-11T10:52:05.038Z", "lvl": "INFO", "cat": "system", "component": "state_store", "msg": "StateStore initialized | mode=DEMO | db=data/journal.db"}
{"ts": "2026-05-11T10:52:05.073Z", "lvl": "DEBUG", "cat": "dependency", "component": "storage_service", "msg": "SQLite tables ensured"}
{"ts": "2026-05-11T10:52:05.073Z", "lvl": "INFO", "cat": "dependency", "component": "storage_service", "msg": "SQLite initialized: C:\\Users\\p venkata naveen\\Cursor ai\\Quant_Forex_V3\\QUANT_ENGINE_2026\\data\\journal.db"}
{"ts": "2026-05-11T10:52:05.513Z", "lvl": "ERROR", "cat": "dependency", "component": "storage_service", "msg": "DuckDB init failed: IO Error: Cannot open file \"C:\\Users\\p venkata naveen\\Cursor ai\\Quant_Forex_V3\\QUANT_ENGINE_2026\\data\\market.duckdb\": The process cannot access the file because it is being used by another process.\r\n\nFile is already open in \nC:\\Python312\\python.exe (PID 38984)", "stack_trace": "Traceback (most recent call last):\n  File \"C:\\Users\\p venkata naveen\\Cursor ai\\Quant_Forex_V3\\QUANT_ENGINE_2026\\services\\storage_service.py\", line 290, in _init_duckdb\n    conn = duckdb.connect(str(DUCKDB_PATH))\n           ^^^^^^^^^^^^^^^^^^^^^^^^^^^^^^^^\n_duckdb.IOException: IO Error: Cannot open file \"C:\\Users\\p venkata naveen\\Cursor ai\\Quant_Forex_V3\\QUANT_ENGINE_2026\\data\\market.duckdb\": The process cannot access the file because it is being used by another process.\r\n\nFile is already open in \nC:\\Python312\\python.exe (PID 38984)\n\nDuring handling of the above exception, another exception occurred:\n\nTraceback (most recent call last):\n  File \"C:\\Users\\p venkata naveen\\Cursor ai\\Quant_Forex_V3\\QUANT_ENGINE_2026\\services\\storage_service.py\", line 311, in _init_duckdb\n    conn = duckdb.connect(str(DUCKDB_PATH), read_only=True)\n           ^^^^^^^^^^^^^^^^^^^^^^^^^^^^^^^^^^^^^^^^^^^^^^^^\n_duckdb.IOException: IO Error: Cannot open file \"C:\\Users\\p venkata naveen\\Cursor ai\\Quant_Forex_V3\\QUANT_ENGINE_2026\\data\\market.duckdb\": The process cannot access the file because it is being used by another process.\r\n\nFile is already open in \nC:\\Python312\\python.exe (PID 38984)"}
{"ts": "2026-05-11T10:52:05.515Z", "lvl": "INFO", "cat": "dependency", "component": "storage_service", "msg": "StorageService ready — DuckDB:C:\\Users\\p venkata naveen\\Cursor ai\\Quant_Forex_V3\\QUANT_ENGINE_2026\\data\\market.duckdb, SQLite:C:\\Users\\p venkata naveen\\Cursor ai\\Quant_Forex_V3\\QUANT_ENGINE_2026\\data\\journal.db"}
{"ts": "2026-05-11T10:52:05.528Z", "lvl": "DEBUG", "cat": "dependency", "component": "storage_service", "msg": "SQLite tables ensured"}
{"ts": "2026-05-11T10:52:05.528Z", "lvl": "INFO", "cat": "dependency", "component": "storage_service", "msg": "SQLite initialized: C:\\Users\\PVENKA~1\\AppData\\Local\\Temp\\tmpyqqwjwc0\\test_journal.db"}
{"ts": "2026-05-11T10:52:05.561Z", "lvl": "DEBUG", "cat": "dependency", "component": "storage_service", "msg": "DuckDB tables ensured"}
{"ts": "2026-05-11T10:52:05.561Z", "lvl": "INFO", "cat": "dependency", "component": "storage_service", "msg": "DuckDB initialized: C:\\Users\\PVENKA~1\\AppData\\Local\\Temp\\tmpyqqwjwc0\\test_market.duckdb"}
{"ts": "2026-05-11T10:52:05.561Z", "lvl": "INFO", "cat": "dependency", "component": "storage_service", "msg": "StorageService ready — DuckDB:C:\\Users\\PVENKA~1\\AppData\\Local\\Temp\\tmpyqqwjwc0\\test_market.duckdb, SQLite:C:\\Users\\PVENKA~1\\AppData\\Local\\Temp\\tmpyqqwjwc0\\test_journal.db"}
{"ts": "2026-05-11T10:52:05.582Z", "lvl": "DEBUG", "cat": "trading", "component": "trade_repository", "msg": "Trade inserted: 22820a7b-05cb-49a1-b58a-ffec4f3eb04f | XAUUSD BUY"}
{"ts": "2026-05-11T10:52:05.614Z", "lvl": "DEBUG", "cat": "dependency", "component": "storage_service", "msg": "SQLite tables ensured"}
{"ts": "2026-05-11T10:52:05.614Z", "lvl": "INFO", "cat": "dependency", "component": "storage_service", "msg": "SQLite initialized: C:\\Users\\PVENKA~1\\AppData\\Local\\Temp\\tmp_j5dxa65\\test_journal.db"}
{"ts": "2026-05-11T10:52:05.634Z", "lvl": "DEBUG", "cat": "dependency", "component": "storage_service", "msg": "DuckDB tables ensured"}
{"ts": "2026-05-11T10:52:05.634Z", "lvl": "INFO", "cat": "dependency", "component": "storage_service", "msg": "DuckDB initialized: C:\\Users\\PVENKA~1\\AppData\\Local\\Temp\\tmp_j5dxa65\\test_market.duckdb"}
{"ts": "2026-05-11T10:52:05.634Z", "lvl": "INFO", "cat": "dependency", "component": "storage_service", "msg": "StorageService ready — DuckDB:C:\\Users\\PVENKA~1\\AppData\\Local\\Temp\\tmp_j5dxa65\\test_market.duckdb, SQLite:C:\\Users\\PVENKA~1\\AppData\\Local\\Temp\\tmp_j5dxa65\\test_journal.db"}
{"ts": "2026-05-11T10:52:05.635Z", "lvl": "DEBUG", "cat": "trading", "component": "trade_repository", "msg": "Trade inserted: bec848c9-900d-4ebb-9250-d56488b6b713 | XAUUSD BUY"}
{"ts": "2026-05-11T10:52:05.659Z", "lvl": "DEBUG", "cat": "dependency", "component": "storage_service", "msg": "SQLite tables ensured"}
{"ts": "2026-05-11T10:52:05.660Z", "lvl": "INFO", "cat": "dependency", "component": "storage_service", "msg": "SQLite initialized: C:\\Users\\PVENKA~1\\AppData\\Local\\Temp\\tmp_1p8fsyl\\test_journal.db"}
{"ts": "2026-05-11T10:52:05.682Z", "lvl": "DEBUG", "cat": "dependency", "component": "storage_service", "msg": "DuckDB tables ensured"}
{"ts": "2026-05-11T10:52:05.682Z", "lvl": "INFO", "cat": "dependency", "component": "storage_service", "msg": "DuckDB initialized: C:\\Users\\PVENKA~1\\AppData\\Local\\Temp\\tmp_1p8fsyl\\test_market.duckdb"}
{"ts": "2026-05-11T10:52:05.682Z", "lvl": "INFO", "cat": "dependency", "component": "storage_service", "msg": "StorageService ready — DuckDB:C:\\Users\\PVENKA~1\\AppData\\Local\\Temp\\tmp_1p8fsyl\\test_market.duckdb, SQLite:C:\\Users\\PVENKA~1\\AppData\\Local\\Temp\\tmp_1p8fsyl\\test_journal.db"}
{"ts": "2026-05-11T10:52:05.683Z", "lvl": "DEBUG", "cat": "trading", "component": "trade_repository", "msg": "Trade inserted: e727c5d8-427b-479b-b62b-46feda86640b | XAUUSD BUY"}
{"ts": "2026-05-11T10:52:05.683Z", "lvl": "INFO", "cat": "trading", "component": "trade_repository", "msg": "Trade closed: e727c5d8-427b-479b-b62b-46feda86640b | net_pnl=+145.00 reason=TAKE_PROFIT"}
{"ts": "2026-05-11T10:52:05.709Z", "lvl": "DEBUG", "cat": "dependency", "component": "storage_service", "msg": "SQLite tables ensured"}
{"ts": "2026-05-11T10:52:05.709Z", "lvl": "INFO", "cat": "dependency", "component": "storage_service", "msg": "SQLite initialized: C:\\Users\\PVENKA~1\\AppData\\Local\\Temp\\tmp65azurg6\\test_journal.db"}
{"ts": "2026-05-11T10:52:05.733Z", "lvl": "DEBUG", "cat": "dependency", "component": "storage_service", "msg": "DuckDB tables ensured"}
{"ts": "2026-05-11T10:52:05.733Z", "lvl": "INFO", "cat": "dependency", "component": "storage_service", "msg": "DuckDB initialized: C:\\Users\\PVENKA~1\\AppData\\Local\\Temp\\tmp65azurg6\\test_market.duckdb"}
{"ts": "2026-05-11T10:52:05.733Z", "lvl": "INFO", "cat": "dependency", "component": "storage_service", "msg": "StorageService ready — DuckDB:C:\\Users\\PVENKA~1\\AppData\\Local\\Temp\\tmp65azurg6\\test_market.duckdb, SQLite:C:\\Users\\PVENKA~1\\AppData\\Local\\Temp\\tmp65azurg6\\test_journal.db"}
{"ts": "2026-05-11T10:52:05.734Z", "lvl": "DEBUG", "cat": "trading", "component": "trade_repository", "msg": "Trade inserted: af2228e2-1b3e-4552-afce-7a5cd62c2c30 | XAUUSD BUY"}
{"ts": "2026-05-11T10:52:05.735Z", "lvl": "INFO", "cat": "trading", "component": "trade_repository", "msg": "Trade closed: af2228e2-1b3e-4552-afce-7a5cd62c2c30 | net_pnl=+95.00 reason=TAKE_PROFIT"}
{"ts": "2026-05-11T10:52:05.763Z", "lvl": "DEBUG", "cat": "dependency", "component": "storage_service", "msg": "SQLite tables ensured"}
{"ts": "2026-05-11T10:52:05.763Z", "lvl": "INFO", "cat": "dependency", "component": "storage_service", "msg": "SQLite initialized: C:\\Users\\PVENKA~1\\AppData\\Local\\Temp\\tmp51ggo13x\\test_journal.db"}
{"ts": "2026-05-11T10:52:05.785Z", "lvl": "DEBUG", "cat": "dependency", "component": "storage_service", "msg": "DuckDB tables ensured"}
{"ts": "2026-05-11T10:52:05.785Z", "lvl": "INFO", "cat": "dependency", "component": "storage_service", "msg": "DuckDB initialized: C:\\Users\\PVENKA~1\\AppData\\Local\\Temp\\tmp51ggo13x\\test_market.duckdb"}
{"ts": "2026-05-11T10:52:05.786Z", "lvl": "INFO", "cat": "dependency", "component": "storage_service", "msg": "StorageService ready — DuckDB:C:\\Users\\PVENKA~1\\AppData\\Local\\Temp\\tmp51ggo13x\\test_market.duckdb, SQLite:C:\\Users\\PVENKA~1\\AppData\\Local\\Temp\\tmp51ggo13x\\test_journal.db"}
{"ts": "2026-05-11T10:52:05.814Z", "lvl": "DEBUG", "cat": "dependency", "component": "storage_service", "msg": "SQLite tables ensured"}
{"ts": "2026-05-11T10:52:05.814Z", "lvl": "INFO", "cat": "dependency", "component": "storage_service", "msg": "SQLite initialized: C:\\Users\\PVENKA~1\\AppData\\Local\\Temp\\tmpdra36shw\\test_journal.db"}
{"ts": "2026-05-11T10:52:05.838Z", "lvl": "DEBUG", "cat": "dependency", "component": "storage_service", "msg": "DuckDB tables ensured"}
{"ts": "2026-05-11T10:52:05.838Z", "lvl": "INFO", "cat": "dependency", "component": "storage_service", "msg": "DuckDB initialized: C:\\Users\\PVENKA~1\\AppData\\Local\\Temp\\tmpdra36shw\\test_market.duckdb"}
{"ts": "2026-05-11T10:52:05.838Z", "lvl": "INFO", "cat": "dependency", "component": "storage_service", "msg": "StorageService ready — DuckDB:C:\\Users\\PVENKA~1\\AppData\\Local\\Temp\\tmpdra36shw\\test_market.duckdb, SQLite:C:\\Users\\PVENKA~1\\AppData\\Local\\Temp\\tmpdra36shw\\test_journal.db"}
{"ts": "2026-05-11T10:52:05.839Z", "lvl": "WARNING", "cat": "system", "component": "state_repository", "msg": "Kill switch ACTIVATED in DB: Test reason by=pytest id=1"}
{"ts": "2026-05-11T10:52:05.839Z", "lvl": "INFO", "cat": "system", "component": "state_repository", "msg": "Kill switch DEACTIVATED in DB"}
{"ts": "2026-05-11T10:54:00.271Z", "lvl": "WARNING", "cat": "dependency", "component": "storage_service", "msg": "DuckDB error — retry 1: Binder Error: Column \"regime_label\" referenced that exists in the SELECT clause - but this column cannot be referenced before it is defined"}
{"ts": "2026-05-11T10:54:00.372Z", "lvl": "WARNING", "cat": "dependency", "component": "storage_service", "msg": "DuckDB error — retry 2: Binder Error: Column \"regime_label\" referenced that exists in the SELECT clause - but this column cannot be referenced before it is defined"}
{"ts": "2026-05-11T10:57:01.356Z", "lvl": "WARNING", "cat": "dependency", "component": "storage_service", "msg": "DuckDB error — retry 1: Binder Error: Column \"regime_label\" referenced that exists in the SELECT clause - but this column cannot be referenced before it is defined"}
{"ts": "2026-05-11T10:57:01.459Z", "lvl": "WARNING", "cat": "dependency", "component": "storage_service", "msg": "DuckDB error — retry 2: Binder Error: Column \"regime_label\" referenced that exists in the SELECT clause - but this column cannot be referenced before it is defined"}
{"ts": "2026-05-11T15:27:13.053Z", "lvl": "INFO", "cat": "system", "component": "event_bus", "msg": "EventBus v2 initialized — workers=4, sync_events=['DRAWDOWN_LIMIT', 'KILL_SWITCH']"}
{"ts": "2026-05-11T15:27:13.110Z", "lvl": "INFO", "cat": "system", "component": "state_store", "msg": "StateStore initialized | mode=DEMO | db=data/journal.db"}
{"ts": "2026-05-11T15:27:13.844Z", "lvl": "INFO", "cat": "data", "component": "session_filter", "msg": "SessionFilter initialized"}
{"ts": "2026-05-11T15:27:13.921Z", "lvl": "INFO", "cat": "data", "component": "session_filter", "msg": "SessionFilter started"}
{"ts": "2026-05-11T15:31:55.689Z", "lvl": "INFO", "cat": "system", "component": "event_bus", "msg": "EventBus v2 initialized — workers=4, sync_events=['DRAWDOWN_LIMIT', 'KILL_SWITCH']"}
{"ts": "2026-05-11T15:31:55.700Z", "lvl": "INFO", "cat": "system", "component": "state_store", "msg": "StateStore initialized | mode=DEMO | db=data/journal.db"}
{"ts": "2026-05-11T15:31:55.992Z", "lvl": "INFO", "cat": "ui", "component": "app", "msg": "Redis connected successfully at localhost:6379"}
{"ts": "2026-05-11T15:31:55.996Z", "lvl": "INFO", "cat": "ui", "component": "app", "msg": "set_value | key=t:k | success=True | payload={\"x\": 1}"}
{"ts": "2026-05-11T15:31:55.998Z", "lvl": "INFO", "cat": "ui", "component": "app", "msg": "get_value | key=t:k | json_loaded=True"}
{"ts": "2026-05-11T15:31:56.362Z", "lvl": "INFO", "cat": "system", "component": "event_bus", "msg": "EventBus v2 initialized — workers=4, sync_events=['DRAWDOWN_LIMIT', 'KILL_SWITCH']"}
{"ts": "2026-05-11T15:31:56.370Z", "lvl": "INFO", "cat": "system", "component": "state_store", "msg": "StateStore initialized | mode=DEMO | db=data/journal.db"}
{"ts": "2026-05-11T15:31:56.559Z", "lvl": "INFO", "cat": "ui", "component": "app", "msg": "BUS_TYPE=local: using in-process LocalBus"}
{"ts": "2026-05-11T15:32:11.420Z", "lvl": "INFO", "cat": "system", "component": "event_bus", "msg": "EventBus v2 initialized — workers=4, sync_events=['DRAWDOWN_LIMIT', 'KILL_SWITCH']"}
{"ts": "2026-05-11T15:32:11.429Z", "lvl": "INFO", "cat": "system", "component": "state_store", "msg": "StateStore initialized | mode=DEMO | db=data/journal.db"}
{"ts": "2026-05-11T15:32:30.087Z", "lvl": "INFO", "cat": "system", "component": "event_bus", "msg": "EventBus v2 initialized — workers=4, sync_events=['DRAWDOWN_LIMIT', 'KILL_SWITCH']"}
{"ts": "2026-05-11T15:32:30.101Z", "lvl": "INFO", "cat": "system", "component": "state_store", "msg": "StateStore initialized | mode=DEMO | db=data/journal.db"}
{"ts": "2026-05-11T15:32:30.467Z", "lvl": "INFO", "cat": "data", "component": "session_filter", "msg": "SessionFilter initialized"}
{"ts": "2026-05-11T15:32:30.528Z", "lvl": "INFO", "cat": "data", "component": "session_filter", "msg": "SessionFilter started"}
{"ts": "2026-05-11T15:32:31.559Z", "lvl": "WARNING", "cat": "ui", "component": "app", "msg": "Redis unavailable (Error 10061 connecting to localhost:1. No connection could be made because the target machine actively refused it.); falling back to in-process LocalBus. Start Redis or set BUS_TYPE=local to avoid this."}
{"ts": "2026-05-11T15:32:37.731Z", "lvl": "INFO", "cat": "system", "component": "event_bus", "msg": "EventBus v2 initialized — workers=4, sync_events=['DRAWDOWN_LIMIT', 'KILL_SWITCH']"}
{"ts": "2026-05-11T15:32:37.739Z", "lvl": "INFO", "cat": "system", "component": "state_store", "msg": "StateStore initialized | mode=DEMO | db=data/journal.db"}
{"ts": "2026-05-11T15:32:37.766Z", "lvl": "INFO", "cat": "system", "component": "event_bus", "msg": "EventBus v2 initialized — workers=2, sync_events=['DRAWDOWN_LIMIT', 'KILL_SWITCH']"}
{"ts": "2026-05-11T15:32:37.766Z", "lvl": "DEBUG", "cat": "system", "component": "event_bus", "msg": "Subscribed: TestEventBusSubscribe.test_subscribe_and_count.<locals>.handler → HEARTBEAT"}
{"ts": "2026-05-11T15:32:37.767Z", "lvl": "INFO", "cat": "system", "component": "event_bus", "msg": "EventBus: shutting down thread pool (waiting for handlers)..."}
{"ts": "2026-05-11T15:32:37.767Z", "lvl": "INFO", "cat": "system", "component": "event_bus", "msg": "EventBus: thread pool stopped cleanly"}
{"ts": "2026-05-11T15:32:37.768Z", "lvl": "INFO", "cat": "system", "component": "event_bus", "msg": "EventBus v2 initialized — workers=2, sync_events=['DRAWDOWN_LIMIT', 'KILL_SWITCH']"}
{"ts": "2026-05-11T15:32:37.768Z", "lvl": "DEBUG", "cat": "system", "component": "event_bus", "msg": "Subscribed: TestEventBusSubscribe.test_unsubscribe.<locals>.handler → HEARTBEAT"}
{"ts": "2026-05-11T15:32:37.768Z", "lvl": "DEBUG", "cat": "system", "component": "event_bus", "msg": "Unsubscribed: TestEventBusSubscribe.test_unsubscribe.<locals>.handler from HEARTBEAT"}
{"ts": "2026-05-11T15:32:37.769Z", "lvl": "INFO", "cat": "system", "component": "event_bus", "msg": "EventBus: shutting down thread pool (waiting for handlers)..."}
{"ts": "2026-05-11T15:32:37.769Z", "lvl": "INFO", "cat": "system", "component": "event_bus", "msg": "EventBus: thread pool stopped cleanly"}
{"ts": "2026-05-11T15:32:37.769Z", "lvl": "INFO", "cat": "system", "component": "event_bus", "msg": "EventBus v2 initialized — workers=2, sync_events=['DRAWDOWN_LIMIT', 'KILL_SWITCH']"}
{"ts": "2026-05-11T15:32:37.770Z", "lvl": "DEBUG", "cat": "system", "component": "event_bus", "msg": "Subscribed: TestEventBusSubscribe.test_multiple_handlers.<locals>.h1 → HEARTBEAT"}
{"ts": "2026-05-11T15:32:37.770Z", "lvl": "DEBUG", "cat": "system", "component": "event_bus", "msg": "Subscribed: TestEventBusSubscribe.test_multiple_handlers.<locals>.h2 → HEARTBEAT"}
{"ts": "2026-05-11T15:32:37.770Z", "lvl": "INFO", "cat": "system", "component": "event_bus", "msg": "EventBus: shutting down thread pool (waiting for handlers)..."}
{"ts": "2026-05-11T15:32:37.771Z", "lvl": "INFO", "cat": "system", "component": "event_bus", "msg": "EventBus: thread pool stopped cleanly"}
{"ts": "2026-05-11T15:32:37.771Z", "lvl": "INFO", "cat": "system", "component": "event_bus", "msg": "EventBus v2 initialized — workers=2, sync_events=['DRAWDOWN_LIMIT', 'KILL_SWITCH']"}
{"ts": "2026-05-11T15:32:37.771Z", "lvl": "DEBUG", "cat": "system", "component": "event_bus", "msg": "No subscribers for: HEARTBEAT"}
{"ts": "2026-05-11T15:32:37.771Z", "lvl": "INFO", "cat": "system", "component": "event_bus", "msg": "EventBus: shutting down thread pool (waiting for handlers)..."}
{"ts": "2026-05-11T15:32:37.772Z", "lvl": "INFO", "cat": "system", "component": "event_bus", "msg": "EventBus: thread pool stopped cleanly"}
{"ts": "2026-05-11T15:32:37.772Z", "lvl": "INFO", "cat": "system", "component": "event_bus", "msg": "EventBus v2 initialized — workers=2, sync_events=['DRAWDOWN_LIMIT', 'KILL_SWITCH']"}
{"ts": "2026-05-11T15:32:37.772Z", "lvl": "DEBUG", "cat": "system", "component": "event_bus", "msg": "Subscribed: TestEventBusPublish.test_publish_calls_handler.<locals>.handler → HEARTBEAT"}
{"ts": "2026-05-11T15:32:37.774Z", "lvl": "DEBUG", "cat": "system", "component": "event_bus", "msg": "Published HEARTBEAT from='test' handlers=1 sync=False"}
{"ts": "2026-05-11T15:32:37.975Z", "lvl": "INFO", "cat": "system", "component": "event_bus", "msg": "EventBus: shutting down thread pool (waiting for handlers)..."}
{"ts": "2026-05-11T15:32:37.975Z", "lvl": "INFO", "cat": "system", "component": "event_bus", "msg": "EventBus: thread pool stopped cleanly"}
{"ts": "2026-05-11T15:32:37.976Z", "lvl": "INFO", "cat": "system", "component": "event_bus", "msg": "EventBus v2 initialized — workers=2, sync_events=['DRAWDOWN_LIMIT', 'KILL_SWITCH']"}
{"ts": "2026-05-11T15:32:37.976Z", "lvl": "DEBUG", "cat": "system", "component": "event_bus", "msg": "Subscribed: TestEventBusPublish.test_publish_returns_handler_count.<locals>.h1 → HEARTBEAT"}
{"ts": "2026-05-11T15:32:37.977Z", "lvl": "DEBUG", "cat": "system", "component": "event_bus", "msg": "Subscribed: TestEventBusPublish.test_publish_returns_handler_count.<locals>.h2 → HEARTBEAT"}
{"ts": "2026-05-11T15:32:37.977Z", "lvl": "DEBUG", "cat": "system", "component": "event_bus", "msg": "Published HEARTBEAT from='' handlers=2 sync=False"}
{"ts": "2026-05-11T15:32:37.977Z", "lvl": "INFO", "cat": "system", "component": "event_bus", "msg": "EventBus: shutting down thread pool (waiting for handlers)..."}
{"ts": "2026-05-11T15:32:37.978Z", "lvl": "INFO", "cat": "system", "component": "event_bus", "msg": "EventBus: thread pool stopped cleanly"}
{"ts": "2026-05-11T15:32:37.978Z", "lvl": "INFO", "cat": "system", "component": "event_bus", "msg": "EventBus v2 initialized — workers=2, sync_events=['DRAWDOWN_LIMIT', 'KILL_SWITCH']"}
{"ts": "2026-05-11T15:32:37.979Z", "lvl": "DEBUG", "cat": "system", "component": "event_bus", "msg": "Subscribed: TestEventBusPublish.test_correlation_id_passed_through.<locals>.handler → SIGNAL_GENERATED"}
{"ts": "2026-05-11T15:32:37.980Z", "lvl": "DEBUG", "cat": "system", "component": "event_bus", "msg": "Published SIGNAL_GENERATED from='' handlers=1 sync=False"}
{"ts": "2026-05-11T15:32:38.181Z", "lvl": "INFO", "cat": "system", "component": "event_bus", "msg": "EventBus: shutting down thread pool (waiting for handlers)..."}
{"ts": "2026-05-11T15:32:38.182Z", "lvl": "INFO", "cat": "system", "component": "event_bus", "msg": "EventBus: thread pool stopped cleanly"}
{"ts": "2026-05-11T15:32:38.183Z", "lvl": "INFO", "cat": "system", "component": "event_bus", "msg": "EventBus v2 initialized — workers=2, sync_events=['DRAWDOWN_LIMIT', 'KILL_SWITCH']"}
{"ts": "2026-05-11T15:32:38.183Z", "lvl": "DEBUG", "cat": "system", "component": "event_bus", "msg": "Subscribed: TestSynchronousEvents.test_kill_switch_is_synchronous.<locals>.handler → KILL_SWITCH"}
{"ts": "2026-05-11T15:32:38.233Z", "lvl": "DEBUG", "cat": "system", "component": "event_bus", "msg": "Published KILL_SWITCH from='' handlers=1 sync=True"}
{"ts": "2026-05-11T15:32:38.234Z", "lvl": "INFO", "cat": "system", "component": "event_bus", "msg": "EventBus: shutting down thread pool (waiting for handlers)..."}
{"ts": "2026-05-11T15:32:38.234Z", "lvl": "INFO", "cat": "system", "component": "event_bus", "msg": "EventBus: thread pool stopped cleanly"}
{"ts": "2026-05-11T15:32:38.235Z", "lvl": "INFO", "cat": "system", "component": "event_bus", "msg": "EventBus v2 initialized — workers=2, sync_events=['DRAWDOWN_LIMIT', 'KILL_SWITCH']"}
{"ts": "2026-05-11T15:32:38.235Z", "lvl": "DEBUG", "cat": "system", "component": "event_bus", "msg": "Subscribed: TestSynchronousEvents.test_drawdown_limit_is_synchronous.<locals>.handler → DRAWDOWN_LIMIT"}
{"ts": "2026-05-11T15:32:38.235Z", "lvl": "DEBUG", "cat": "system", "component": "event_bus", "msg": "Published DRAWDOWN_LIMIT from='' handlers=1 sync=True"}
{"ts": "2026-05-11T15:32:38.236Z", "lvl": "INFO", "cat": "system", "component": "event_bus", "msg": "EventBus: shutting down thread pool (waiting for handlers)..."}
{"ts": "2026-05-11T15:32:38.236Z", "lvl": "INFO", "cat": "system", "component": "event_bus", "msg": "EventBus: thread pool stopped cleanly"}
{"ts": "2026-05-11T15:32:38.237Z", "lvl": "INFO", "cat": "system", "component": "event_bus", "msg": "EventBus v2 initialized — workers=2, sync_events=['DRAWDOWN_LIMIT', 'KILL_SWITCH']"}
{"ts": "2026-05-11T15:32:38.237Z", "lvl": "DEBUG", "cat": "system", "component": "event_bus", "msg": "Subscribed: TestExceptionHandling.test_bad_handler_does_not_crash_bus.<locals>.bad_handler → HEARTBEAT"}
{"ts": "2026-05-11T15:32:38.238Z", "lvl": "DEBUG", "cat": "system", "component": "event_bus", "msg": "Subscribed: TestExceptionHandling.test_bad_handler_does_not_crash_bus.<locals>.good_handler → HEARTBEAT"}
{"ts": "2026-05-11T15:32:38.238Z", "lvl": "ERROR", "cat": "system", "component": "event_bus", "msg": "Handler TestExceptionHandling.test_bad_handler_does_not_crash_bus.<locals>.bad_handler failed on HEARTBEAT: intentional error", "stack_trace": "Traceback (most recent call last):\n  File \"C:\\Users\\p venkata naveen\\Cursor ai\\Quant_Forex_V3\\QUANT_ENGINE_2026\\core\\event_bus.py\", line 339, in _invoke_handler\n    handler(event)\n  File \"C:\\Users\\p venkata naveen\\Cursor ai\\Quant_Forex_V3\\QUANT_ENGINE_2026\\tests\\test_event_bus.py\", line 114, in bad_handler\n    raise ValueError(\"intentional error\")\nValueError: intentional error"}
{"ts": "2026-05-11T15:32:38.238Z", "lvl": "DEBUG", "cat": "system", "component": "event_bus", "msg": "Published HEARTBEAT from='' handlers=2 sync=False"}
{"ts": "2026-05-11T15:32:38.549Z", "lvl": "INFO", "cat": "system", "component": "event_bus", "msg": "EventBus: shutting down thread pool (waiting for handlers)..."}
{"ts": "2026-05-11T15:32:38.550Z", "lvl": "INFO", "cat": "system", "component": "event_bus", "msg": "EventBus: thread pool stopped cleanly"}
{"ts": "2026-05-11T15:32:38.551Z", "lvl": "INFO", "cat": "system", "component": "event_bus", "msg": "EventBus v2 initialized — workers=2, sync_events=['DRAWDOWN_LIMIT', 'KILL_SWITCH']"}
{"ts": "2026-05-11T15:32:38.552Z", "lvl": "DEBUG", "cat": "system", "component": "event_bus", "msg": "Subscribed: TestExceptionHandling.test_failure_count_increments.<locals>.bad_handler → HEARTBEAT"}
{"ts": "2026-05-11T15:32:38.553Z", "lvl": "ERROR", "cat": "system", "component": "event_bus", "msg": "Handler TestExceptionHandling.test_failure_count_increments.<locals>.bad_handler failed on HEARTBEAT: boom", "stack_trace": "Traceback (most recent call last):\n  File \"C:\\Users\\p venkata naveen\\Cursor ai\\Quant_Forex_V3\\QUANT_ENGINE_2026\\core\\event_bus.py\", line 339, in _invoke_handler\n    handler(event)\n  File \"C:\\Users\\p venkata naveen\\Cursor ai\\Quant_Forex_V3\\QUANT_ENGINE_2026\\tests\\test_event_bus.py\", line 127, in bad_handler\n    raise RuntimeError(\"boom\")\nRuntimeError: boom"}
{"ts": "2026-05-11T15:32:38.553Z", "lvl": "DEBUG", "cat": "system", "component": "event_bus", "msg": "Published HEARTBEAT from='' handlers=1 sync=False"}
{"ts": "2026-05-11T15:32:38.855Z", "lvl": "INFO", "cat": "system", "component": "event_bus", "msg": "EventBus: shutting down thread pool (waiting for handlers)..."}
{"ts": "2026-05-11T15:32:38.856Z", "lvl": "INFO", "cat": "system", "component": "event_bus", "msg": "EventBus: thread pool stopped cleanly"}
{"ts": "2026-05-11T15:32:38.856Z", "lvl": "INFO", "cat": "system", "component": "event_bus", "msg": "EventBus v2 initialized — workers=2, sync_events=['DRAWDOWN_LIMIT', 'KILL_SWITCH']"}
{"ts": "2026-05-11T15:32:38.857Z", "lvl": "INFO", "cat": "system", "component": "event_bus", "msg": "EventBus: shutting down thread pool (waiting for handlers)..."}
{"ts": "2026-05-11T15:32:38.857Z", "lvl": "INFO", "cat": "system", "component": "event_bus", "msg": "EventBus: thread pool stopped cleanly"}
{"ts": "2026-05-11T15:32:38.858Z", "lvl": "INFO", "cat": "system", "component": "event_bus", "msg": "EventBus v2 initialized — workers=2, sync_events=['DRAWDOWN_LIMIT', 'KILL_SWITCH']"}
{"ts": "2026-05-11T15:32:38.858Z", "lvl": "DEBUG", "cat": "system", "component": "event_bus", "msg": "No subscribers for: HEARTBEAT"}
{"ts": "2026-05-11T15:32:38.858Z", "lvl": "DEBUG", "cat": "system", "component": "event_bus", "msg": "No subscribers for: HEARTBEAT"}
{"ts": "2026-05-11T15:32:38.859Z", "lvl": "INFO", "cat": "system", "component": "event_bus", "msg": "EventBus: shutting down thread pool (waiting for handlers)..."}
{"ts": "2026-05-11T15:32:38.859Z", "lvl": "INFO", "cat": "system", "component": "event_bus", "msg": "EventBus: thread pool stopped cleanly"}
{"ts": "2026-05-11T15:32:38.859Z", "lvl": "INFO", "cat": "system", "component": "event_bus", "msg": "EventBus v2 initialized — workers=2, sync_events=['DRAWDOWN_LIMIT', 'KILL_SWITCH']"}
{"ts": "2026-05-11T15:32:38.860Z", "lvl": "DEBUG", "cat": "system", "component": "event_bus", "msg": "No subscribers for: HEARTBEAT"}
{"ts": "2026-05-11T15:32:38.962Z", "lvl": "INFO", "cat": "system", "component": "event_bus", "msg": "EventBus: shutting down thread pool (waiting for handlers)..."}
{"ts": "2026-05-11T15:32:38.962Z", "lvl": "INFO", "cat": "system", "component": "event_bus", "msg": "EventBus: thread pool stopped cleanly"}
{"ts": "2026-05-11T15:32:38.963Z", "lvl": "INFO", "cat": "system", "component": "event_bus", "msg": "EventBus v2 initialized — workers=2, sync_events=['DRAWDOWN_LIMIT', 'KILL_SWITCH']"}
{"ts": "2026-05-11T15:32:38.964Z", "lvl": "DEBUG", "cat": "system", "component": "event_bus", "msg": "Subscribed: TestConcurrency.test_concurrent_publish_thread_safe.<locals>.handler → MARKET_DATA"}
{"ts": "2026-05-11T15:32:38.964Z", "lvl": "DEBUG", "cat": "system", "component": "event_bus", "msg": "Published MARKET_DATA from='' handlers=1 sync=False"}
{"ts": "2026-05-11T15:32:38.965Z", "lvl": "DEBUG", "cat": "system", "component": "event_bus", "msg": "Published MARKET_DATA from='' handlers=1 sync=False"}
{"ts": "2026-05-11T15:32:38.965Z", "lvl": "DEBUG", "cat": "system", "component": "event_bus", "msg": "Published MARKET_DATA from='' handlers=1 sync=False"}
{"ts": "2026-05-11T15:32:38.965Z", "lvl": "DEBUG", "cat": "system", "component": "event_bus", "msg": "Published MARKET_DATA from='' handlers=1 sync=False"}
{"ts": "2026-05-11T15:32:38.965Z", "lvl": "DEBUG", "cat": "system", "component": "event_bus", "msg": "Published MARKET_DATA from='' handlers=1 sync=False"}
{"ts": "2026-05-11T15:32:38.966Z", "lvl": "DEBUG", "cat": "system", "component": "event_bus", "msg": "Published MARKET_DATA from='' handlers=1 sync=False"}
{"ts": "2026-05-11T15:32:38.966Z", "lvl": "DEBUG", "cat": "system", "component": "event_bus", "msg": "Published MARKET_DATA from='' handlers=1 sync=False"}
{"ts": "2026-05-11T15:32:38.966Z", "lvl": "DEBUG", "cat": "system", "component": "event_bus", "msg": "Published MARKET_DATA from='' handlers=1 sync=False"}
{"ts": "2026-05-11T15:32:38.966Z", "lvl": "DEBUG", "cat": "system", "component": "event_bus", "msg": "Published MARKET_DATA from='' handlers=1 sync=False"}
{"ts": "2026-05-11T15:32:38.967Z", "lvl": "DEBUG", "cat": "system", "component": "event_bus", "msg": "Published MARKET_DATA from='' handlers=1 sync=False"}
{"ts": "2026-05-11T15:32:38.967Z", "lvl": "DEBUG", "cat": "system", "component": "event_bus", "msg": "Published MARKET_DATA from='' handlers=1 sync=False"}
{"ts": "2026-05-11T15:32:38.967Z", "lvl": "DEBUG", "cat": "system", "component": "event_bus", "msg": "Published MARKET_DATA from='' handlers=1 sync=False"}
{"ts": "2026-05-11T15:32:38.967Z", "lvl": "DEBUG", "cat": "system", "component": "event_bus", "msg": "Published MARKET_DATA from='' handlers=1 sync=False"}
{"ts": "2026-05-11T15:32:38.967Z", "lvl": "DEBUG", "cat": "system", "component": "event_bus", "msg": "Published MARKET_DATA from='' handlers=1 sync=False"}
{"ts": "2026-05-11T15:32:38.968Z", "lvl": "DEBUG", "cat": "system", "component": "event_bus", "msg": "Published MARKET_DATA from='' handlers=1 sync=False"}
{"ts": "2026-05-11T15:32:38.968Z", "lvl": "DEBUG", "cat": "system", "component": "event_bus", "msg": "Published MARKET_DATA from='' handlers=1 sync=False"}
{"ts": "2026-05-11T15:32:38.968Z", "lvl": "DEBUG", "cat": "system", "component": "event_bus", "msg": "Published MARKET_DATA from='' handlers=1 sync=False"}
{"ts": "2026-05-11T15:32:38.968Z", "lvl": "DEBUG", "cat": "system", "component": "event_bus", "msg": "Published MARKET_DATA from='' handlers=1 sync=False"}
{"ts": "2026-05-11T15:32:38.969Z", "lvl": "DEBUG", "cat": "system", "component": "event_bus", "msg": "Published MARKET_DATA from='' handlers=1 sync=False"}
{"ts": "2026-05-11T15:32:38.969Z", "lvl": "DEBUG", "cat": "system", "component": "event_bus", "msg": "Published MARKET_DATA from='' handlers=1 sync=False"}
{"ts": "2026-05-11T15:32:38.969Z", "lvl": "DEBUG", "cat": "system", "component": "event_bus", "msg": "Published MARKET_DATA from='' handlers=1 sync=False"}
{"ts": "2026-05-11T15:32:38.969Z", "lvl": "DEBUG", "cat": "system", "component": "event_bus", "msg": "Published MARKET_DATA from='' handlers=1 sync=False"}
{"ts": "2026-05-11T15:32:38.970Z", "lvl": "DEBUG", "cat": "system", "component": "event_bus", "msg": "Published MARKET_DATA from='' handlers=1 sync=False"}
{"ts": "2026-05-11T15:32:38.970Z", "lvl": "DEBUG", "cat": "system", "component": "event_bus", "msg": "Published MARKET_DATA from='' handlers=1 sync=False"}
{"ts": "2026-05-11T15:32:38.970Z", "lvl": "DEBUG", "cat": "system", "component": "event_bus", "msg": "Published MARKET_DATA from='' handlers=1 sync=False"}
{"ts": "2026-05-11T15:32:38.970Z", "lvl": "DEBUG", "cat": "system", "component": "event_bus", "msg": "Published MARKET_DATA from='' handlers=1 sync=False"}
{"ts": "2026-05-11T15:32:38.970Z", "lvl": "DEBUG", "cat": "system", "component": "event_bus", "msg": "Published MARKET_DATA from='' handlers=1 sync=False"}
{"ts": "2026-05-11T15:32:38.971Z", "lvl": "DEBUG", "cat": "system", "component": "event_bus", "msg": "Published MARKET_DATA from='' handlers=1 sync=False"}
{"ts": "2026-05-11T15:32:38.971Z", "lvl": "DEBUG", "cat": "system", "component": "event_bus", "msg": "Published MARKET_DATA from='' handlers=1 sync=False"}
{"ts": "2026-05-11T15:32:38.971Z", "lvl": "DEBUG", "cat": "system", "component": "event_bus", "msg": "Published MARKET_DATA from='' handlers=1 sync=False"}
{"ts": "2026-05-11T15:32:38.971Z", "lvl": "DEBUG", "cat": "system", "component": "event_bus", "msg": "Published MARKET_DATA from='' handlers=1 sync=False"}
{"ts": "2026-05-11T15:32:38.971Z", "lvl": "DEBUG", "cat": "system", "component": "event_bus", "msg": "Published MARKET_DATA from='' handlers=1 sync=False"}
{"ts": "2026-05-11T15:32:38.972Z", "lvl": "DEBUG", "cat": "system", "component": "event_bus", "msg": "Published MARKET_DATA from='' handlers=1 sync=False"}
{"ts": "2026-05-11T15:32:38.972Z", "lvl": "DEBUG", "cat": "system", "component": "event_bus", "msg": "Published MARKET_DATA from='' handlers=1 sync=False"}
{"ts": "2026-05-11T15:32:38.972Z", "lvl": "DEBUG", "cat": "system", "component": "event_bus", "msg": "Published MARKET_DATA from='' handlers=1 sync=False"}
{"ts": "2026-05-11T15:32:38.972Z", "lvl": "DEBUG", "cat": "system", "component": "event_bus", "msg": "Published MARKET_DATA from='' handlers=1 sync=False"}
{"ts": "2026-05-11T15:32:38.973Z", "lvl": "DEBUG", "cat": "system", "component": "event_bus", "msg": "Published MARKET_DATA from='' handlers=1 sync=False"}
{"ts": "2026-05-11T15:32:38.973Z", "lvl": "DEBUG", "cat": "system", "component": "event_bus", "msg": "Published MARKET_DATA from='' handlers=1 sync=False"}
{"ts": "2026-05-11T15:32:38.973Z", "lvl": "DEBUG", "cat": "system", "component": "event_bus", "msg": "Published MARKET_DATA from='' handlers=1 sync=False"}
{"ts": "2026-05-11T15:32:38.974Z", "lvl": "DEBUG", "cat": "system", "component": "event_bus", "msg": "Published MARKET_DATA from='' handlers=1 sync=False"}
{"ts": "2026-05-11T15:32:38.974Z", "lvl": "DEBUG", "cat": "system", "component": "event_bus", "msg": "Published MARKET_DATA from='' handlers=1 sync=False"}
{"ts": "2026-05-11T15:32:38.974Z", "lvl": "DEBUG", "cat": "system", "component": "event_bus", "msg": "Published MARKET_DATA from='' handlers=1 sync=False"}
{"ts": "2026-05-11T15:32:38.974Z", "lvl": "DEBUG", "cat": "system", "component": "event_bus", "msg": "Published MARKET_DATA from='' handlers=1 sync=False"}
{"ts": "2026-05-11T15:32:38.974Z", "lvl": "DEBUG", "cat": "system", "component": "event_bus", "msg": "Published MARKET_DATA from='' handlers=1 sync=False"}
{"ts": "2026-05-11T15:32:38.975Z", "lvl": "DEBUG", "cat": "system", "component": "event_bus", "msg": "Published MARKET_DATA from='' handlers=1 sync=False"}
{"ts": "2026-05-11T15:32:38.975Z", "lvl": "DEBUG", "cat": "system", "component": "event_bus", "msg": "Published MARKET_DATA from='' handlers=1 sync=False"}
{"ts": "2026-05-11T15:32:38.975Z", "lvl": "DEBUG", "cat": "system", "component": "event_bus", "msg": "Published MARKET_DATA from='' handlers=1 sync=False"}
{"ts": "2026-05-11T15:32:38.975Z", "lvl": "DEBUG", "cat": "system", "component": "event_bus", "msg": "Published MARKET_DATA from='' handlers=1 sync=False"}
{"ts": "2026-05-11T15:32:38.976Z", "lvl": "DEBUG", "cat": "system", "component": "event_bus", "msg": "Published MARKET_DATA from='' handlers=1 sync=False"}
{"ts": "2026-05-11T15:32:38.976Z", "lvl": "DEBUG", "cat": "system", "component": "event_bus", "msg": "Published MARKET_DATA from='' handlers=1 sync=False"}
{"ts": "2026-05-11T15:32:38.976Z", "lvl": "DEBUG", "cat": "system", "component": "event_bus", "msg": "Published MARKET_DATA from='' handlers=1 sync=False"}
{"ts": "2026-05-11T15:32:38.976Z", "lvl": "DEBUG", "cat": "system", "component": "event_bus", "msg": "Published MARKET_DATA from='' handlers=1 sync=False"}
{"ts": "2026-05-11T15:32:38.976Z", "lvl": "DEBUG", "cat": "system", "component": "event_bus", "msg": "Published MARKET_DATA from='' handlers=1 sync=False"}
{"ts": "2026-05-11T15:32:38.977Z", "lvl": "DEBUG", "cat": "system", "component": "event_bus", "msg": "Published MARKET_DATA from='' handlers=1 sync=False"}
{"ts": "2026-05-11T15:32:38.977Z", "lvl": "DEBUG", "cat": "system", "component": "event_bus", "msg": "Published MARKET_DATA from='' handlers=1 sync=False"}
{"ts": "2026-05-11T15:32:38.977Z", "lvl": "DEBUG", "cat": "system", "component": "event_bus", "msg": "Published MARKET_DATA from='' handlers=1 sync=False"}
{"ts": "2026-05-11T15:32:38.977Z", "lvl": "DEBUG", "cat": "system", "component": "event_bus", "msg": "Published MARKET_DATA from='' handlers=1 sync=False"}
{"ts": "2026-05-11T15:32:38.977Z", "lvl": "DEBUG", "cat": "system", "component": "event_bus", "msg": "Published MARKET_DATA from='' handlers=1 sync=False"}
{"ts": "2026-05-11T15:32:38.978Z", "lvl": "DEBUG", "cat": "system", "component": "event_bus", "msg": "Published MARKET_DATA from='' handlers=1 sync=False"}
{"ts": "2026-05-11T15:32:38.978Z", "lvl": "DEBUG", "cat": "system", "component": "event_bus", "msg": "Published MARKET_DATA from='' handlers=1 sync=False"}
{"ts": "2026-05-11T15:32:38.978Z", "lvl": "DEBUG", "cat": "system", "component": "event_bus", "msg": "Published MARKET_DATA from='' handlers=1 sync=False"}
{"ts": "2026-05-11T15:32:38.978Z", "lvl": "DEBUG", "cat": "system", "component": "event_bus", "msg": "Published MARKET_DATA from='' handlers=1 sync=False"}
{"ts": "2026-05-11T15:32:38.978Z", "lvl": "DEBUG", "cat": "system", "component": "event_bus", "msg": "Published MARKET_DATA from='' handlers=1 sync=False"}
{"ts": "2026-05-11T15:32:38.978Z", "lvl": "DEBUG", "cat": "system", "component": "event_bus", "msg": "Published MARKET_DATA from='' handlers=1 sync=False"}
{"ts": "2026-05-11T15:32:38.978Z", "lvl": "DEBUG", "cat": "system", "component": "event_bus", "msg": "Published MARKET_DATA from='' handlers=1 sync=False"}
{"ts": "2026-05-11T15:32:38.979Z", "lvl": "DEBUG", "cat": "system", "component": "event_bus", "msg": "Published MARKET_DATA from='' handlers=1 sync=False"}
{"ts": "2026-05-11T15:32:38.979Z", "lvl": "DEBUG", "cat": "system", "component": "event_bus", "msg": "Published MARKET_DATA from='' handlers=1 sync=False"}
{"ts": "2026-05-11T15:32:38.979Z", "lvl": "DEBUG", "cat": "system", "component": "event_bus", "msg": "Published MARKET_DATA from='' handlers=1 sync=False"}
{"ts": "2026-05-11T15:32:38.979Z", "lvl": "DEBUG", "cat": "system", "component": "event_bus", "msg": "Published MARKET_DATA from='' handlers=1 sync=False"}
{"ts": "2026-05-11T15:32:38.979Z", "lvl": "DEBUG", "cat": "system", "component": "event_bus", "msg": "Published MARKET_DATA from='' handlers=1 sync=False"}
{"ts": "2026-05-11T15:32:38.979Z", "lvl": "DEBUG", "cat": "system", "component": "event_bus", "msg": "Published MARKET_DATA from='' handlers=1 sync=False"}
{"ts": "2026-05-11T15:32:38.980Z", "lvl": "DEBUG", "cat": "system", "component": "event_bus", "msg": "Published MARKET_DATA from='' handlers=1 sync=False"}
{"ts": "2026-05-11T15:32:38.980Z", "lvl": "DEBUG", "cat": "system", "component": "event_bus", "msg": "Published MARKET_DATA from='' handlers=1 sync=False"}
{"ts": "2026-05-11T15:32:38.980Z", "lvl": "DEBUG", "cat": "system", "component": "event_bus", "msg": "Published MARKET_DATA from='' handlers=1 sync=False"}
{"ts": "2026-05-11T15:32:38.980Z", "lvl": "DEBUG", "cat": "system", "component": "event_bus", "msg": "Published MARKET_DATA from='' handlers=1 sync=False"}
{"ts": "2026-05-11T15:32:38.981Z", "lvl": "DEBUG", "cat": "system", "component": "event_bus", "msg": "Published MARKET_DATA from='' handlers=1 sync=False"}
{"ts": "2026-05-11T15:32:38.981Z", "lvl": "DEBUG", "cat": "system", "component": "event_bus", "msg": "Published MARKET_DATA from='' handlers=1 sync=False"}
{"ts": "2026-05-11T15:32:38.981Z", "lvl": "DEBUG", "cat": "system", "component": "event_bus", "msg": "Published MARKET_DATA from='' handlers=1 sync=False"}
{"ts": "2026-05-11T15:32:38.981Z", "lvl": "DEBUG", "cat": "system", "component": "event_bus", "msg": "Published MARKET_DATA from='' handlers=1 sync=False"}
{"ts": "2026-05-11T15:32:38.982Z", "lvl": "DEBUG", "cat": "system", "component": "event_bus", "msg": "Published MARKET_DATA from='' handlers=1 sync=False"}
{"ts": "2026-05-11T15:32:38.982Z", "lvl": "DEBUG", "cat": "system", "component": "event_bus", "msg": "Published MARKET_DATA from='' handlers=1 sync=False"}
{"ts": "2026-05-11T15:32:38.982Z", "lvl": "DEBUG", "cat": "system", "component": "event_bus", "msg": "Published MARKET_DATA from='' handlers=1 sync=False"}
{"ts": "2026-05-11T15:32:38.982Z", "lvl": "DEBUG", "cat": "system", "component": "event_bus", "msg": "Published MARKET_DATA from='' handlers=1 sync=False"}
{"ts": "2026-05-11T15:32:38.982Z", "lvl": "DEBUG", "cat": "system", "component": "event_bus", "msg": "Published MARKET_DATA from='' handlers=1 sync=False"}
{"ts": "2026-05-11T15:32:38.983Z", "lvl": "DEBUG", "cat": "system", "component": "event_bus", "msg": "Published MARKET_DATA from='' handlers=1 sync=False"}
{"ts": "2026-05-11T15:32:38.983Z", "lvl": "DEBUG", "cat": "system", "component": "event_bus", "msg": "Published MARKET_DATA from='' handlers=1 sync=False"}
{"ts": "2026-05-11T15:32:38.983Z", "lvl": "DEBUG", "cat": "system", "component": "event_bus", "msg": "Published MARKET_DATA from='' handlers=1 sync=False"}
{"ts": "2026-05-11T15:32:38.983Z", "lvl": "DEBUG", "cat": "system", "component": "event_bus", "msg": "Published MARKET_DATA from='' handlers=1 sync=False"}
{"ts": "2026-05-11T15:32:38.983Z", "lvl": "DEBUG", "cat": "system", "component": "event_bus", "msg": "Published MARKET_DATA from='' handlers=1 sync=False"}
{"ts": "2026-05-11T15:32:38.983Z", "lvl": "DEBUG", "cat": "system", "component": "event_bus", "msg": "Published MARKET_DATA from='' handlers=1 sync=False"}
{"ts": "2026-05-11T15:32:38.984Z", "lvl": "DEBUG", "cat": "system", "component": "event_bus", "msg": "Published MARKET_DATA from='' handlers=1 sync=False"}
{"ts": "2026-05-11T15:32:38.984Z", "lvl": "DEBUG", "cat": "system", "component": "event_bus", "msg": "Published MARKET_DATA from='' handlers=1 sync=False"}
{"ts": "2026-05-11T15:32:38.984Z", "lvl": "DEBUG", "cat": "system", "component": "event_bus", "msg": "Published MARKET_DATA from='' handlers=1 sync=False"}
{"ts": "2026-05-11T15:32:38.985Z", "lvl": "DEBUG", "cat": "system", "component": "event_bus", "msg": "Published MARKET_DATA from='' handlers=1 sync=False"}
{"ts": "2026-05-11T15:32:38.985Z", "lvl": "DEBUG", "cat": "system", "component": "event_bus", "msg": "Published MARKET_DATA from='' handlers=1 sync=False"}
{"ts": "2026-05-11T15:32:38.985Z", "lvl": "DEBUG", "cat": "system", "component": "event_bus", "msg": "Published MARKET_DATA from='' handlers=1 sync=False"}
{"ts": "2026-05-11T15:32:38.985Z", "lvl": "DEBUG", "cat": "system", "component": "event_bus", "msg": "Published MARKET_DATA from='' handlers=1 sync=False"}
{"ts": "2026-05-11T15:32:38.985Z", "lvl": "DEBUG", "cat": "system", "component": "event_bus", "msg": "Published MARKET_DATA from='' handlers=1 sync=False"}
{"ts": "2026-05-11T15:32:38.985Z", "lvl": "DEBUG", "cat": "system", "component": "event_bus", "msg": "Published MARKET_DATA from='' handlers=1 sync=False"}
{"ts": "2026-05-11T15:32:38.986Z", "lvl": "DEBUG", "cat": "system", "component": "event_bus", "msg": "Published MARKET_DATA from='' handlers=1 sync=False"}
{"ts": "2026-05-11T15:32:38.986Z", "lvl": "DEBUG", "cat": "system", "component": "event_bus", "msg": "Published MARKET_DATA from='' handlers=1 sync=False"}
{"ts": "2026-05-11T15:32:38.987Z", "lvl": "DEBUG", "cat": "system", "component": "event_bus", "msg": "Published MARKET_DATA from='' handlers=1 sync=False"}
{"ts": "2026-05-11T15:32:38.987Z", "lvl": "DEBUG", "cat": "system", "component": "event_bus", "msg": "Published MARKET_DATA from='' handlers=1 sync=False"}
{"ts": "2026-05-11T15:32:38.987Z", "lvl": "DEBUG", "cat": "system", "component": "event_bus", "msg": "Published MARKET_DATA from='' handlers=1 sync=False"}
{"ts": "2026-05-11T15:32:38.987Z", "lvl": "DEBUG", "cat": "system", "component": "event_bus", "msg": "Published MARKET_DATA from='' handlers=1 sync=False"}
{"ts": "2026-05-11T15:32:38.988Z", "lvl": "DEBUG", "cat": "system", "component": "event_bus", "msg": "Published MARKET_DATA from='' handlers=1 sync=False"}
{"ts": "2026-05-11T15:32:38.988Z", "lvl": "DEBUG", "cat": "system", "component": "event_bus", "msg": "Published MARKET_DATA from='' handlers=1 sync=False"}
{"ts": "2026-05-11T15:32:38.988Z", "lvl": "DEBUG", "cat": "system", "component": "event_bus", "msg": "Published MARKET_DATA from='' handlers=1 sync=False"}
{"ts": "2026-05-11T15:32:38.989Z", "lvl": "DEBUG", "cat": "system", "component": "event_bus", "msg": "Published MARKET_DATA from='' handlers=1 sync=False"}
{"ts": "2026-05-11T15:32:38.989Z", "lvl": "DEBUG", "cat": "system", "component": "event_bus", "msg": "Published MARKET_DATA from='' handlers=1 sync=False"}
{"ts": "2026-05-11T15:32:38.989Z", "lvl": "DEBUG", "cat": "system", "component": "event_bus", "msg": "Published MARKET_DATA from='' handlers=1 sync=False"}
{"ts": "2026-05-11T15:32:38.989Z", "lvl": "DEBUG", "cat": "system", "component": "event_bus", "msg": "Published MARKET_DATA from='' handlers=1 sync=False"}
{"ts": "2026-05-11T15:32:38.989Z", "lvl": "DEBUG", "cat": "system", "component": "event_bus", "msg": "Published MARKET_DATA from='' handlers=1 sync=False"}
{"ts": "2026-05-11T15:32:38.989Z", "lvl": "DEBUG", "cat": "system", "component": "event_bus", "msg": "Published MARKET_DATA from='' handlers=1 sync=False"}
{"ts": "2026-05-11T15:32:38.990Z", "lvl": "DEBUG", "cat": "system", "component": "event_bus", "msg": "Published MARKET_DATA from='' handlers=1 sync=False"}
{"ts": "2026-05-11T15:32:38.990Z", "lvl": "DEBUG", "cat": "system", "component": "event_bus", "msg": "Published MARKET_DATA from='' handlers=1 sync=False"}
{"ts": "2026-05-11T15:32:38.990Z", "lvl": "DEBUG", "cat": "system", "component": "event_bus", "msg": "Published MARKET_DATA from='' handlers=1 sync=False"}
{"ts": "2026-05-11T15:32:38.990Z", "lvl": "DEBUG", "cat": "system", "component": "event_bus", "msg": "Published MARKET_DATA from='' handlers=1 sync=False"}
{"ts": "2026-05-11T15:32:38.990Z", "lvl": "DEBUG", "cat": "system", "component": "event_bus", "msg": "Published MARKET_DATA from='' handlers=1 sync=False"}
{"ts": "2026-05-11T15:32:38.990Z", "lvl": "DEBUG", "cat": "system", "component": "event_bus", "msg": "Published MARKET_DATA from='' handlers=1 sync=False"}
{"ts": "2026-05-11T15:32:38.991Z", "lvl": "DEBUG", "cat": "system", "component": "event_bus", "msg": "Published MARKET_DATA from='' handlers=1 sync=False"}
{"ts": "2026-05-11T15:32:38.991Z", "lvl": "DEBUG", "cat": "system", "component": "event_bus", "msg": "Published MARKET_DATA from='' handlers=1 sync=False"}
{"ts": "2026-05-11T15:32:38.991Z", "lvl": "DEBUG", "cat": "system", "component": "event_bus", "msg": "Published MARKET_DATA from='' handlers=1 sync=False"}
{"ts": "2026-05-11T15:32:38.991Z", "lvl": "DEBUG", "cat": "system", "component": "event_bus", "msg": "Published MARKET_DATA from='' handlers=1 sync=False"}
{"ts": "2026-05-11T15:32:38.991Z", "lvl": "DEBUG", "cat": "system", "component": "event_bus", "msg": "Published MARKET_DATA from='' handlers=1 sync=False"}
{"ts": "2026-05-11T15:32:38.991Z", "lvl": "DEBUG", "cat": "system", "component": "event_bus", "msg": "Published MARKET_DATA from='' handlers=1 sync=False"}
{"ts": "2026-05-11T15:32:38.992Z", "lvl": "DEBUG", "cat": "system", "component": "event_bus", "msg": "Published MARKET_DATA from='' handlers=1 sync=False"}
{"ts": "2026-05-11T15:32:38.992Z", "lvl": "DEBUG", "cat": "system", "component": "event_bus", "msg": "Published MARKET_DATA from='' handlers=1 sync=False"}
{"ts": "2026-05-11T15:32:38.992Z", "lvl": "DEBUG", "cat": "system", "component": "event_bus", "msg": "Published MARKET_DATA from='' handlers=1 sync=False"}
{"ts": "2026-05-11T15:32:38.992Z", "lvl": "DEBUG", "cat": "system", "component": "event_bus", "msg": "Published MARKET_DATA from='' handlers=1 sync=False"}
{"ts": "2026-05-11T15:32:38.992Z", "lvl": "DEBUG", "cat": "system", "component": "event_bus", "msg": "Published MARKET_DATA from='' handlers=1 sync=False"}
{"ts": "2026-05-11T15:32:38.993Z", "lvl": "DEBUG", "cat": "system", "component": "event_bus", "msg": "Published MARKET_DATA from='' handlers=1 sync=False"}
{"ts": "2026-05-11T15:32:38.993Z", "lvl": "DEBUG", "cat": "system", "component": "event_bus", "msg": "Published MARKET_DATA from='' handlers=1 sync=False"}
{"ts": "2026-05-11T15:32:38.993Z", "lvl": "DEBUG", "cat": "system", "component": "event_bus", "msg": "Published MARKET_DATA from='' handlers=1 sync=False"}
{"ts": "2026-05-11T15:32:38.993Z", "lvl": "DEBUG", "cat": "system", "component": "event_bus", "msg": "Published MARKET_DATA from='' handlers=1 sync=False"}
{"ts": "2026-05-11T15:32:38.993Z", "lvl": "DEBUG", "cat": "system", "component": "event_bus", "msg": "Published MARKET_DATA from='' handlers=1 sync=False"}
{"ts": "2026-05-11T15:32:38.993Z", "lvl": "DEBUG", "cat": "system", "component": "event_bus", "msg": "Published MARKET_DATA from='' handlers=1 sync=False"}
{"ts": "2026-05-11T15:32:38.993Z", "lvl": "DEBUG", "cat": "system", "component": "event_bus", "msg": "Published MARKET_DATA from='' handlers=1 sync=False"}
{"ts": "2026-05-11T15:32:38.993Z", "lvl": "DEBUG", "cat": "system", "component": "event_bus", "msg": "Published MARKET_DATA from='' handlers=1 sync=False"}
{"ts": "2026-05-11T15:32:38.994Z", "lvl": "DEBUG", "cat": "system", "component": "event_bus", "msg": "Published MARKET_DATA from='' handlers=1 sync=False"}
{"ts": "2026-05-11T15:32:38.994Z", "lvl": "DEBUG", "cat": "system", "component": "event_bus", "msg": "Published MARKET_DATA from='' handlers=1 sync=False"}
{"ts": "2026-05-11T15:32:38.994Z", "lvl": "DEBUG", "cat": "system", "component": "event_bus", "msg": "Published MARKET_DATA from='' handlers=1 sync=False"}
{"ts": "2026-05-11T15:32:38.994Z", "lvl": "DEBUG", "cat": "system", "component": "event_bus", "msg": "Published MARKET_DATA from='' handlers=1 sync=False"}
{"ts": "2026-05-11T15:32:38.994Z", "lvl": "DEBUG", "cat": "system", "component": "event_bus", "msg": "Published MARKET_DATA from='' handlers=1 sync=False"}
{"ts": "2026-05-11T15:32:38.994Z", "lvl": "DEBUG", "cat": "system", "component": "event_bus", "msg": "Published MARKET_DATA from='' handlers=1 sync=False"}
{"ts": "2026-05-11T15:32:38.994Z", "lvl": "DEBUG", "cat": "system", "component": "event_bus", "msg": "Published MARKET_DATA from='' handlers=1 sync=False"}
{"ts": "2026-05-11T15:32:38.995Z", "lvl": "DEBUG", "cat": "system", "component": "event_bus", "msg": "Published MARKET_DATA from='' handlers=1 sync=False"}
{"ts": "2026-05-11T15:32:38.995Z", "lvl": "DEBUG", "cat": "system", "component": "event_bus", "msg": "Published MARKET_DATA from='' handlers=1 sync=False"}
{"ts": "2026-05-11T15:32:38.995Z", "lvl": "DEBUG", "cat": "system", "component": "event_bus", "msg": "Published MARKET_DATA from='' handlers=1 sync=False"}
{"ts": "2026-05-11T15:32:38.995Z", "lvl": "DEBUG", "cat": "system", "component": "event_bus", "msg": "Published MARKET_DATA from='' handlers=1 sync=False"}
{"ts": "2026-05-11T15:32:38.996Z", "lvl": "DEBUG", "cat": "system", "component": "event_bus", "msg": "Published MARKET_DATA from='' handlers=1 sync=False"}
{"ts": "2026-05-11T15:32:38.996Z", "lvl": "DEBUG", "cat": "system", "component": "event_bus", "msg": "Published MARKET_DATA from='' handlers=1 sync=False"}
{"ts": "2026-05-11T15:32:38.996Z", "lvl": "DEBUG", "cat": "system", "component": "event_bus", "msg": "Published MARKET_DATA from='' handlers=1 sync=False"}
{"ts": "2026-05-11T15:32:38.996Z", "lvl": "DEBUG", "cat": "system", "component": "event_bus", "msg": "Published MARKET_DATA from='' handlers=1 sync=False"}
{"ts": "2026-05-11T15:32:38.996Z", "lvl": "DEBUG", "cat": "system", "component": "event_bus", "msg": "Published MARKET_DATA from='' handlers=1 sync=False"}
{"ts": "2026-05-11T15:32:38.996Z", "lvl": "DEBUG", "cat": "system", "component": "event_bus", "msg": "Published MARKET_DATA from='' handlers=1 sync=False"}
{"ts": "2026-05-11T15:32:38.997Z", "lvl": "DEBUG", "cat": "system", "component": "event_bus", "msg": "Published MARKET_DATA from='' handlers=1 sync=False"}
{"ts": "2026-05-11T15:32:38.997Z", "lvl": "DEBUG", "cat": "system", "component": "event_bus", "msg": "Published MARKET_DATA from='' handlers=1 sync=False"}
{"ts": "2026-05-11T15:32:38.997Z", "lvl": "DEBUG", "cat": "system", "component": "event_bus", "msg": "Published MARKET_DATA from='' handlers=1 sync=False"}
{"ts": "2026-05-11T15:32:38.997Z", "lvl": "DEBUG", "cat": "system", "component": "event_bus", "msg": "Published MARKET_DATA from='' handlers=1 sync=False"}
{"ts": "2026-05-11T15:32:38.997Z", "lvl": "DEBUG", "cat": "system", "component": "event_bus", "msg": "Published MARKET_DATA from='' handlers=1 sync=False"}
{"ts": "2026-05-11T15:32:38.997Z", "lvl": "DEBUG", "cat": "system", "component": "event_bus", "msg": "Published MARKET_DATA from='' handlers=1 sync=False"}
{"ts": "2026-05-11T15:32:38.998Z", "lvl": "DEBUG", "cat": "system", "component": "event_bus", "msg": "Published MARKET_DATA from='' handlers=1 sync=False"}
{"ts": "2026-05-11T15:32:38.998Z", "lvl": "DEBUG", "cat": "system", "component": "event_bus", "msg": "Published MARKET_DATA from='' handlers=1 sync=False"}
{"ts": "2026-05-11T15:32:38.998Z", "lvl": "DEBUG", "cat": "system", "component": "event_bus", "msg": "Published MARKET_DATA from='' handlers=1 sync=False"}
{"ts": "2026-05-11T15:32:38.998Z", "lvl": "DEBUG", "cat": "system", "component": "event_bus", "msg": "Published MARKET_DATA from='' handlers=1 sync=False"}
{"ts": "2026-05-11T15:32:38.998Z", "lvl": "DEBUG", "cat": "system", "component": "event_bus", "msg": "Published MARKET_DATA from='' handlers=1 sync=False"}
{"ts": "2026-05-11T15:32:38.999Z", "lvl": "DEBUG", "cat": "system", "component": "event_bus", "msg": "Published MARKET_DATA from='' handlers=1 sync=False"}
{"ts": "2026-05-11T15:32:38.999Z", "lvl": "DEBUG", "cat": "system", "component": "event_bus", "msg": "Published MARKET_DATA from='' handlers=1 sync=False"}
{"ts": "2026-05-11T15:32:38.999Z", "lvl": "DEBUG", "cat": "system", "component": "event_bus", "msg": "Published MARKET_DATA from='' handlers=1 sync=False"}
{"ts": "2026-05-11T15:32:38.999Z", "lvl": "DEBUG", "cat": "system", "component": "event_bus", "msg": "Published MARKET_DATA from='' handlers=1 sync=False"}
{"ts": "2026-05-11T15:32:38.999Z", "lvl": "DEBUG", "cat": "system", "component": "event_bus", "msg": "Published MARKET_DATA from='' handlers=1 sync=False"}
{"ts": "2026-05-11T15:32:38.999Z", "lvl": "DEBUG", "cat": "system", "component": "event_bus", "msg": "Published MARKET_DATA from='' handlers=1 sync=False"}
{"ts": "2026-05-11T15:32:39.000Z", "lvl": "DEBUG", "cat": "system", "component": "event_bus", "msg": "Published MARKET_DATA from='' handlers=1 sync=False"}
{"ts": "2026-05-11T15:32:39.000Z", "lvl": "DEBUG", "cat": "system", "component": "event_bus", "msg": "Published MARKET_DATA from='' handlers=1 sync=False"}
{"ts": "2026-05-11T15:32:39.000Z", "lvl": "DEBUG", "cat": "system", "component": "event_bus", "msg": "Published MARKET_DATA from='' handlers=1 sync=False"}
{"ts": "2026-05-11T15:32:39.000Z", "lvl": "DEBUG", "cat": "system", "component": "event_bus", "msg": "Published MARKET_DATA from='' handlers=1 sync=False"}
{"ts": "2026-05-11T15:32:39.000Z", "lvl": "DEBUG", "cat": "system", "component": "event_bus", "msg": "Published MARKET_DATA from='' handlers=1 sync=False"}
{"ts": "2026-05-11T15:32:39.000Z", "lvl": "DEBUG", "cat": "system", "component": "event_bus", "msg": "Published MARKET_DATA from='' handlers=1 sync=False"}
{"ts": "2026-05-11T15:32:39.001Z", "lvl": "DEBUG", "cat": "system", "component": "event_bus", "msg": "Published MARKET_DATA from='' handlers=1 sync=False"}
{"ts": "2026-05-11T15:32:39.001Z", "lvl": "DEBUG", "cat": "system", "component": "event_bus", "msg": "Published MARKET_DATA from='' handlers=1 sync=False"}
{"ts": "2026-05-11T15:32:39.002Z", "lvl": "DEBUG", "cat": "system", "component": "event_bus", "msg": "Published MARKET_DATA from='' handlers=1 sync=False"}
{"ts": "2026-05-11T15:32:39.002Z", "lvl": "DEBUG", "cat": "system", "component": "event_bus", "msg": "Published MARKET_DATA from='' handlers=1 sync=False"}
{"ts": "2026-05-11T15:32:39.002Z", "lvl": "DEBUG", "cat": "system", "component": "event_bus", "msg": "Published MARKET_DATA from='' handlers=1 sync=False"}
{"ts": "2026-05-11T15:32:39.002Z", "lvl": "DEBUG", "cat": "system", "component": "event_bus", "msg": "Published MARKET_DATA from='' handlers=1 sync=False"}
{"ts": "2026-05-11T15:32:39.002Z", "lvl": "DEBUG", "cat": "system", "component": "event_bus", "msg": "Published MARKET_DATA from='' handlers=1 sync=False"}
{"ts": "2026-05-11T15:32:39.003Z", "lvl": "DEBUG", "cat": "system", "component": "event_bus", "msg": "Published MARKET_DATA from='' handlers=1 sync=False"}
{"ts": "2026-05-11T15:32:39.003Z", "lvl": "DEBUG", "cat": "system", "component": "event_bus", "msg": "Published MARKET_DATA from='' handlers=1 sync=False"}
{"ts": "2026-05-11T15:32:39.003Z", "lvl": "DEBUG", "cat": "system", "component": "event_bus", "msg": "Published MARKET_DATA from='' handlers=1 sync=False"}
{"ts": "2026-05-11T15:32:39.003Z", "lvl": "DEBUG", "cat": "system", "component": "event_bus", "msg": "Published MARKET_DATA from='' handlers=1 sync=False"}
{"ts": "2026-05-11T15:32:39.003Z", "lvl": "DEBUG", "cat": "system", "component": "event_bus", "msg": "Published MARKET_DATA from='' handlers=1 sync=False"}
{"ts": "2026-05-11T15:32:39.003Z", "lvl": "DEBUG", "cat": "system", "component": "event_bus", "msg": "Published MARKET_DATA from='' handlers=1 sync=False"}
{"ts": "2026-05-11T15:32:39.004Z", "lvl": "DEBUG", "cat": "system", "component": "event_bus", "msg": "Published MARKET_DATA from='' handlers=1 sync=False"}
{"ts": "2026-05-11T15:32:39.004Z", "lvl": "DEBUG", "cat": "system", "component": "event_bus", "msg": "Published MARKET_DATA from='' handlers=1 sync=False"}
{"ts": "2026-05-11T15:32:39.004Z", "lvl": "DEBUG", "cat": "system", "component": "event_bus", "msg": "Published MARKET_DATA from='' handlers=1 sync=False"}
{"ts": "2026-05-11T15:32:39.004Z", "lvl": "DEBUG", "cat": "system", "component": "event_bus", "msg": "Published MARKET_DATA from='' handlers=1 sync=False"}
{"ts": "2026-05-11T15:32:39.004Z", "lvl": "DEBUG", "cat": "system", "component": "event_bus", "msg": "Published MARKET_DATA from='' handlers=1 sync=False"}
{"ts": "2026-05-11T15:32:39.004Z", "lvl": "DEBUG", "cat": "system", "component": "event_bus", "msg": "Published MARKET_DATA from='' handlers=1 sync=False"}
{"ts": "2026-05-11T15:32:39.005Z", "lvl": "DEBUG", "cat": "system", "component": "event_bus", "msg": "Published MARKET_DATA from='' handlers=1 sync=False"}
{"ts": "2026-05-11T15:32:39.005Z", "lvl": "DEBUG", "cat": "system", "component": "event_bus", "msg": "Published MARKET_DATA from='' handlers=1 sync=False"}
{"ts": "2026-05-11T15:32:39.506Z", "lvl": "INFO", "cat": "system", "component": "event_bus", "msg": "EventBus: shutting down thread pool (waiting for handlers)..."}
{"ts": "2026-05-11T15:32:39.507Z", "lvl": "INFO", "cat": "system", "component": "event_bus", "msg": "EventBus: thread pool stopped cleanly"}
{"ts": "2026-05-11T15:32:44.403Z", "lvl": "INFO", "cat": "system", "component": "event_bus", "msg": "EventBus v2 initialized — workers=4, sync_events=['DRAWDOWN_LIMIT', 'KILL_SWITCH']"}
{"ts": "2026-05-11T15:32:44.416Z", "lvl": "INFO", "cat": "system", "component": "state_store", "msg": "StateStore initialized | mode=DEMO | db=data/journal.db"}
{"ts": "2026-05-11T15:33:55.424Z", "lvl": "INFO", "cat": "system", "component": "event_bus", "msg": "EventBus v2 initialized — workers=4, sync_events=['DRAWDOWN_LIMIT', 'KILL_SWITCH']"}
{"ts": "2026-05-11T15:33:55.436Z", "lvl": "INFO", "cat": "system", "component": "state_store", "msg": "StateStore initialized | mode=DEMO | db=data/journal.db"}
{"ts": "2026-05-11T15:33:55.740Z", "lvl": "INFO", "cat": "data", "component": "session_filter", "msg": "SessionFilter initialized"}
{"ts": "2026-05-11T15:33:55.768Z", "lvl": "INFO", "cat": "data", "component": "session_filter", "msg": "SessionFilter started"}
{"ts": "2026-05-11T15:37:31.707Z", "lvl": "INFO", "cat": "system", "component": "event_bus", "msg": "EventBus v2 initialized — workers=4, sync_events=['DRAWDOWN_LIMIT', 'KILL_SWITCH']"}
{"ts": "2026-05-11T15:37:31.721Z", "lvl": "INFO", "cat": "system", "component": "state_store", "msg": "StateStore initialized | mode=DEMO | db=data/journal.db"}
{"ts": "2026-05-11T15:37:32.096Z", "lvl": "INFO", "cat": "data", "component": "session_filter", "msg": "SessionFilter initialized"}
{"ts": "2026-05-11T15:38:17.267Z", "lvl": "INFO", "cat": "system", "component": "event_bus", "msg": "EventBus v2 initialized — workers=4, sync_events=['DRAWDOWN_LIMIT', 'KILL_SWITCH']"}
{"ts": "2026-05-11T15:38:17.275Z", "lvl": "INFO", "cat": "system", "component": "state_store", "msg": "StateStore initialized | mode=DEMO | db=data/journal.db"}
{"ts": "2026-05-11T15:38:17.493Z", "lvl": "INFO", "cat": "data", "component": "session_filter", "msg": "SessionFilter initialized"}
{"ts": "2026-05-11T15:38:17.553Z", "lvl": "INFO", "cat": "data", "component": "session_filter", "msg": "SessionFilter started"}
{"ts": "2026-05-11T15:48:52.177Z", "lvl": "INFO", "cat": "system", "component": "event_bus", "msg": "EventBus v2 initialized — workers=4, sync_events=['DRAWDOWN_LIMIT', 'KILL_SWITCH']"}
{"ts": "2026-05-11T15:48:52.198Z", "lvl": "INFO", "cat": "system", "component": "state_store", "msg": "StateStore initialized | mode=DEMO | db=data/journal.db"}
{"ts": "2026-05-11T15:48:52.548Z", "lvl": "INFO", "cat": "data", "component": "session_filter", "msg": "SessionFilter initialized"}
{"ts": "2026-05-11T15:48:52.613Z", "lvl": "INFO", "cat": "data", "component": "session_filter", "msg": "SessionFilter started"}
{"ts": "2026-05-11T15:55:07.587Z", "lvl": "INFO", "cat": "system", "component": "event_bus", "msg": "EventBus v2 initialized — workers=4, sync_events=['DRAWDOWN_LIMIT', 'KILL_SWITCH']"}
{"ts": "2026-05-11T15:55:07.596Z", "lvl": "INFO", "cat": "system", "component": "state_store", "msg": "StateStore initialized | mode=DEMO | db=data/journal.db"}
{"ts": "2026-05-11T15:55:07.904Z", "lvl": "INFO", "cat": "data", "component": "session_filter", "msg": "SessionFilter initialized"}
{"ts": "2026-05-11T15:55:07.969Z", "lvl": "INFO", "cat": "data", "component": "session_filter", "msg": "SessionFilter started"}
{"ts": "2026-05-11T15:57:21.882Z", "lvl": "INFO", "cat": "system", "component": "event_bus", "msg": "EventBus v2 initialized — workers=4, sync_events=['DRAWDOWN_LIMIT', 'KILL_SWITCH']"}
{"ts": "2026-05-11T15:57:21.893Z", "lvl": "INFO", "cat": "system", "component": "state_store", "msg": "StateStore initialized | mode=DEMO | db=data/journal.db"}
{"ts": "2026-05-11T15:57:22.137Z", "lvl": "INFO", "cat": "data", "component": "session_filter", "msg": "SessionFilter initialized"}
{"ts": "2026-05-11T15:57:22.169Z", "lvl": "INFO", "cat": "data", "component": "session_filter", "msg": "SessionFilter started"}
{"ts": "2026-05-11T16:05:08.038Z", "lvl": "INFO", "cat": "system", "component": "event_bus", "msg": "EventBus v2 initialized — workers=4, sync_events=['DRAWDOWN_LIMIT', 'KILL_SWITCH']"}
{"ts": "2026-05-11T16:05:08.057Z", "lvl": "INFO", "cat": "system", "component": "state_store", "msg": "StateStore initialized | mode=DEMO | db=data/journal.db"}
{"ts": "2026-05-11T16:08:51.877Z", "lvl": "INFO", "cat": "system", "component": "event_bus", "msg": "EventBus v2 initialized — workers=4, sync_events=['DRAWDOWN_LIMIT', 'KILL_SWITCH']"}
{"ts": "2026-05-11T16:08:52.007Z", "lvl": "INFO", "cat": "data", "component": "session_filter", "msg": "SessionFilter initialized"}
{"ts": "2026-05-11T16:08:52.072Z", "lvl": "INFO", "cat": "data", "component": "session_filter", "msg": "SessionFilter started"}
{"ts": "2026-05-11T16:27:21.198Z", "lvl": "INFO", "cat": "system", "component": "event_bus", "msg": "EventBus v2 initialized — workers=4, sync_events=['DRAWDOWN_LIMIT', 'KILL_SWITCH']"}
{"ts": "2026-05-11T16:27:21.325Z", "lvl": "INFO", "cat": "data", "component": "session_filter", "msg": "SessionFilter initialized"}
{"ts": "2026-05-11T16:27:21.396Z", "lvl": "INFO", "cat": "data", "component": "session_filter", "msg": "SessionFilter started"}
