{"ts": "2026-05-11T10:45:31.341Z", "lvl": "INFO", "cat": "data", "component": "tick_sanitizer", "msg": "TickSanitizer initialized"}
{"ts": "2026-05-11T10:45:31.345Z", "lvl": "INFO", "cat": "data", "component": "market_data_hub", "msg": "MarketDataHub initialized"}
{"ts": "2026-05-11T10:45:31.348Z", "lvl": "INFO", "cat": "data", "component": "data_quality_monitor", "msg": "DataQualityMonitor initialized"}
{"ts": "2026-05-11T10:45:31.390Z", "lvl": "INFO", "cat": "data", "component": "regime_detector", "msg": "RegimeDetector initialized — ADX thresholds: range<20 trend>25 strong>30"}
{"ts": "2026-05-11T10:45:31.523Z", "lvl": "INFO", "cat": "data", "component": "session_filter", "msg": "SessionFilter initialized"}
{"ts": "2026-05-11T15:27:13.844Z", "lvl": "INFO", "cat": "data", "component": "session_filter", "msg": "SessionFilter initialized"}
{"ts": "2026-05-11T15:27:13.921Z", "lvl": "INFO", "cat": "data", "component": "session_filter", "msg": "SessionFilter started"}
{"ts": "2026-05-11T15:32:30.467Z", "lvl": "INFO", "cat": "data", "component": "session_filter", "msg": "SessionFilter initialized"}
{"ts": "2026-05-11T15:32:30.528Z", "lvl": "INFO", "cat": "data", "component": "session_filter", "msg": "SessionFilter started"}
{"ts": "2026-05-11T15:33:55.740Z", "lvl": "INFO", "cat": "data", "component": "session_filter", "msg": "SessionFilter initialized"}
{"ts": "2026-05-11T15:33:55.768Z", "lvl": "INFO", "cat": "data", "component": "session_filter", "msg": "SessionFilter started"}
{"ts": "2026-05-11T15:37:32.096Z", "lvl": "INFO", "cat": "data", "component": "session_filter", "msg": "SessionFilter initialized"}
{"ts": "2026-05-11T15:38:17.493Z", "lvl": "INFO", "cat": "data", "component": "session_filter", "msg": "SessionFilter initialized"}
{"ts": "2026-05-11T15:38:17.553Z", "lvl": "INFO", "cat": "data", "component": "session_filter", "msg": "SessionFilter started"}
{"ts": "2026-05-11T15:48:52.548Z", "lvl": "INFO", "cat": "data", "component": "session_filter", "msg": "SessionFilter initialized"}
{"ts": "2026-05-11T15:48:52.613Z", "lvl": "INFO", "cat": "data", "component": "session_filter", "msg": "SessionFilter started"}
{"ts": "2026-05-11T15:55:07.904Z", "lvl": "INFO", "cat": "data", "component": "session_filter", "msg": "SessionFilter initialized"}
{"ts": "2026-05-11T15:55:07.969Z", "lvl": "INFO", "cat": "data", "component": "session_filter", "msg": "SessionFilter started"}
{"ts": "2026-05-11T15:57:22.137Z", "lvl": "INFO", "cat": "data", "component": "session_filter", "msg": "SessionFilter initialized"}
{"ts": "2026-05-11T15:57:22.169Z", "lvl": "INFO", "cat": "data", "component": "session_filter", "msg": "SessionFilter started"}
{"ts": "2026-05-11T16:08:52.007Z", "lvl": "INFO", "cat": "data", "component": "session_filter", "msg": "SessionFilter initialized"}
{"ts": "2026-05-11T16:08:52.072Z", "lvl": "INFO", "cat": "data", "component": "session_filter", "msg": "SessionFilter started"}
{"ts": "2026-05-11T16:27:21.325Z", "lvl": "INFO", "cat": "data", "component": "session_filter", "msg": "SessionFilter initialized"}
{"ts": "2026-05-11T16:27:21.396Z", "lvl": "INFO", "cat": "data", "component": "session_filter", "msg": "SessionFilter started"}
