{"ts": "2026-05-11T07:11:51.260Z", "lvl": "INFO", "cat": "recovery", "component": "recovery", "msg": "State loaded from SQLite", "event_type": "RECOVERY_STEP", "step": "STATE_RESTORE", "result": "OK", "detail": "equity=10000.0 from snapshot", "symbol": "XAUUSD", "strategy": "alpha_breakout", "system_mode": "TEST", "session": "LONDON", "regime": "STRONG_TREND"}
{"ts": "2026-05-11T07:48:09.171Z", "lvl": "ERROR", "cat": "recovery", "component": "recovery_manager", "msg": "State snapshot restore failed: StateStore.update_equity() missing 1 required positional argument: 'balance'", "stack_trace": "Traceback (most recent call last):\n  File \"C:\\Users\\p venkata naveen\\Cursor ai\\Quant_Forex_V3\\QUANT_ENGINE_2026\\core\\recovery_manager.py\", line 191, in _step2_restore_state_snapshot\n    state.update_equity(equity)\nTypeError: StateStore.update_equity() missing 1 required positional argument: 'balance'"}
{"ts": "2026-05-11T07:48:09.178Z", "lvl": "CRITICAL", "cat": "recovery", "component": "recovery_manager", "msg": "KILL SWITCH WAS ACTIVE BEFORE CRASH — restored. Reason: DD limit breach.  MANUAL RESET REQUIRED."}
{"ts": "2026-05-11T08:13:05.283Z", "lvl": "INFO", "cat": "recovery", "component": "recovery_manager", "msg": "RecoveryManager starting..."}
{"ts": "2026-05-11T08:13:05.289Z", "lvl": "INFO", "cat": "recovery", "component": "recovery_manager", "msg": "============================================================"}
{"ts": "2026-05-11T08:13:05.289Z", "lvl": "INFO", "cat": "recovery", "component": "recovery_manager", "msg": "RECOVERY MANAGER — STARTUP REPORT"}
{"ts": "2026-05-11T08:13:05.290Z", "lvl": "INFO", "cat": "recovery", "component": "recovery_manager", "msg": "  Mode:          TEST"}
{"ts": "2026-05-11T08:13:05.290Z", "lvl": "INFO", "cat": "recovery", "component": "recovery_manager", "msg": "  Kill switch:   OK"}
{"ts": "2026-05-11T08:13:05.290Z", "lvl": "INFO", "cat": "recovery", "component": "recovery_manager", "msg": "  Last equity:   $0.00 ()"}
{"ts": "2026-05-11T08:13:05.290Z", "lvl": "INFO", "cat": "recovery", "component": "recovery_manager", "msg": "  Daily DD:      0.00%"}
{"ts": "2026-05-11T08:13:05.291Z", "lvl": "INFO", "cat": "recovery", "component": "recovery_manager", "msg": "  MT5 positions: 0"}
{"ts": "2026-05-11T08:13:05.291Z", "lvl": "INFO", "cat": "recovery", "component": "recovery_manager", "msg": "  Local open:    0"}
{"ts": "2026-05-11T08:13:05.291Z", "lvl": "INFO", "cat": "recovery", "component": "recovery_manager", "msg": "  Orphan trades: 0"}
{"ts": "2026-05-11T08:13:05.291Z", "lvl": "INFO", "cat": "recovery", "component": "recovery_manager", "msg": "  Reconciliation: SIMULATED (TEST mode)"}
{"ts": "2026-05-11T08:13:05.291Z", "lvl": "WARNING", "cat": "recovery", "component": "recovery_manager", "msg": "  WARNING: No state snapshots found — starting fresh"}
{"ts": "2026-05-11T08:13:05.291Z", "lvl": "INFO", "cat": "recovery", "component": "recovery_manager", "msg": "  Action: Restart recorded in logs/restart_log.json"}
{"ts": "2026-05-11T08:13:05.291Z", "lvl": "INFO", "cat": "recovery", "component": "recovery_manager", "msg": "  Action: Kill switch: OK (was not active)"}
{"ts": "2026-05-11T08:13:05.291Z", "lvl": "INFO", "cat": "recovery", "component": "recovery_manager", "msg": "  Action: Daily trades found: 0 (open=0, closed=0) today_pnl=+0.00"}
{"ts": "2026-05-11T08:13:05.292Z", "lvl": "INFO", "cat": "recovery", "component": "recovery_manager", "msg": "  Action: MT5 reconciliation skipped — TEST mode"}
{"ts": "2026-05-11T08:13:05.292Z", "lvl": "INFO", "cat": "recovery", "component": "recovery_manager", "msg": "============================================================"}
{"ts": "2026-05-11T08:20:00.010Z", "lvl": "INFO", "cat": "recovery", "component": "recovery_manager", "msg": "RecoveryManager starting..."}
{"ts": "2026-05-11T08:20:00.017Z", "lvl": "INFO", "cat": "recovery", "component": "recovery_manager", "msg": "============================================================"}
{"ts": "2026-05-11T08:20:00.018Z", "lvl": "INFO", "cat": "recovery", "component": "recovery_manager", "msg": "RECOVERY MANAGER — STARTUP REPORT"}
{"ts": "2026-05-11T08:20:00.018Z", "lvl": "INFO", "cat": "recovery", "component": "recovery_manager", "msg": "  Mode:          TEST"}
{"ts": "2026-05-11T08:20:00.018Z", "lvl": "INFO", "cat": "recovery", "component": "recovery_manager", "msg": "  Kill switch:   OK"}
{"ts": "2026-05-11T08:20:00.019Z", "lvl": "INFO", "cat": "recovery", "component": "recovery_manager", "msg": "  Last equity:   $0.00 ()"}
{"ts": "2026-05-11T08:20:00.019Z", "lvl": "INFO", "cat": "recovery", "component": "recovery_manager", "msg": "  Daily DD:      0.00%"}
{"ts": "2026-05-11T08:20:00.019Z", "lvl": "INFO", "cat": "recovery", "component": "recovery_manager", "msg": "  MT5 positions: 0"}
{"ts": "2026-05-11T08:20:00.019Z", "lvl": "INFO", "cat": "recovery", "component": "recovery_manager", "msg": "  Local open:    0"}
{"ts": "2026-05-11T08:20:00.020Z", "lvl": "INFO", "cat": "recovery", "component": "recovery_manager", "msg": "  Orphan trades: 0"}
{"ts": "2026-05-11T08:20:00.020Z", "lvl": "INFO", "cat": "recovery", "component": "recovery_manager", "msg": "  Reconciliation: SIMULATED (TEST mode)"}
{"ts": "2026-05-11T08:20:00.020Z", "lvl": "WARNING", "cat": "recovery", "component": "recovery_manager", "msg": "  WARNING: No state snapshots found — starting fresh"}
{"ts": "2026-05-11T08:20:00.020Z", "lvl": "INFO", "cat": "recovery", "component": "recovery_manager", "msg": "  Action: Restart recorded in logs/restart_log.json"}
{"ts": "2026-05-11T08:20:00.020Z", "lvl": "INFO", "cat": "recovery", "component": "recovery_manager", "msg": "  Action: Kill switch: OK (was not active)"}
{"ts": "2026-05-11T08:20:00.021Z", "lvl": "INFO", "cat": "recovery", "component": "recovery_manager", "msg": "  Action: Daily trades found: 0 (open=0, closed=0) today_pnl=+0.00"}
{"ts": "2026-05-11T08:20:00.021Z", "lvl": "INFO", "cat": "recovery", "component": "recovery_manager", "msg": "  Action: MT5 reconciliation skipped — TEST mode"}
{"ts": "2026-05-11T08:20:00.021Z", "lvl": "INFO", "cat": "recovery", "component": "recovery_manager", "msg": "============================================================"}
{"ts": "2026-05-11T08:21:11.060Z", "lvl": "ERROR", "cat": "recovery", "component": "recovery_manager", "msg": "State snapshot restore failed: StateStore.update_equity() missing 1 required positional argument: 'balance'", "stack_trace": "Traceback (most recent call last):\n  File \"C:\\Users\\p venkata naveen\\Cursor ai\\Quant_Forex_V3\\QUANT_ENGINE_2026\\core\\recovery_manager.py\", line 191, in _step2_restore_state_snapshot\n    state.update_equity(equity)\nTypeError: StateStore.update_equity() missing 1 required positional argument: 'balance'"}
{"ts": "2026-05-11T08:21:11.205Z", "lvl": "CRITICAL", "cat": "recovery", "component": "recovery_manager", "msg": "KILL SWITCH WAS ACTIVE BEFORE CRASH — restored. Reason: DD limit breach.  MANUAL RESET REQUIRED."}
{"ts": "2026-05-11T08:21:28.753Z", "lvl": "ERROR", "cat": "recovery", "component": "recovery_manager", "msg": "State snapshot restore failed: StateStore.update_equity() missing 1 required positional argument: 'balance'", "stack_trace": "Traceback (most recent call last):\n  File \"C:\\Users\\p venkata naveen\\Cursor ai\\Quant_Forex_V3\\QUANT_ENGINE_2026\\core\\recovery_manager.py\", line 191, in _step2_restore_state_snapshot\n    state.update_equity(equity)\nTypeError: StateStore.update_equity() missing 1 required positional argument: 'balance'"}
{"ts": "2026-05-11T08:21:28.868Z", "lvl": "CRITICAL", "cat": "recovery", "component": "recovery_manager", "msg": "KILL SWITCH WAS ACTIVE BEFORE CRASH — restored. Reason: DD limit breach.  MANUAL RESET REQUIRED."}
{"ts": "2026-05-11T08:22:21.751Z", "lvl": "CRITICAL", "cat": "recovery", "component": "recovery_manager", "msg": "KILL SWITCH WAS ACTIVE BEFORE CRASH — restored. Reason: DD limit breach.  MANUAL RESET REQUIRED."}
{"ts": "2026-05-11T08:22:28.438Z", "lvl": "CRITICAL", "cat": "recovery", "component": "recovery_manager", "msg": "KILL SWITCH WAS ACTIVE BEFORE CRASH — restored. Reason: DD limit breach.  MANUAL RESET REQUIRED."}
{"ts": "2026-05-11T08:26:04.531Z", "lvl": "CRITICAL", "cat": "recovery", "component": "recovery_manager", "msg": "KILL SWITCH WAS ACTIVE BEFORE CRASH — restored. Reason: DD limit breach.  MANUAL RESET REQUIRED."}
{"ts": "2026-05-11T08:28:48.557Z", "lvl": "CRITICAL", "cat": "recovery", "component": "recovery_manager", "msg": "KILL SWITCH WAS ACTIVE BEFORE CRASH — restored. Reason: DD limit breach.  MANUAL RESET REQUIRED."}
{"ts": "2026-05-11T08:28:55.207Z", "lvl": "INFO", "cat": "recovery", "component": "recovery_manager", "msg": "RecoveryManager starting..."}
{"ts": "2026-05-11T08:28:55.210Z", "lvl": "INFO", "cat": "recovery", "component": "recovery_manager", "msg": "============================================================"}
{"ts": "2026-05-11T08:28:55.210Z", "lvl": "INFO", "cat": "recovery", "component": "recovery_manager", "msg": "RECOVERY MANAGER — STARTUP REPORT"}
{"ts": "2026-05-11T08:28:55.210Z", "lvl": "INFO", "cat": "recovery", "component": "recovery_manager", "msg": "  Mode:          TEST"}
{"ts": "2026-05-11T08:28:55.210Z", "lvl": "INFO", "cat": "recovery", "component": "recovery_manager", "msg": "  Kill switch:   OK"}
{"ts": "2026-05-11T08:28:55.211Z", "lvl": "INFO", "cat": "recovery", "component": "recovery_manager", "msg": "  Last equity:   $0.00 ()"}
{"ts": "2026-05-11T08:28:55.211Z", "lvl": "INFO", "cat": "recovery", "component": "recovery_manager", "msg": "  Daily DD:      0.00%"}
{"ts": "2026-05-11T08:28:55.212Z", "lvl": "INFO", "cat": "recovery", "component": "recovery_manager", "msg": "  MT5 positions: 0"}
{"ts": "2026-05-11T08:28:55.212Z", "lvl": "INFO", "cat": "recovery", "component": "recovery_manager", "msg": "  Local open:    0"}
{"ts": "2026-05-11T08:28:55.212Z", "lvl": "INFO", "cat": "recovery", "component": "recovery_manager", "msg": "  Orphan trades: 0"}
{"ts": "2026-05-11T08:28:55.212Z", "lvl": "INFO", "cat": "recovery", "component": "recovery_manager", "msg": "  Reconciliation: SIMULATED (TEST mode)"}
{"ts": "2026-05-11T08:28:55.212Z", "lvl": "WARNING", "cat": "recovery", "component": "recovery_manager", "msg": "  WARNING: No state snapshots found — starting fresh"}
{"ts": "2026-05-11T08:28:55.212Z", "lvl": "INFO", "cat": "recovery", "component": "recovery_manager", "msg": "  Action: Restart recorded in logs/restart_log.json"}
{"ts": "2026-05-11T08:28:55.213Z", "lvl": "INFO", "cat": "recovery", "component": "recovery_manager", "msg": "  Action: Kill switch: OK (was not active)"}
{"ts": "2026-05-11T08:28:55.213Z", "lvl": "INFO", "cat": "recovery", "component": "recovery_manager", "msg": "  Action: Daily trades found: 0 (open=0, closed=0) today_pnl=+0.00"}
{"ts": "2026-05-11T08:28:55.213Z", "lvl": "INFO", "cat": "recovery", "component": "recovery_manager", "msg": "  Action: MT5 reconciliation skipped — TEST mode"}
{"ts": "2026-05-11T08:28:55.213Z", "lvl": "INFO", "cat": "recovery", "component": "recovery_manager", "msg": "============================================================"}
{"ts": "2026-05-11T08:33:08.963Z", "lvl": "INFO", "cat": "recovery", "component": "recovery_manager", "msg": "RecoveryManager starting..."}
{"ts": "2026-05-11T08:33:08.969Z", "lvl": "INFO", "cat": "recovery", "component": "recovery_manager", "msg": "============================================================"}
{"ts": "2026-05-11T08:33:08.969Z", "lvl": "INFO", "cat": "recovery", "component": "recovery_manager", "msg": "RECOVERY MANAGER — STARTUP REPORT"}
{"ts": "2026-05-11T08:33:08.969Z", "lvl": "INFO", "cat": "recovery", "component": "recovery_manager", "msg": "  Mode:          TEST"}
{"ts": "2026-05-11T08:33:08.969Z", "lvl": "INFO", "cat": "recovery", "component": "recovery_manager", "msg": "  Kill switch:   OK"}
{"ts": "2026-05-11T08:33:08.969Z", "lvl": "INFO", "cat": "recovery", "component": "recovery_manager", "msg": "  Last equity:   $0.00 ()"}
{"ts": "2026-05-11T08:33:08.970Z", "lvl": "INFO", "cat": "recovery", "component": "recovery_manager", "msg": "  Daily DD:      0.00%"}
{"ts": "2026-05-11T08:33:08.970Z", "lvl": "INFO", "cat": "recovery", "component": "recovery_manager", "msg": "  MT5 positions: 0"}
{"ts": "2026-05-11T08:33:08.970Z", "lvl": "INFO", "cat": "recovery", "component": "recovery_manager", "msg": "  Local open:    0"}
{"ts": "2026-05-11T08:33:08.970Z", "lvl": "INFO", "cat": "recovery", "component": "recovery_manager", "msg": "  Orphan trades: 0"}
{"ts": "2026-05-11T08:33:08.971Z", "lvl": "INFO", "cat": "recovery", "component": "recovery_manager", "msg": "  Reconciliation: SIMULATED (TEST mode)"}
{"ts": "2026-05-11T08:33:08.971Z", "lvl": "WARNING", "cat": "recovery", "component": "recovery_manager", "msg": "  WARNING: No state snapshots found — starting fresh"}
{"ts": "2026-05-11T08:33:08.971Z", "lvl": "INFO", "cat": "recovery", "component": "recovery_manager", "msg": "  Action: Restart recorded in logs/restart_log.json"}
{"ts": "2026-05-11T08:33:08.971Z", "lvl": "INFO", "cat": "recovery", "component": "recovery_manager", "msg": "  Action: Kill switch: OK (was not active)"}
{"ts": "2026-05-11T08:33:08.971Z", "lvl": "INFO", "cat": "recovery", "component": "recovery_manager", "msg": "  Action: Daily trades found: 0 (open=0, closed=0) today_pnl=+0.00"}
{"ts": "2026-05-11T08:33:08.972Z", "lvl": "INFO", "cat": "recovery", "component": "recovery_manager", "msg": "  Action: MT5 reconciliation skipped — TEST mode"}
{"ts": "2026-05-11T08:33:08.972Z", "lvl": "INFO", "cat": "recovery", "component": "recovery_manager", "msg": "============================================================"}
{"ts": "2026-05-11T08:40:50.455Z", "lvl": "INFO", "cat": "recovery", "component": "recovery_manager", "msg": "RecoveryManager starting..."}
{"ts": "2026-05-11T08:40:50.460Z", "lvl": "INFO", "cat": "recovery", "component": "recovery_manager", "msg": "============================================================"}
{"ts": "2026-05-11T08:40:50.461Z", "lvl": "INFO", "cat": "recovery", "component": "recovery_manager", "msg": "RECOVERY MANAGER — STARTUP REPORT"}
{"ts": "2026-05-11T08:40:50.461Z", "lvl": "INFO", "cat": "recovery", "component": "recovery_manager", "msg": "  Mode:          TEST"}
{"ts": "2026-05-11T08:40:50.461Z", "lvl": "INFO", "cat": "recovery", "component": "recovery_manager", "msg": "  Kill switch:   OK"}
{"ts": "2026-05-11T08:40:50.462Z", "lvl": "INFO", "cat": "recovery", "component": "recovery_manager", "msg": "  Last equity:   $0.00 ()"}
{"ts": "2026-05-11T08:40:50.462Z", "lvl": "INFO", "cat": "recovery", "component": "recovery_manager", "msg": "  Daily DD:      0.00%"}
{"ts": "2026-05-11T08:40:50.462Z", "lvl": "INFO", "cat": "recovery", "component": "recovery_manager", "msg": "  MT5 positions: 0"}
{"ts": "2026-05-11T08:40:50.463Z", "lvl": "INFO", "cat": "recovery", "component": "recovery_manager", "msg": "  Local open:    0"}
{"ts": "2026-05-11T08:40:50.464Z", "lvl": "INFO", "cat": "recovery", "component": "recovery_manager", "msg": "  Orphan trades: 0"}
{"ts": "2026-05-11T08:40:50.464Z", "lvl": "INFO", "cat": "recovery", "component": "recovery_manager", "msg": "  Reconciliation: SIMULATED (TEST mode)"}
{"ts": "2026-05-11T08:40:50.464Z", "lvl": "WARNING", "cat": "recovery", "component": "recovery_manager", "msg": "  WARNING: No state snapshots found — starting fresh"}
{"ts": "2026-05-11T08:40:50.464Z", "lvl": "INFO", "cat": "recovery", "component": "recovery_manager", "msg": "  Action: Restart recorded in logs/restart_log.json"}
{"ts": "2026-05-11T08:40:50.464Z", "lvl": "INFO", "cat": "recovery", "component": "recovery_manager", "msg": "  Action: Kill switch: OK (was not active)"}
{"ts": "2026-05-11T08:40:50.464Z", "lvl": "INFO", "cat": "recovery", "component": "recovery_manager", "msg": "  Action: Daily trades found: 0 (open=0, closed=0) today_pnl=+0.00"}
{"ts": "2026-05-11T08:40:50.465Z", "lvl": "INFO", "cat": "recovery", "component": "recovery_manager", "msg": "  Action: MT5 reconciliation skipped — TEST mode"}
{"ts": "2026-05-11T08:40:50.465Z", "lvl": "INFO", "cat": "recovery", "component": "recovery_manager", "msg": "============================================================"}
{"ts": "2026-05-11T08:49:22.782Z", "lvl": "INFO", "cat": "recovery", "component": "recovery_manager", "msg": "RecoveryManager starting..."}
{"ts": "2026-05-11T08:49:22.787Z", "lvl": "INFO", "cat": "recovery", "component": "recovery_manager", "msg": "============================================================"}
{"ts": "2026-05-11T08:49:22.787Z", "lvl": "INFO", "cat": "recovery", "component": "recovery_manager", "msg": "RECOVERY MANAGER — STARTUP REPORT"}
{"ts": "2026-05-11T08:49:22.787Z", "lvl": "INFO", "cat": "recovery", "component": "recovery_manager", "msg": "  Mode:          TEST"}
{"ts": "2026-05-11T08:49:22.787Z", "lvl": "INFO", "cat": "recovery", "component": "recovery_manager", "msg": "  Kill switch:   OK"}
{"ts": "2026-05-11T08:49:22.787Z", "lvl": "INFO", "cat": "recovery", "component": "recovery_manager", "msg": "  Last equity:   $0.00 ()"}
{"ts": "2026-05-11T08:49:22.787Z", "lvl": "INFO", "cat": "recovery", "component": "recovery_manager", "msg": "  Daily DD:      0.00%"}
{"ts": "2026-05-11T08:49:22.788Z", "lvl": "INFO", "cat": "recovery", "component": "recovery_manager", "msg": "  MT5 positions: 0"}
{"ts": "2026-05-11T08:49:22.788Z", "lvl": "INFO", "cat": "recovery", "component": "recovery_manager", "msg": "  Local open:    0"}
{"ts": "2026-05-11T08:49:22.789Z", "lvl": "INFO", "cat": "recovery", "component": "recovery_manager", "msg": "  Orphan trades: 0"}
{"ts": "2026-05-11T08:49:22.789Z", "lvl": "INFO", "cat": "recovery", "component": "recovery_manager", "msg": "  Reconciliation: SIMULATED (TEST mode)"}
{"ts": "2026-05-11T08:49:22.789Z", "lvl": "WARNING", "cat": "recovery", "component": "recovery_manager", "msg": "  WARNING: No state snapshots found — starting fresh"}
{"ts": "2026-05-11T08:49:22.789Z", "lvl": "INFO", "cat": "recovery", "component": "recovery_manager", "msg": "  Action: Restart recorded in logs/restart_log.json"}
{"ts": "2026-05-11T08:49:22.789Z", "lvl": "INFO", "cat": "recovery", "component": "recovery_manager", "msg": "  Action: Kill switch: OK (was not active)"}
{"ts": "2026-05-11T08:49:22.789Z", "lvl": "INFO", "cat": "recovery", "component": "recovery_manager", "msg": "  Action: Daily trades found: 0 (open=0, closed=0) today_pnl=+0.00"}
{"ts": "2026-05-11T08:49:22.790Z", "lvl": "INFO", "cat": "recovery", "component": "recovery_manager", "msg": "  Action: MT5 reconciliation skipped — TEST mode"}
{"ts": "2026-05-11T08:49:22.790Z", "lvl": "INFO", "cat": "recovery", "component": "recovery_manager", "msg": "============================================================"}
{"ts": "2026-05-11T08:50:14.948Z", "lvl": "CRITICAL", "cat": "recovery", "component": "recovery_manager", "msg": "KILL SWITCH WAS ACTIVE BEFORE CRASH — restored. Reason: DD limit breach.  MANUAL RESET REQUIRED."}
{"ts": "2026-05-11T08:51:23.764Z", "lvl": "INFO", "cat": "recovery", "component": "recovery_manager", "msg": "RecoveryManager starting..."}
{"ts": "2026-05-11T08:51:23.768Z", "lvl": "INFO", "cat": "recovery", "component": "recovery_manager", "msg": "============================================================"}
{"ts": "2026-05-11T08:51:23.768Z", "lvl": "INFO", "cat": "recovery", "component": "recovery_manager", "msg": "RECOVERY MANAGER — STARTUP REPORT"}
{"ts": "2026-05-11T08:51:23.768Z", "lvl": "INFO", "cat": "recovery", "component": "recovery_manager", "msg": "  Mode:          TEST"}
{"ts": "2026-05-11T08:51:23.768Z", "lvl": "INFO", "cat": "recovery", "component": "recovery_manager", "msg": "  Kill switch:   OK"}
{"ts": "2026-05-11T08:51:23.768Z", "lvl": "INFO", "cat": "recovery", "component": "recovery_manager", "msg": "  Last equity:   $0.00 ()"}
{"ts": "2026-05-11T08:51:23.768Z", "lvl": "INFO", "cat": "recovery", "component": "recovery_manager", "msg": "  Daily DD:      0.00%"}
{"ts": "2026-05-11T08:51:23.769Z", "lvl": "INFO", "cat": "recovery", "component": "recovery_manager", "msg": "  MT5 positions: 0"}
{"ts": "2026-05-11T08:51:23.769Z", "lvl": "INFO", "cat": "recovery", "component": "recovery_manager", "msg": "  Local open:    0"}
{"ts": "2026-05-11T08:51:23.769Z", "lvl": "INFO", "cat": "recovery", "component": "recovery_manager", "msg": "  Orphan trades: 0"}
{"ts": "2026-05-11T08:51:23.769Z", "lvl": "INFO", "cat": "recovery", "component": "recovery_manager", "msg": "  Reconciliation: SIMULATED (TEST mode)"}
{"ts": "2026-05-11T08:51:23.769Z", "lvl": "WARNING", "cat": "recovery", "component": "recovery_manager", "msg": "  WARNING: No state snapshots found — starting fresh"}
{"ts": "2026-05-11T08:51:23.769Z", "lvl": "INFO", "cat": "recovery", "component": "recovery_manager", "msg": "  Action: Restart recorded in logs/restart_log.json"}
{"ts": "2026-05-11T08:51:23.770Z", "lvl": "INFO", "cat": "recovery", "component": "recovery_manager", "msg": "  Action: Kill switch: OK (was not active)"}
{"ts": "2026-05-11T08:51:23.770Z", "lvl": "INFO", "cat": "recovery", "component": "recovery_manager", "msg": "  Action: Daily trades found: 0 (open=0, closed=0) today_pnl=+0.00"}
{"ts": "2026-05-11T08:51:23.770Z", "lvl": "INFO", "cat": "recovery", "component": "recovery_manager", "msg": "  Action: MT5 reconciliation skipped — TEST mode"}
{"ts": "2026-05-11T08:51:23.770Z", "lvl": "INFO", "cat": "recovery", "component": "recovery_manager", "msg": "============================================================"}
{"ts": "2026-05-11T08:54:19.657Z", "lvl": "INFO", "cat": "recovery", "component": "recovery_manager", "msg": "RecoveryManager starting..."}
{"ts": "2026-05-11T08:54:19.663Z", "lvl": "INFO", "cat": "recovery", "component": "recovery_manager", "msg": "============================================================"}
{"ts": "2026-05-11T08:54:19.663Z", "lvl": "INFO", "cat": "recovery", "component": "recovery_manager", "msg": "RECOVERY MANAGER — STARTUP REPORT"}
{"ts": "2026-05-11T08:54:19.663Z", "lvl": "INFO", "cat": "recovery", "component": "recovery_manager", "msg": "  Mode:          TEST"}
{"ts": "2026-05-11T08:54:19.664Z", "lvl": "INFO", "cat": "recovery", "component": "recovery_manager", "msg": "  Kill switch:   OK"}
{"ts": "2026-05-11T08:54:19.664Z", "lvl": "INFO", "cat": "recovery", "component": "recovery_manager", "msg": "  Last equity:   $0.00 ()"}
{"ts": "2026-05-11T08:54:19.664Z", "lvl": "INFO", "cat": "recovery", "component": "recovery_manager", "msg": "  Daily DD:      0.00%"}
{"ts": "2026-05-11T08:54:19.664Z", "lvl": "INFO", "cat": "recovery", "component": "recovery_manager", "msg": "  MT5 positions: 0"}
{"ts": "2026-05-11T08:54:19.664Z", "lvl": "INFO", "cat": "recovery", "component": "recovery_manager", "msg": "  Local open:    0"}
{"ts": "2026-05-11T08:54:19.665Z", "lvl": "INFO", "cat": "recovery", "component": "recovery_manager", "msg": "  Orphan trades: 0"}
{"ts": "2026-05-11T08:54:19.665Z", "lvl": "INFO", "cat": "recovery", "component": "recovery_manager", "msg": "  Reconciliation: SIMULATED (TEST mode)"}
{"ts": "2026-05-11T08:54:19.665Z", "lvl": "WARNING", "cat": "recovery", "component": "recovery_manager", "msg": "  WARNING: No state snapshots found — starting fresh"}
{"ts": "2026-05-11T08:54:19.665Z", "lvl": "INFO", "cat": "recovery", "component": "recovery_manager", "msg": "  Action: Restart recorded in logs/restart_log.json"}
{"ts": "2026-05-11T08:54:19.665Z", "lvl": "INFO", "cat": "recovery", "component": "recovery_manager", "msg": "  Action: Kill switch: OK (was not active)"}
{"ts": "2026-05-11T08:54:19.665Z", "lvl": "INFO", "cat": "recovery", "component": "recovery_manager", "msg": "  Action: Daily trades found: 0 (open=0, closed=0) today_pnl=+0.00"}
{"ts": "2026-05-11T08:54:19.665Z", "lvl": "INFO", "cat": "recovery", "component": "recovery_manager", "msg": "  Action: MT5 reconciliation skipped — TEST mode"}
{"ts": "2026-05-11T08:54:19.666Z", "lvl": "INFO", "cat": "recovery", "component": "recovery_manager", "msg": "============================================================"}
{"ts": "2026-05-11T08:55:39.818Z", "lvl": "INFO", "cat": "recovery", "component": "recovery_manager", "msg": "RecoveryManager starting..."}
{"ts": "2026-05-11T08:55:39.822Z", "lvl": "INFO", "cat": "recovery", "component": "recovery_manager", "msg": "============================================================"}
{"ts": "2026-05-11T08:55:39.822Z", "lvl": "INFO", "cat": "recovery", "component": "recovery_manager", "msg": "RECOVERY MANAGER — STARTUP REPORT"}
{"ts": "2026-05-11T08:55:39.822Z", "lvl": "INFO", "cat": "recovery", "component": "recovery_manager", "msg": "  Mode:          TEST"}
{"ts": "2026-05-11T08:55:39.822Z", "lvl": "INFO", "cat": "recovery", "component": "recovery_manager", "msg": "  Kill switch:   OK"}
{"ts": "2026-05-11T08:55:39.822Z", "lvl": "INFO", "cat": "recovery", "component": "recovery_manager", "msg": "  Last equity:   $0.00 ()"}
{"ts": "2026-05-11T08:55:39.823Z", "lvl": "INFO", "cat": "recovery", "component": "recovery_manager", "msg": "  Daily DD:      0.00%"}
{"ts": "2026-05-11T08:55:39.823Z", "lvl": "INFO", "cat": "recovery", "component": "recovery_manager", "msg": "  MT5 positions: 0"}
{"ts": "2026-05-11T08:55:39.823Z", "lvl": "INFO", "cat": "recovery", "component": "recovery_manager", "msg": "  Local open:    0"}
{"ts": "2026-05-11T08:55:39.823Z", "lvl": "INFO", "cat": "recovery", "component": "recovery_manager", "msg": "  Orphan trades: 0"}
{"ts": "2026-05-11T08:55:39.823Z", "lvl": "INFO", "cat": "recovery", "component": "recovery_manager", "msg": "  Reconciliation: SIMULATED (TEST mode)"}
{"ts": "2026-05-11T08:55:39.823Z", "lvl": "WARNING", "cat": "recovery", "component": "recovery_manager", "msg": "  WARNING: No state snapshots found — starting fresh"}
{"ts": "2026-05-11T08:55:39.823Z", "lvl": "INFO", "cat": "recovery", "component": "recovery_manager", "msg": "  Action: Restart recorded in logs/restart_log.json"}
{"ts": "2026-05-11T08:55:39.824Z", "lvl": "INFO", "cat": "recovery", "component": "recovery_manager", "msg": "  Action: Kill switch: OK (was not active)"}
{"ts": "2026-05-11T08:55:39.824Z", "lvl": "INFO", "cat": "recovery", "component": "recovery_manager", "msg": "  Action: Daily trades found: 0 (open=0, closed=0) today_pnl=+0.00"}
{"ts": "2026-05-11T08:55:39.824Z", "lvl": "INFO", "cat": "recovery", "component": "recovery_manager", "msg": "  Action: MT5 reconciliation skipped — TEST mode"}
{"ts": "2026-05-11T08:55:39.824Z", "lvl": "INFO", "cat": "recovery", "component": "recovery_manager", "msg": "============================================================"}
{"ts": "2026-05-11T09:31:54.121Z", "lvl": "INFO", "cat": "recovery", "component": "recovery_manager", "msg": "RecoveryManager starting..."}
{"ts": "2026-05-11T09:31:54.129Z", "lvl": "INFO", "cat": "recovery", "component": "recovery_manager", "msg": "============================================================"}
{"ts": "2026-05-11T09:31:54.132Z", "lvl": "INFO", "cat": "recovery", "component": "recovery_manager", "msg": "RECOVERY MANAGER — STARTUP REPORT"}
{"ts": "2026-05-11T09:31:54.133Z", "lvl": "INFO", "cat": "recovery", "component": "recovery_manager", "msg": "  Mode:          TEST"}
{"ts": "2026-05-11T09:31:54.134Z", "lvl": "INFO", "cat": "recovery", "component": "recovery_manager", "msg": "  Kill switch:   OK"}
{"ts": "2026-05-11T09:31:54.135Z", "lvl": "INFO", "cat": "recovery", "component": "recovery_manager", "msg": "  Last equity:   $0.00 ()"}
{"ts": "2026-05-11T09:31:54.136Z", "lvl": "INFO", "cat": "recovery", "component": "recovery_manager", "msg": "  Daily DD:      0.00%"}
{"ts": "2026-05-11T09:31:54.137Z", "lvl": "INFO", "cat": "recovery", "component": "recovery_manager", "msg": "  MT5 positions: 0"}
{"ts": "2026-05-11T09:31:54.139Z", "lvl": "INFO", "cat": "recovery", "component": "recovery_manager", "msg": "  Local open:    0"}
{"ts": "2026-05-11T09:31:54.141Z", "lvl": "INFO", "cat": "recovery", "component": "recovery_manager", "msg": "  Orphan trades: 0"}
{"ts": "2026-05-11T09:31:54.143Z", "lvl": "INFO", "cat": "recovery", "component": "recovery_manager", "msg": "  Reconciliation: SIMULATED (TEST mode)"}
{"ts": "2026-05-11T09:31:54.144Z", "lvl": "WARNING", "cat": "recovery", "component": "recovery_manager", "msg": "  WARNING: No state snapshots found — starting fresh"}
{"ts": "2026-05-11T09:31:54.145Z", "lvl": "INFO", "cat": "recovery", "component": "recovery_manager", "msg": "  Action: Restart recorded in logs/restart_log.json"}
{"ts": "2026-05-11T09:31:54.146Z", "lvl": "INFO", "cat": "recovery", "component": "recovery_manager", "msg": "  Action: Kill switch: OK (was not active)"}
{"ts": "2026-05-11T09:31:54.148Z", "lvl": "INFO", "cat": "recovery", "component": "recovery_manager", "msg": "  Action: Daily trades found: 0 (open=0, closed=0) today_pnl=+0.00"}
{"ts": "2026-05-11T09:31:54.149Z", "lvl": "INFO", "cat": "recovery", "component": "recovery_manager", "msg": "  Action: MT5 reconciliation skipped — TEST mode"}
{"ts": "2026-05-11T09:31:54.152Z", "lvl": "INFO", "cat": "recovery", "component": "recovery_manager", "msg": "============================================================"}
{"ts": "2026-05-11T09:45:21.749Z", "lvl": "INFO", "cat": "recovery", "component": "recovery_manager", "msg": "RecoveryManager starting..."}
{"ts": "2026-05-11T09:45:21.765Z", "lvl": "INFO", "cat": "recovery", "component": "recovery_manager", "msg": "============================================================"}
{"ts": "2026-05-11T09:45:21.767Z", "lvl": "INFO", "cat": "recovery", "component": "recovery_manager", "msg": "RECOVERY MANAGER — STARTUP REPORT"}
{"ts": "2026-05-11T09:45:21.769Z", "lvl": "INFO", "cat": "recovery", "component": "recovery_manager", "msg": "  Mode:          TEST"}
{"ts": "2026-05-11T09:45:21.772Z", "lvl": "INFO", "cat": "recovery", "component": "recovery_manager", "msg": "  Kill switch:   OK"}
{"ts": "2026-05-11T09:45:21.776Z", "lvl": "INFO", "cat": "recovery", "component": "recovery_manager", "msg": "  Last equity:   $0.00 ()"}
{"ts": "2026-05-11T09:45:21.779Z", "lvl": "INFO", "cat": "recovery", "component": "recovery_manager", "msg": "  Daily DD:      0.00%"}
{"ts": "2026-05-11T09:45:21.781Z", "lvl": "INFO", "cat": "recovery", "component": "recovery_manager", "msg": "  MT5 positions: 0"}
{"ts": "2026-05-11T09:45:21.783Z", "lvl": "INFO", "cat": "recovery", "component": "recovery_manager", "msg": "  Local open:    0"}
{"ts": "2026-05-11T09:45:21.786Z", "lvl": "INFO", "cat": "recovery", "component": "recovery_manager", "msg": "  Orphan trades: 0"}
{"ts": "2026-05-11T09:45:21.788Z", "lvl": "INFO", "cat": "recovery", "component": "recovery_manager", "msg": "  Reconciliation: SIMULATED (TEST mode)"}
{"ts": "2026-05-11T09:45:21.791Z", "lvl": "WARNING", "cat": "recovery", "component": "recovery_manager", "msg": "  WARNING: No state snapshots found — starting fresh"}
{"ts": "2026-05-11T09:45:21.793Z", "lvl": "INFO", "cat": "recovery", "component": "recovery_manager", "msg": "  Action: Restart recorded in logs/restart_log.json"}
{"ts": "2026-05-11T09:45:21.795Z", "lvl": "INFO", "cat": "recovery", "component": "recovery_manager", "msg": "  Action: Kill switch: OK (was not active)"}
{"ts": "2026-05-11T09:45:21.798Z", "lvl": "INFO", "cat": "recovery", "component": "recovery_manager", "msg": "  Action: Daily trades found: 0 (open=0, closed=0) today_pnl=+0.00"}
{"ts": "2026-05-11T09:45:21.800Z", "lvl": "INFO", "cat": "recovery", "component": "recovery_manager", "msg": "  Action: MT5 reconciliation skipped — TEST mode"}
{"ts": "2026-05-11T09:45:21.802Z", "lvl": "INFO", "cat": "recovery", "component": "recovery_manager", "msg": "============================================================"}
{"ts": "2026-05-11T09:54:01.499Z", "lvl": "INFO", "cat": "recovery", "component": "recovery_manager", "msg": "RecoveryManager starting..."}
{"ts": "2026-05-11T09:54:01.508Z", "lvl": "INFO", "cat": "recovery", "component": "recovery_manager", "msg": "============================================================"}
{"ts": "2026-05-11T09:54:01.510Z", "lvl": "INFO", "cat": "recovery", "component": "recovery_manager", "msg": "RECOVERY MANAGER — STARTUP REPORT"}
{"ts": "2026-05-11T09:54:01.512Z", "lvl": "INFO", "cat": "recovery", "component": "recovery_manager", "msg": "  Mode:          TEST"}
{"ts": "2026-05-11T09:54:01.513Z", "lvl": "INFO", "cat": "recovery", "component": "recovery_manager", "msg": "  Kill switch:   OK"}
{"ts": "2026-05-11T09:54:01.515Z", "lvl": "INFO", "cat": "recovery", "component": "recovery_manager", "msg": "  Last equity:   $0.00 ()"}
{"ts": "2026-05-11T09:54:01.516Z", "lvl": "INFO", "cat": "recovery", "component": "recovery_manager", "msg": "  Daily DD:      0.00%"}
{"ts": "2026-05-11T09:54:01.518Z", "lvl": "INFO", "cat": "recovery", "component": "recovery_manager", "msg": "  MT5 positions: 0"}
{"ts": "2026-05-11T09:54:01.520Z", "lvl": "INFO", "cat": "recovery", "component": "recovery_manager", "msg": "  Local open:    0"}
{"ts": "2026-05-11T09:54:01.522Z", "lvl": "INFO", "cat": "recovery", "component": "recovery_manager", "msg": "  Orphan trades: 0"}
{"ts": "2026-05-11T09:54:01.523Z", "lvl": "INFO", "cat": "recovery", "component": "recovery_manager", "msg": "  Reconciliation: SIMULATED (TEST mode)"}
{"ts": "2026-05-11T09:54:01.525Z", "lvl": "WARNING", "cat": "recovery", "component": "recovery_manager", "msg": "  WARNING: No state snapshots found — starting fresh"}
{"ts": "2026-05-11T09:54:01.528Z", "lvl": "INFO", "cat": "recovery", "component": "recovery_manager", "msg": "  Action: Restart recorded in logs/restart_log.json"}
{"ts": "2026-05-11T09:54:01.529Z", "lvl": "INFO", "cat": "recovery", "component": "recovery_manager", "msg": "  Action: Kill switch: OK (was not active)"}
{"ts": "2026-05-11T09:54:01.531Z", "lvl": "INFO", "cat": "recovery", "component": "recovery_manager", "msg": "  Action: Daily trades found: 0 (open=0, closed=0) today_pnl=+0.00"}
{"ts": "2026-05-11T09:54:01.532Z", "lvl": "INFO", "cat": "recovery", "component": "recovery_manager", "msg": "  Action: MT5 reconciliation skipped — TEST mode"}
{"ts": "2026-05-11T09:54:01.534Z", "lvl": "INFO", "cat": "recovery", "component": "recovery_manager", "msg": "============================================================"}
