{"ts": "2026-05-11T10:45:30.452Z", "lvl": "INFO", "cat": "system", "component": "event_bus", "msg": "EventBus v2 initialized — workers=4, sync_events=['DRAWDOWN_LIMIT', 'KILL_SWITCH']"}
{"ts": "2026-05-11T10:45:30.480Z", "lvl": "INFO", "cat": "system", "component": "state_store", "msg": "StateStore initialized | mode=DEMO | db=data/journal.db"}
{"ts": "2026-05-11T10:45:31.529Z", "lvl": "DEBUG", "cat": "system", "component": "event_bus", "msg": "Subscribed: KillSwitch._on_drawdown_limit → DRAWDOWN_LIMIT"}
{"ts": "2026-05-11T10:45:31.529Z", "lvl": "DEBUG", "cat": "system", "component": "event_bus", "msg": "Subscribed: KillSwitch._on_profiler_update → EXECUTION_PROFILER_UPDATE"}
{"ts": "2026-05-11T10:46:32.047Z", "lvl": "INFO", "cat": "system", "component": "event_bus", "msg": "EventBus v2 initialized — workers=4, sync_events=['DRAWDOWN_LIMIT', 'KILL_SWITCH']"}
{"ts": "2026-05-11T10:46:32.051Z", "lvl": "INFO", "cat": "system", "component": "state_store", "msg": "StateStore initialized | mode=DEMO | db=data/journal.db"}
{"ts": "2026-05-11T10:46:32.756Z", "lvl": "WARNING", "cat": "system", "component": "state_repository", "msg": "Kill switch ACTIVATED in DB: Test reason by=pytest id=1"}
{"ts": "2026-05-11T10:46:32.756Z", "lvl": "INFO", "cat": "system", "component": "state_repository", "msg": "Kill switch DEACTIVATED in DB"}
{"ts": "2026-05-11T10:52:05.026Z", "lvl": "INFO", "cat": "system", "component": "event_bus", "msg": "EventBus v2 initialized — workers=4, sync_events=['DRAWDOWN_LIMIT', 'KILL_SWITCH']"}
{"ts": "2026-05-11T10:52:05.038Z", "lvl": "INFO", "cat": "system", "component": "state_store", "msg": "StateStore initialized | mode=DEMO | db=data/journal.db"}
{"ts": "2026-05-11T10:52:05.839Z", "lvl": "WARNING", "cat": "system", "component": "state_repository", "msg": "Kill switch ACTIVATED in DB: Test reason by=pytest id=1"}
{"ts": "2026-05-11T10:52:05.839Z", "lvl": "INFO", "cat": "system", "component": "state_repository", "msg": "Kill switch DEACTIVATED in DB"}
{"ts": "2026-05-11T15:27:13.053Z", "lvl": "INFO", "cat": "system", "component": "event_bus", "msg": "EventBus v2 initialized — workers=4, sync_events=['DRAWDOWN_LIMIT', 'KILL_SWITCH']"}
{"ts": "2026-05-11T15:27:13.110Z", "lvl": "INFO", "cat": "system", "component": "state_store", "msg": "StateStore initialized | mode=DEMO | db=data/journal.db"}
{"ts": "2026-05-11T15:31:55.689Z", "lvl": "INFO", "cat": "system", "component": "event_bus", "msg": "EventBus v2 initialized — workers=4, sync_events=['DRAWDOWN_LIMIT', 'KILL_SWITCH']"}
{"ts": "2026-05-11T15:31:55.700Z", "lvl": "INFO", "cat": "system", "component": "state_store", "msg": "StateStore initialized | mode=DEMO | db=data/journal.db"}
{"ts": "2026-05-11T15:31:56.362Z", "lvl": "INFO", "cat": "system", "component": "event_bus", "msg": "EventBus v2 initialized — workers=4, sync_events=['DRAWDOWN_LIMIT', 'KILL_SWITCH']"}
{"ts": "2026-05-11T15:31:56.370Z", "lvl": "INFO", "cat": "system", "component": "state_store", "msg": "StateStore initialized | mode=DEMO | db=data/journal.db"}
{"ts": "2026-05-11T15:32:11.420Z", "lvl": "INFO", "cat": "system", "component": "event_bus", "msg": "EventBus v2 initialized — workers=4, sync_events=['DRAWDOWN_LIMIT', 'KILL_SWITCH']"}
{"ts": "2026-05-11T15:32:11.429Z", "lvl": "INFO", "cat": "system", "component": "state_store", "msg": "StateStore initialized | mode=DEMO | db=data/journal.db"}
{"ts": "2026-05-11T15:32:30.087Z", "lvl": "INFO", "cat": "system", "component": "event_bus", "msg": "EventBus v2 initialized — workers=4, sync_events=['DRAWDOWN_LIMIT', 'KILL_SWITCH']"}
{"ts": "2026-05-11T15:32:30.101Z", "lvl": "INFO", "cat": "system", "component": "state_store", "msg": "StateStore initialized | mode=DEMO | db=data/journal.db"}
{"ts": "2026-05-11T15:32:37.731Z", "lvl": "INFO", "cat": "system", "component": "event_bus", "msg": "EventBus v2 initialized — workers=4, sync_events=['DRAWDOWN_LIMIT', 'KILL_SWITCH']"}
{"ts": "2026-05-11T15:32:37.739Z", "lvl": "INFO", "cat": "system", "component": "state_store", "msg": "StateStore initialized | mode=DEMO | db=data/journal.db"}
{"ts": "2026-05-11T15:32:37.766Z", "lvl": "INFO", "cat": "system", "component": "event_bus", "msg": "EventBus v2 initialized — workers=2, sync_events=['DRAWDOWN_LIMIT', 'KILL_SWITCH']"}
{"ts": "2026-05-11T15:32:37.766Z", "lvl": "DEBUG", "cat": "system", "component": "event_bus", "msg": "Subscribed: TestEventBusSubscribe.test_subscribe_and_count.<locals>.handler → HEARTBEAT"}
{"ts": "2026-05-11T15:32:37.767Z", "lvl": "INFO", "cat": "system", "component": "event_bus", "msg": "EventBus: shutting down thread pool (waiting for handlers)..."}
{"ts": "2026-05-11T15:32:37.767Z", "lvl": "INFO", "cat": "system", "component": "event_bus", "msg": "EventBus: thread pool stopped cleanly"}
{"ts": "2026-05-11T15:32:37.768Z", "lvl": "INFO", "cat": "system", "component": "event_bus", "msg": "EventBus v2 initialized — workers=2, sync_events=['DRAWDOWN_LIMIT', 'KILL_SWITCH']"}
{"ts": "2026-05-11T15:32:37.768Z", "lvl": "DEBUG", "cat": "system", "component": "event_bus", "msg": "Subscribed: TestEventBusSubscribe.test_unsubscribe.<locals>.handler → HEARTBEAT"}
{"ts": "2026-05-11T15:32:37.768Z", "lvl": "DEBUG", "cat": "system", "component": "event_bus", "msg": "Unsubscribed: TestEventBusSubscribe.test_unsubscribe.<locals>.handler from HEARTBEAT"}
{"ts": "2026-05-11T15:32:37.769Z", "lvl": "INFO", "cat": "system", "component": "event_bus", "msg": "EventBus: shutting down thread pool (waiting for handlers)..."}
{"ts": "2026-05-11T15:32:37.769Z", "lvl": "INFO", "cat": "system", "component": "event_bus", "msg": "EventBus: thread pool stopped cleanly"}
{"ts": "2026-05-11T15:32:37.769Z", "lvl": "INFO", "cat": "system", "component": "event_bus", "msg": "EventBus v2 initialized — workers=2, sync_events=['DRAWDOWN_LIMIT', 'KILL_SWITCH']"}
{"ts": "2026-05-11T15:32:37.770Z", "lvl": "DEBUG", "cat": "system", "component": "event_bus", "msg": "Subscribed: TestEventBusSubscribe.test_multiple_handlers.<locals>.h1 → HEARTBEAT"}
{"ts": "2026-05-11T15:32:37.770Z", "lvl": "DEBUG", "cat": "system", "component": "event_bus", "msg": "Subscribed: TestEventBusSubscribe.test_multiple_handlers.<locals>.h2 → HEARTBEAT"}
{"ts": "2026-05-11T15:32:37.770Z", "lvl": "INFO", "cat": "system", "component": "event_bus", "msg": "EventBus: shutting down thread pool (waiting for handlers)..."}
{"ts": "2026-05-11T15:32:37.771Z", "lvl": "INFO", "cat": "system", "component": "event_bus", "msg": "EventBus: thread pool stopped cleanly"}
{"ts": "2026-05-11T15:32:37.771Z", "lvl": "INFO", "cat": "system", "component": "event_bus", "msg": "EventBus v2 initialized — workers=2, sync_events=['DRAWDOWN_LIMIT', 'KILL_SWITCH']"}
{"ts": "2026-05-11T15:32:37.771Z", "lvl": "DEBUG", "cat": "system", "component": "event_bus", "msg": "No subscribers for: HEARTBEAT"}
{"ts": "2026-05-11T15:32:37.771Z", "lvl": "INFO", "cat": "system", "component": "event_bus", "msg": "EventBus: shutting down thread pool (waiting for handlers)..."}
{"ts": "2026-05-11T15:32:37.772Z", "lvl": "INFO", "cat": "system", "component": "event_bus", "msg": "EventBus: thread pool stopped cleanly"}
{"ts": "2026-05-11T15:32:37.772Z", "lvl": "INFO", "cat": "system", "component": "event_bus", "msg": "EventBus v2 initialized — workers=2, sync_events=['DRAWDOWN_LIMIT', 'KILL_SWITCH']"}
{"ts": "2026-05-11T15:32:37.772Z", "lvl": "DEBUG", "cat": "system", "component": "event_bus", "msg": "Subscribed: TestEventBusPublish.test_publish_calls_handler.<locals>.handler → HEARTBEAT"}
{"ts": "2026-05-11T15:32:37.774Z", "lvl": "DEBUG", "cat": "system", "component": "event_bus", "msg": "Published HEARTBEAT from='test' handlers=1 sync=False"}
{"ts": "2026-05-11T15:32:37.975Z", "lvl": "INFO", "cat": "system", "component": "event_bus", "msg": "EventBus: shutting down thread pool (waiting for handlers)..."}
{"ts": "2026-05-11T15:32:37.975Z", "lvl": "INFO", "cat": "system", "component": "event_bus", "msg": "EventBus: thread pool stopped cleanly"}
{"ts": "2026-05-11T15:32:37.976Z", "lvl": "INFO", "cat": "system", "component": "event_bus", "msg": "EventBus v2 initialized — workers=2, sync_events=['DRAWDOWN_LIMIT', 'KILL_SWITCH']"}
{"ts": "2026-05-11T15:32:37.976Z", "lvl": "DEBUG", "cat": "system", "component": "event_bus", "msg": "Subscribed: TestEventBusPublish.test_publish_returns_handler_count.<locals>.h1 → HEARTBEAT"}
{"ts": "2026-05-11T15:32:37.977Z", "lvl": "DEBUG", "cat": "system", "component": "event_bus", "msg": "Subscribed: TestEventBusPublish.test_publish_returns_handler_count.<locals>.h2 → HEARTBEAT"}
{"ts": "2026-05-11T15:32:37.977Z", "lvl": "DEBUG", "cat": "system", "component": "event_bus", "msg": "Published HEARTBEAT from='' handlers=2 sync=False"}
{"ts": "2026-05-11T15:32:37.977Z", "lvl": "INFO", "cat": "system", "component": "event_bus", "msg": "EventBus: shutting down thread pool (waiting for handlers)..."}
{"ts": "2026-05-11T15:32:37.978Z", "lvl": "INFO", "cat": "system", "component": "event_bus", "msg": "EventBus: thread pool stopped cleanly"}
{"ts": "2026-05-11T15:32:37.978Z", "lvl": "INFO", "cat": "system", "component": "event_bus", "msg": "EventBus v2 initialized — workers=2, sync_events=['DRAWDOWN_LIMIT', 'KILL_SWITCH']"}
{"ts": "2026-05-11T15:32:37.979Z", "lvl": "DEBUG", "cat": "system", "component": "event_bus", "msg": "Subscribed: TestEventBusPublish.test_correlation_id_passed_through.<locals>.handler → SIGNAL_GENERATED"}
{"ts": "2026-05-11T15:32:37.980Z", "lvl": "DEBUG", "cat": "system", "component": "event_bus", "msg": "Published SIGNAL_GENERATED from='' handlers=1 sync=False"}
{"ts": "2026-05-11T15:32:38.181Z", "lvl": "INFO", "cat": "system", "component": "event_bus", "msg": "EventBus: shutting down thread pool (waiting for handlers)..."}
{"ts": "2026-05-11T15:32:38.182Z", "lvl": "INFO", "cat": "system", "component": "event_bus", "msg": "EventBus: thread pool stopped cleanly"}
{"ts": "2026-05-11T15:32:38.183Z", "lvl": "INFO", "cat": "system", "component": "event_bus", "msg": "EventBus v2 initialized — workers=2, sync_events=['DRAWDOWN_LIMIT', 'KILL_SWITCH']"}
{"ts": "2026-05-11T15:32:38.183Z", "lvl": "DEBUG", "cat": "system", "component": "event_bus", "msg": "Subscribed: TestSynchronousEvents.test_kill_switch_is_synchronous.<locals>.handler → KILL_SWITCH"}
{"ts": "2026-05-11T15:32:38.233Z", "lvl": "DEBUG", "cat": "system", "component": "event_bus", "msg": "Published KILL_SWITCH from='' handlers=1 sync=True"}
{"ts": "2026-05-11T15:32:38.234Z", "lvl": "INFO", "cat": "system", "component": "event_bus", "msg": "EventBus: shutting down thread pool (waiting for handlers)..."}
{"ts": "2026-05-11T15:32:38.234Z", "lvl": "INFO", "cat": "system", "component": "event_bus", "msg": "EventBus: thread pool stopped cleanly"}
{"ts": "2026-05-11T15:32:38.235Z", "lvl": "INFO", "cat": "system", "component": "event_bus", "msg": "EventBus v2 initialized — workers=2, sync_events=['DRAWDOWN_LIMIT', 'KILL_SWITCH']"}
{"ts": "2026-05-11T15:32:38.235Z", "lvl": "DEBUG", "cat": "system", "component": "event_bus", "msg": "Subscribed: TestSynchronousEvents.test_drawdown_limit_is_synchronous.<locals>.handler → DRAWDOWN_LIMIT"}
{"ts": "2026-05-11T15:32:38.235Z", "lvl": "DEBUG", "cat": "system", "component": "event_bus", "msg": "Published DRAWDOWN_LIMIT from='' handlers=1 sync=True"}
{"ts": "2026-05-11T15:32:38.236Z", "lvl": "INFO", "cat": "system", "component": "event_bus", "msg": "EventBus: shutting down thread pool (waiting for handlers)..."}
{"ts": "2026-05-11T15:32:38.236Z", "lvl": "INFO", "cat": "system", "component": "event_bus", "msg": "EventBus: thread pool stopped cleanly"}
{"ts": "2026-05-11T15:32:38.237Z", "lvl": "INFO", "cat": "system", "component": "event_bus", "msg": "EventBus v2 initialized — workers=2, sync_events=['DRAWDOWN_LIMIT', 'KILL_SWITCH']"}
{"ts": "2026-05-11T15:32:38.237Z", "lvl": "DEBUG", "cat": "system", "component": "event_bus", "msg": "Subscribed: TestExceptionHandling.test_bad_handler_does_not_crash_bus.<locals>.bad_handler → HEARTBEAT"}
{"ts": "2026-05-11T15:32:38.238Z", "lvl": "DEBUG", "cat": "system", "component": "event_bus", "msg": "Subscribed: TestExceptionHandling.test_bad_handler_does_not_crash_bus.<locals>.good_handler → HEARTBEAT"}
{"ts": "2026-05-11T15:32:38.238Z", "lvl": "ERROR", "cat": "system", "component": "event_bus", "msg": "Handler TestExceptionHandling.test_bad_handler_does_not_crash_bus.<locals>.bad_handler failed on HEARTBEAT: intentional error", "stack_trace": "Traceback (most recent call last):\n  File \"C:\\Users\\p venkata naveen\\Cursor ai\\Quant_Forex_V3\\QUANT_ENGINE_2026\\core\\event_bus.py\", line 339, in _invoke_handler\n    handler(event)\n  File \"C:\\Users\\p venkata naveen\\Cursor ai\\Quant_Forex_V3\\QUANT_ENGINE_2026\\tests\\test_event_bus.py\", line 114, in bad_handler\n    raise ValueError(\"intentional error\")\nValueError: intentional error"}
{"ts": "2026-05-11T15:32:38.238Z", "lvl": "DEBUG", "cat": "system", "component": "event_bus", "msg": "Published HEARTBEAT from='' handlers=2 sync=False"}
{"ts": "2026-05-11T15:32:38.549Z", "lvl": "INFO", "cat": "system", "component": "event_bus", "msg": "EventBus: shutting down thread pool (waiting for handlers)..."}
{"ts": "2026-05-11T15:32:38.550Z", "lvl": "INFO", "cat": "system", "component": "event_bus", "msg": "EventBus: thread pool stopped cleanly"}
{"ts": "2026-05-11T15:32:38.551Z", "lvl": "INFO", "cat": "system", "component": "event_bus", "msg": "EventBus v2 initialized — workers=2, sync_events=['DRAWDOWN_LIMIT', 'KILL_SWITCH']"}
{"ts": "2026-05-11T15:32:38.552Z", "lvl": "DEBUG", "cat": "system", "component": "event_bus", "msg": "Subscribed: TestExceptionHandling.test_failure_count_increments.<locals>.bad_handler → HEARTBEAT"}
{"ts": "2026-05-11T15:32:38.553Z", "lvl": "ERROR", "cat": "system", "component": "event_bus", "msg": "Handler TestExceptionHandling.test_failure_count_increments.<locals>.bad_handler failed on HEARTBEAT: boom", "stack_trace": "Traceback (most recent call last):\n  File \"C:\\Users\\p venkata naveen\\Cursor ai\\Quant_Forex_V3\\QUANT_ENGINE_2026\\core\\event_bus.py\", line 339, in _invoke_handler\n    handler(event)\n  File \"C:\\Users\\p venkata naveen\\Cursor ai\\Quant_Forex_V3\\QUANT_ENGINE_2026\\tests\\test_event_bus.py\", line 127, in bad_handler\n    raise RuntimeError(\"boom\")\nRuntimeError: boom"}
{"ts": "2026-05-11T15:32:38.553Z", "lvl": "DEBUG", "cat": "system", "component": "event_bus", "msg": "Published HEARTBEAT from='' handlers=1 sync=False"}
{"ts": "2026-05-11T15:32:38.855Z", "lvl": "INFO", "cat": "system", "component": "event_bus", "msg": "EventBus: shutting down thread pool (waiting for handlers)..."}
{"ts": "2026-05-11T15:32:38.856Z", "lvl": "INFO", "cat": "system", "component": "event_bus", "msg": "EventBus: thread pool stopped cleanly"}
{"ts": "2026-05-11T15:32:38.856Z", "lvl": "INFO", "cat": "system", "component": "event_bus", "msg": "EventBus v2 initialized — workers=2, sync_events=['DRAWDOWN_LIMIT', 'KILL_SWITCH']"}
{"ts": "2026-05-11T15:32:38.857Z", "lvl": "INFO", "cat": "system", "component": "event_bus", "msg": "EventBus: shutting down thread pool (waiting for handlers)..."}
{"ts": "2026-05-11T15:32:38.857Z", "lvl": "INFO", "cat": "system", "component": "event_bus", "msg": "EventBus: thread pool stopped cleanly"}
{"ts": "2026-05-11T15:32:38.858Z", "lvl": "INFO", "cat": "system", "component": "event_bus", "msg": "EventBus v2 initialized — workers=2, sync_events=['DRAWDOWN_LIMIT', 'KILL_SWITCH']"}
{"ts": "2026-05-11T15:32:38.858Z", "lvl": "DEBUG", "cat": "system", "component": "event_bus", "msg": "No subscribers for: HEARTBEAT"}
{"ts": "2026-05-11T15:32:38.858Z", "lvl": "DEBUG", "cat": "system", "component": "event_bus", "msg": "No subscribers for: HEARTBEAT"}
{"ts": "2026-05-11T15:32:38.859Z", "lvl": "INFO", "cat": "system", "component": "event_bus", "msg": "EventBus: shutting down thread pool (waiting for handlers)..."}
{"ts": "2026-05-11T15:32:38.859Z", "lvl": "INFO", "cat": "system", "component": "event_bus", "msg": "EventBus: thread pool stopped cleanly"}
{"ts": "2026-05-11T15:32:38.859Z", "lvl": "INFO", "cat": "system", "component": "event_bus", "msg": "EventBus v2 initialized — workers=2, sync_events=['DRAWDOWN_LIMIT', 'KILL_SWITCH']"}
{"ts": "2026-05-11T15:32:38.860Z", "lvl": "DEBUG", "cat": "system", "component": "event_bus", "msg": "No subscribers for: HEARTBEAT"}
{"ts": "2026-05-11T15:32:38.962Z", "lvl": "INFO", "cat": "system", "component": "event_bus", "msg": "EventBus: shutting down thread pool (waiting for handlers)..."}
{"ts": "2026-05-11T15:32:38.962Z", "lvl": "INFO", "cat": "system", "component": "event_bus", "msg": "EventBus: thread pool stopped cleanly"}
{"ts": "2026-05-11T15:32:38.963Z", "lvl": "INFO", "cat": "system", "component": "event_bus", "msg": "EventBus v2 initialized — workers=2, sync_events=['DRAWDOWN_LIMIT', 'KILL_SWITCH']"}
{"ts": "2026-05-11T15:32:38.964Z", "lvl": "DEBUG", "cat": "system", "component": "event_bus", "msg": "Subscribed: TestConcurrency.test_concurrent_publish_thread_safe.<locals>.handler → MARKET_DATA"}
{"ts": "2026-05-11T15:32:38.964Z", "lvl": "DEBUG", "cat": "system", "component": "event_bus", "msg": "Published MARKET_DATA from='' handlers=1 sync=False"}
{"ts": "2026-05-11T15:32:38.965Z", "lvl": "DEBUG", "cat": "system", "component": "event_bus", "msg": "Published MARKET_DATA from='' handlers=1 sync=False"}
{"ts": "2026-05-11T15:32:38.965Z", "lvl": "DEBUG", "cat": "system", "component": "event_bus", "msg": "Published MARKET_DATA from='' handlers=1 sync=False"}
{"ts": "2026-05-11T15:32:38.965Z", "lvl": "DEBUG", "cat": "system", "component": "event_bus", "msg": "Published MARKET_DATA from='' handlers=1 sync=False"}
{"ts": "2026-05-11T15:32:38.965Z", "lvl": "DEBUG", "cat": "system", "component": "event_bus", "msg": "Published MARKET_DATA from='' handlers=1 sync=False"}
{"ts": "2026-05-11T15:32:38.966Z", "lvl": "DEBUG", "cat": "system", "component": "event_bus", "msg": "Published MARKET_DATA from='' handlers=1 sync=False"}
{"ts": "2026-05-11T15:32:38.966Z", "lvl": "DEBUG", "cat": "system", "component": "event_bus", "msg": "Published MARKET_DATA from='' handlers=1 sync=False"}
{"ts": "2026-05-11T15:32:38.966Z", "lvl": "DEBUG", "cat": "system", "component": "event_bus", "msg": "Published MARKET_DATA from='' handlers=1 sync=False"}
{"ts": "2026-05-11T15:32:38.966Z", "lvl": "DEBUG", "cat": "system", "component": "event_bus", "msg": "Published MARKET_DATA from='' handlers=1 sync=False"}
{"ts": "2026-05-11T15:32:38.967Z", "lvl": "DEBUG", "cat": "system", "component": "event_bus", "msg": "Published MARKET_DATA from='' handlers=1 sync=False"}
{"ts": "2026-05-11T15:32:38.967Z", "lvl": "DEBUG", "cat": "system", "component": "event_bus", "msg": "Published MARKET_DATA from='' handlers=1 sync=False"}
{"ts": "2026-05-11T15:32:38.967Z", "lvl": "DEBUG", "cat": "system", "component": "event_bus", "msg": "Published MARKET_DATA from='' handlers=1 sync=False"}
{"ts": "2026-05-11T15:32:38.967Z", "lvl": "DEBUG", "cat": "system", "component": "event_bus", "msg": "Published MARKET_DATA from='' handlers=1 sync=False"}
{"ts": "2026-05-11T15:32:38.967Z", "lvl": "DEBUG", "cat": "system", "component": "event_bus", "msg": "Published MARKET_DATA from='' handlers=1 sync=False"}
{"ts": "2026-05-11T15:32:38.968Z", "lvl": "DEBUG", "cat": "system", "component": "event_bus", "msg": "Published MARKET_DATA from='' handlers=1 sync=False"}
{"ts": "2026-05-11T15:32:38.968Z", "lvl": "DEBUG", "cat": "system", "component": "event_bus", "msg": "Published MARKET_DATA from='' handlers=1 sync=False"}
{"ts": "2026-05-11T15:32:38.968Z", "lvl": "DEBUG", "cat": "system", "component": "event_bus", "msg": "Published MARKET_DATA from='' handlers=1 sync=False"}
{"ts": "2026-05-11T15:32:38.968Z", "lvl": "DEBUG", "cat": "system", "component": "event_bus", "msg": "Published MARKET_DATA from='' handlers=1 sync=False"}
{"ts": "2026-05-11T15:32:38.969Z", "lvl": "DEBUG", "cat": "system", "component": "event_bus", "msg": "Published MARKET_DATA from='' handlers=1 sync=False"}
{"ts": "2026-05-11T15:32:38.969Z", "lvl": "DEBUG", "cat": "system", "component": "event_bus", "msg": "Published MARKET_DATA from='' handlers=1 sync=False"}
{"ts": "2026-05-11T15:32:38.969Z", "lvl": "DEBUG", "cat": "system", "component": "event_bus", "msg": "Published MARKET_DATA from='' handlers=1 sync=False"}
{"ts": "2026-05-11T15:32:38.969Z", "lvl": "DEBUG", "cat": "system", "component": "event_bus", "msg": "Published MARKET_DATA from='' handlers=1 sync=False"}
{"ts": "2026-05-11T15:32:38.970Z", "lvl": "DEBUG", "cat": "system", "component": "event_bus", "msg": "Published MARKET_DATA from='' handlers=1 sync=False"}
{"ts": "2026-05-11T15:32:38.970Z", "lvl": "DEBUG", "cat": "system", "component": "event_bus", "msg": "Published MARKET_DATA from='' handlers=1 sync=False"}
{"ts": "2026-05-11T15:32:38.970Z", "lvl": "DEBUG", "cat": "system", "component": "event_bus", "msg": "Published MARKET_DATA from='' handlers=1 sync=False"}
{"ts": "2026-05-11T15:32:38.970Z", "lvl": "DEBUG", "cat": "system", "component": "event_bus", "msg": "Published MARKET_DATA from='' handlers=1 sync=False"}
{"ts": "2026-05-11T15:32:38.970Z", "lvl": "DEBUG", "cat": "system", "component": "event_bus", "msg": "Published MARKET_DATA from='' handlers=1 sync=False"}
{"ts": "2026-05-11T15:32:38.971Z", "lvl": "DEBUG", "cat": "system", "component": "event_bus", "msg": "Published MARKET_DATA from='' handlers=1 sync=False"}
{"ts": "2026-05-11T15:32:38.971Z", "lvl": "DEBUG", "cat": "system", "component": "event_bus", "msg": "Published MARKET_DATA from='' handlers=1 sync=False"}
{"ts": "2026-05-11T15:32:38.971Z", "lvl": "DEBUG", "cat": "system", "component": "event_bus", "msg": "Published MARKET_DATA from='' handlers=1 sync=False"}
{"ts": "2026-05-11T15:32:38.971Z", "lvl": "DEBUG", "cat": "system", "component": "event_bus", "msg": "Published MARKET_DATA from='' handlers=1 sync=False"}
{"ts": "2026-05-11T15:32:38.971Z", "lvl": "DEBUG", "cat": "system", "component": "event_bus", "msg": "Published MARKET_DATA from='' handlers=1 sync=False"}
{"ts": "2026-05-11T15:32:38.972Z", "lvl": "DEBUG", "cat": "system", "component": "event_bus", "msg": "Published MARKET_DATA from='' handlers=1 sync=False"}
{"ts": "2026-05-11T15:32:38.972Z", "lvl": "DEBUG", "cat": "system", "component": "event_bus", "msg": "Published MARKET_DATA from='' handlers=1 sync=False"}
{"ts": "2026-05-11T15:32:38.972Z", "lvl": "DEBUG", "cat": "system", "component": "event_bus", "msg": "Published MARKET_DATA from='' handlers=1 sync=False"}
{"ts": "2026-05-11T15:32:38.972Z", "lvl": "DEBUG", "cat": "system", "component": "event_bus", "msg": "Published MARKET_DATA from='' handlers=1 sync=False"}
{"ts": "2026-05-11T15:32:38.973Z", "lvl": "DEBUG", "cat": "system", "component": "event_bus", "msg": "Published MARKET_DATA from='' handlers=1 sync=False"}
{"ts": "2026-05-11T15:32:38.973Z", "lvl": "DEBUG", "cat": "system", "component": "event_bus", "msg": "Published MARKET_DATA from='' handlers=1 sync=False"}
{"ts": "2026-05-11T15:32:38.973Z", "lvl": "DEBUG", "cat": "system", "component": "event_bus", "msg": "Published MARKET_DATA from='' handlers=1 sync=False"}
{"ts": "2026-05-11T15:32:38.974Z", "lvl": "DEBUG", "cat": "system", "component": "event_bus", "msg": "Published MARKET_DATA from='' handlers=1 sync=False"}
{"ts": "2026-05-11T15:32:38.974Z", "lvl": "DEBUG", "cat": "system", "component": "event_bus", "msg": "Published MARKET_DATA from='' handlers=1 sync=False"}
{"ts": "2026-05-11T15:32:38.974Z", "lvl": "DEBUG", "cat": "system", "component": "event_bus", "msg": "Published MARKET_DATA from='' handlers=1 sync=False"}
{"ts": "2026-05-11T15:32:38.974Z", "lvl": "DEBUG", "cat": "system", "component": "event_bus", "msg": "Published MARKET_DATA from='' handlers=1 sync=False"}
{"ts": "2026-05-11T15:32:38.974Z", "lvl": "DEBUG", "cat": "system", "component": "event_bus", "msg": "Published MARKET_DATA from='' handlers=1 sync=False"}
{"ts": "2026-05-11T15:32:38.975Z", "lvl": "DEBUG", "cat": "system", "component": "event_bus", "msg": "Published MARKET_DATA from='' handlers=1 sync=False"}
{"ts": "2026-05-11T15:32:38.975Z", "lvl": "DEBUG", "cat": "system", "component": "event_bus", "msg": "Published MARKET_DATA from='' handlers=1 sync=False"}
{"ts": "2026-05-11T15:32:38.975Z", "lvl": "DEBUG", "cat": "system", "component": "event_bus", "msg": "Published MARKET_DATA from='' handlers=1 sync=False"}
{"ts": "2026-05-11T15:32:38.975Z", "lvl": "DEBUG", "cat": "system", "component": "event_bus", "msg": "Published MARKET_DATA from='' handlers=1 sync=False"}
{"ts": "2026-05-11T15:32:38.976Z", "lvl": "DEBUG", "cat": "system", "component": "event_bus", "msg": "Published MARKET_DATA from='' handlers=1 sync=False"}
{"ts": "2026-05-11T15:32:38.976Z", "lvl": "DEBUG", "cat": "system", "component": "event_bus", "msg": "Published MARKET_DATA from='' handlers=1 sync=False"}
{"ts": "2026-05-11T15:32:38.976Z", "lvl": "DEBUG", "cat": "system", "component": "event_bus", "msg": "Published MARKET_DATA from='' handlers=1 sync=False"}
{"ts": "2026-05-11T15:32:38.976Z", "lvl": "DEBUG", "cat": "system", "component": "event_bus", "msg": "Published MARKET_DATA from='' handlers=1 sync=False"}
{"ts": "2026-05-11T15:32:38.976Z", "lvl": "DEBUG", "cat": "system", "component": "event_bus", "msg": "Published MARKET_DATA from='' handlers=1 sync=False"}
{"ts": "2026-05-11T15:32:38.977Z", "lvl": "DEBUG", "cat": "system", "component": "event_bus", "msg": "Published MARKET_DATA from='' handlers=1 sync=False"}
{"ts": "2026-05-11T15:32:38.977Z", "lvl": "DEBUG", "cat": "system", "component": "event_bus", "msg": "Published MARKET_DATA from='' handlers=1 sync=False"}
{"ts": "2026-05-11T15:32:38.977Z", "lvl": "DEBUG", "cat": "system", "component": "event_bus", "msg": "Published MARKET_DATA from='' handlers=1 sync=False"}
{"ts": "2026-05-11T15:32:38.977Z", "lvl": "DEBUG", "cat": "system", "component": "event_bus", "msg": "Published MARKET_DATA from='' handlers=1 sync=False"}
{"ts": "2026-05-11T15:32:38.977Z", "lvl": "DEBUG", "cat": "system", "component": "event_bus", "msg": "Published MARKET_DATA from='' handlers=1 sync=False"}
{"ts": "2026-05-11T15:32:38.978Z", "lvl": "DEBUG", "cat": "system", "component": "event_bus", "msg": "Published MARKET_DATA from='' handlers=1 sync=False"}
{"ts": "2026-05-11T15:32:38.978Z", "lvl": "DEBUG", "cat": "system", "component": "event_bus", "msg": "Published MARKET_DATA from='' handlers=1 sync=False"}
{"ts": "2026-05-11T15:32:38.978Z", "lvl": "DEBUG", "cat": "system", "component": "event_bus", "msg": "Published MARKET_DATA from='' handlers=1 sync=False"}
{"ts": "2026-05-11T15:32:38.978Z", "lvl": "DEBUG", "cat": "system", "component": "event_bus", "msg": "Published MARKET_DATA from='' handlers=1 sync=False"}
{"ts": "2026-05-11T15:32:38.978Z", "lvl": "DEBUG", "cat": "system", "component": "event_bus", "msg": "Published MARKET_DATA from='' handlers=1 sync=False"}
{"ts": "2026-05-11T15:32:38.978Z", "lvl": "DEBUG", "cat": "system", "component": "event_bus", "msg": "Published MARKET_DATA from='' handlers=1 sync=False"}
{"ts": "2026-05-11T15:32:38.978Z", "lvl": "DEBUG", "cat": "system", "component": "event_bus", "msg": "Published MARKET_DATA from='' handlers=1 sync=False"}
{"ts": "2026-05-11T15:32:38.979Z", "lvl": "DEBUG", "cat": "system", "component": "event_bus", "msg": "Published MARKET_DATA from='' handlers=1 sync=False"}
{"ts": "2026-05-11T15:32:38.979Z", "lvl": "DEBUG", "cat": "system", "component": "event_bus", "msg": "Published MARKET_DATA from='' handlers=1 sync=False"}
{"ts": "2026-05-11T15:32:38.979Z", "lvl": "DEBUG", "cat": "system", "component": "event_bus", "msg": "Published MARKET_DATA from='' handlers=1 sync=False"}
{"ts": "2026-05-11T15:32:38.979Z", "lvl": "DEBUG", "cat": "system", "component": "event_bus", "msg": "Published MARKET_DATA from='' handlers=1 sync=False"}
{"ts": "2026-05-11T15:32:38.979Z", "lvl": "DEBUG", "cat": "system", "component": "event_bus", "msg": "Published MARKET_DATA from='' handlers=1 sync=False"}
{"ts": "2026-05-11T15:32:38.979Z", "lvl": "DEBUG", "cat": "system", "component": "event_bus", "msg": "Published MARKET_DATA from='' handlers=1 sync=False"}
{"ts": "2026-05-11T15:32:38.980Z", "lvl": "DEBUG", "cat": "system", "component": "event_bus", "msg": "Published MARKET_DATA from='' handlers=1 sync=False"}
{"ts": "2026-05-11T15:32:38.980Z", "lvl": "DEBUG", "cat": "system", "component": "event_bus", "msg": "Published MARKET_DATA from='' handlers=1 sync=False"}
{"ts": "2026-05-11T15:32:38.980Z", "lvl": "DEBUG", "cat": "system", "component": "event_bus", "msg": "Published MARKET_DATA from='' handlers=1 sync=False"}
{"ts": "2026-05-11T15:32:38.980Z", "lvl": "DEBUG", "cat": "system", "component": "event_bus", "msg": "Published MARKET_DATA from='' handlers=1 sync=False"}
{"ts": "2026-05-11T15:32:38.981Z", "lvl": "DEBUG", "cat": "system", "component": "event_bus", "msg": "Published MARKET_DATA from='' handlers=1 sync=False"}
{"ts": "2026-05-11T15:32:38.981Z", "lvl": "DEBUG", "cat": "system", "component": "event_bus", "msg": "Published MARKET_DATA from='' handlers=1 sync=False"}
{"ts": "2026-05-11T15:32:38.981Z", "lvl": "DEBUG", "cat": "system", "component": "event_bus", "msg": "Published MARKET_DATA from='' handlers=1 sync=False"}
{"ts": "2026-05-11T15:32:38.981Z", "lvl": "DEBUG", "cat": "system", "component": "event_bus", "msg": "Published MARKET_DATA from='' handlers=1 sync=False"}
{"ts": "2026-05-11T15:32:38.982Z", "lvl": "DEBUG", "cat": "system", "component": "event_bus", "msg": "Published MARKET_DATA from='' handlers=1 sync=False"}
{"ts": "2026-05-11T15:32:38.982Z", "lvl": "DEBUG", "cat": "system", "component": "event_bus", "msg": "Published MARKET_DATA from='' handlers=1 sync=False"}
{"ts": "2026-05-11T15:32:38.982Z", "lvl": "DEBUG", "cat": "system", "component": "event_bus", "msg": "Published MARKET_DATA from='' handlers=1 sync=False"}
{"ts": "2026-05-11T15:32:38.982Z", "lvl": "DEBUG", "cat": "system", "component": "event_bus", "msg": "Published MARKET_DATA from='' handlers=1 sync=False"}
{"ts": "2026-05-11T15:32:38.982Z", "lvl": "DEBUG", "cat": "system", "component": "event_bus", "msg": "Published MARKET_DATA from='' handlers=1 sync=False"}
{"ts": "2026-05-11T15:32:38.983Z", "lvl": "DEBUG", "cat": "system", "component": "event_bus", "msg": "Published MARKET_DATA from='' handlers=1 sync=False"}
{"ts": "2026-05-11T15:32:38.983Z", "lvl": "DEBUG", "cat": "system", "component": "event_bus", "msg": "Published MARKET_DATA from='' handlers=1 sync=False"}
{"ts": "2026-05-11T15:32:38.983Z", "lvl": "DEBUG", "cat": "system", "component": "event_bus", "msg": "Published MARKET_DATA from='' handlers=1 sync=False"}
{"ts": "2026-05-11T15:32:38.983Z", "lvl": "DEBUG", "cat": "system", "component": "event_bus", "msg": "Published MARKET_DATA from='' handlers=1 sync=False"}
{"ts": "2026-05-11T15:32:38.983Z", "lvl": "DEBUG", "cat": "system", "component": "event_bus", "msg": "Published MARKET_DATA from='' handlers=1 sync=False"}
{"ts": "2026-05-11T15:32:38.983Z", "lvl": "DEBUG", "cat": "system", "component": "event_bus", "msg": "Published MARKET_DATA from='' handlers=1 sync=False"}
{"ts": "2026-05-11T15:32:38.984Z", "lvl": "DEBUG", "cat": "system", "component": "event_bus", "msg": "Published MARKET_DATA from='' handlers=1 sync=False"}
{"ts": "2026-05-11T15:32:38.984Z", "lvl": "DEBUG", "cat": "system", "component": "event_bus", "msg": "Published MARKET_DATA from='' handlers=1 sync=False"}
{"ts": "2026-05-11T15:32:38.984Z", "lvl": "DEBUG", "cat": "system", "component": "event_bus", "msg": "Published MARKET_DATA from='' handlers=1 sync=False"}
{"ts": "2026-05-11T15:32:38.985Z", "lvl": "DEBUG", "cat": "system", "component": "event_bus", "msg": "Published MARKET_DATA from='' handlers=1 sync=False"}
{"ts": "2026-05-11T15:32:38.985Z", "lvl": "DEBUG", "cat": "system", "component": "event_bus", "msg": "Published MARKET_DATA from='' handlers=1 sync=False"}
{"ts": "2026-05-11T15:32:38.985Z", "lvl": "DEBUG", "cat": "system", "component": "event_bus", "msg": "Published MARKET_DATA from='' handlers=1 sync=False"}
{"ts": "2026-05-11T15:32:38.985Z", "lvl": "DEBUG", "cat": "system", "component": "event_bus", "msg": "Published MARKET_DATA from='' handlers=1 sync=False"}
{"ts": "2026-05-11T15:32:38.985Z", "lvl": "DEBUG", "cat": "system", "component": "event_bus", "msg": "Published MARKET_DATA from='' handlers=1 sync=False"}
{"ts": "2026-05-11T15:32:38.985Z", "lvl": "DEBUG", "cat": "system", "component": "event_bus", "msg": "Published MARKET_DATA from='' handlers=1 sync=False"}
{"ts": "2026-05-11T15:32:38.986Z", "lvl": "DEBUG", "cat": "system", "component": "event_bus", "msg": "Published MARKET_DATA from='' handlers=1 sync=False"}
{"ts": "2026-05-11T15:32:38.986Z", "lvl": "DEBUG", "cat": "system", "component": "event_bus", "msg": "Published MARKET_DATA from='' handlers=1 sync=False"}
{"ts": "2026-05-11T15:32:38.987Z", "lvl": "DEBUG", "cat": "system", "component": "event_bus", "msg": "Published MARKET_DATA from='' handlers=1 sync=False"}
{"ts": "2026-05-11T15:32:38.987Z", "lvl": "DEBUG", "cat": "system", "component": "event_bus", "msg": "Published MARKET_DATA from='' handlers=1 sync=False"}
{"ts": "2026-05-11T15:32:38.987Z", "lvl": "DEBUG", "cat": "system", "component": "event_bus", "msg": "Published MARKET_DATA from='' handlers=1 sync=False"}
{"ts": "2026-05-11T15:32:38.987Z", "lvl": "DEBUG", "cat": "system", "component": "event_bus", "msg": "Published MARKET_DATA from='' handlers=1 sync=False"}
{"ts": "2026-05-11T15:32:38.988Z", "lvl": "DEBUG", "cat": "system", "component": "event_bus", "msg": "Published MARKET_DATA from='' handlers=1 sync=False"}
{"ts": "2026-05-11T15:32:38.988Z", "lvl": "DEBUG", "cat": "system", "component": "event_bus", "msg": "Published MARKET_DATA from='' handlers=1 sync=False"}
{"ts": "2026-05-11T15:32:38.988Z", "lvl": "DEBUG", "cat": "system", "component": "event_bus", "msg": "Published MARKET_DATA from='' handlers=1 sync=False"}
{"ts": "2026-05-11T15:32:38.989Z", "lvl": "DEBUG", "cat": "system", "component": "event_bus", "msg": "Published MARKET_DATA from='' handlers=1 sync=False"}
{"ts": "2026-05-11T15:32:38.989Z", "lvl": "DEBUG", "cat": "system", "component": "event_bus", "msg": "Published MARKET_DATA from='' handlers=1 sync=False"}
{"ts": "2026-05-11T15:32:38.989Z", "lvl": "DEBUG", "cat": "system", "component": "event_bus", "msg": "Published MARKET_DATA from='' handlers=1 sync=False"}
{"ts": "2026-05-11T15:32:38.989Z", "lvl": "DEBUG", "cat": "system", "component": "event_bus", "msg": "Published MARKET_DATA from='' handlers=1 sync=False"}
{"ts": "2026-05-11T15:32:38.989Z", "lvl": "DEBUG", "cat": "system", "component": "event_bus", "msg": "Published MARKET_DATA from='' handlers=1 sync=False"}
{"ts": "2026-05-11T15:32:38.989Z", "lvl": "DEBUG", "cat": "system", "component": "event_bus", "msg": "Published MARKET_DATA from='' handlers=1 sync=False"}
{"ts": "2026-05-11T15:32:38.990Z", "lvl": "DEBUG", "cat": "system", "component": "event_bus", "msg": "Published MARKET_DATA from='' handlers=1 sync=False"}
{"ts": "2026-05-11T15:32:38.990Z", "lvl": "DEBUG", "cat": "system", "component": "event_bus", "msg": "Published MARKET_DATA from='' handlers=1 sync=False"}
{"ts": "2026-05-11T15:32:38.990Z", "lvl": "DEBUG", "cat": "system", "component": "event_bus", "msg": "Published MARKET_DATA from='' handlers=1 sync=False"}
{"ts": "2026-05-11T15:32:38.990Z", "lvl": "DEBUG", "cat": "system", "component": "event_bus", "msg": "Published MARKET_DATA from='' handlers=1 sync=False"}
{"ts": "2026-05-11T15:32:38.990Z", "lvl": "DEBUG", "cat": "system", "component": "event_bus", "msg": "Published MARKET_DATA from='' handlers=1 sync=False"}
{"ts": "2026-05-11T15:32:38.990Z", "lvl": "DEBUG", "cat": "system", "component": "event_bus", "msg": "Published MARKET_DATA from='' handlers=1 sync=False"}
{"ts": "2026-05-11T15:32:38.991Z", "lvl": "DEBUG", "cat": "system", "component": "event_bus", "msg": "Published MARKET_DATA from='' handlers=1 sync=False"}
{"ts": "2026-05-11T15:32:38.991Z", "lvl": "DEBUG", "cat": "system", "component": "event_bus", "msg": "Published MARKET_DATA from='' handlers=1 sync=False"}
{"ts": "2026-05-11T15:32:38.991Z", "lvl": "DEBUG", "cat": "system", "component": "event_bus", "msg": "Published MARKET_DATA from='' handlers=1 sync=False"}
{"ts": "2026-05-11T15:32:38.991Z", "lvl": "DEBUG", "cat": "system", "component": "event_bus", "msg": "Published MARKET_DATA from='' handlers=1 sync=False"}
{"ts": "2026-05-11T15:32:38.991Z", "lvl": "DEBUG", "cat": "system", "component": "event_bus", "msg": "Published MARKET_DATA from='' handlers=1 sync=False"}
{"ts": "2026-05-11T15:32:38.991Z", "lvl": "DEBUG", "cat": "system", "component": "event_bus", "msg": "Published MARKET_DATA from='' handlers=1 sync=False"}
{"ts": "2026-05-11T15:32:38.992Z", "lvl": "DEBUG", "cat": "system", "component": "event_bus", "msg": "Published MARKET_DATA from='' handlers=1 sync=False"}
{"ts": "2026-05-11T15:32:38.992Z", "lvl": "DEBUG", "cat": "system", "component": "event_bus", "msg": "Published MARKET_DATA from='' handlers=1 sync=False"}
{"ts": "2026-05-11T15:32:38.992Z", "lvl": "DEBUG", "cat": "system", "component": "event_bus", "msg": "Published MARKET_DATA from='' handlers=1 sync=False"}
{"ts": "2026-05-11T15:32:38.992Z", "lvl": "DEBUG", "cat": "system", "component": "event_bus", "msg": "Published MARKET_DATA from='' handlers=1 sync=False"}
{"ts": "2026-05-11T15:32:38.992Z", "lvl": "DEBUG", "cat": "system", "component": "event_bus", "msg": "Published MARKET_DATA from='' handlers=1 sync=False"}
{"ts": "2026-05-11T15:32:38.993Z", "lvl": "DEBUG", "cat": "system", "component": "event_bus", "msg": "Published MARKET_DATA from='' handlers=1 sync=False"}
{"ts": "2026-05-11T15:32:38.993Z", "lvl": "DEBUG", "cat": "system", "component": "event_bus", "msg": "Published MARKET_DATA from='' handlers=1 sync=False"}
{"ts": "2026-05-11T15:32:38.993Z", "lvl": "DEBUG", "cat": "system", "component": "event_bus", "msg": "Published MARKET_DATA from='' handlers=1 sync=False"}
{"ts": "2026-05-11T15:32:38.993Z", "lvl": "DEBUG", "cat": "system", "component": "event_bus", "msg": "Published MARKET_DATA from='' handlers=1 sync=False"}
{"ts": "2026-05-11T15:32:38.993Z", "lvl": "DEBUG", "cat": "system", "component": "event_bus", "msg": "Published MARKET_DATA from='' handlers=1 sync=False"}
{"ts": "2026-05-11T15:32:38.993Z", "lvl": "DEBUG", "cat": "system", "component": "event_bus", "msg": "Published MARKET_DATA from='' handlers=1 sync=False"}
{"ts": "2026-05-11T15:32:38.993Z", "lvl": "DEBUG", "cat": "system", "component": "event_bus", "msg": "Published MARKET_DATA from='' handlers=1 sync=False"}
{"ts": "2026-05-11T15:32:38.993Z", "lvl": "DEBUG", "cat": "system", "component": "event_bus", "msg": "Published MARKET_DATA from='' handlers=1 sync=False"}
{"ts": "2026-05-11T15:32:38.994Z", "lvl": "DEBUG", "cat": "system", "component": "event_bus", "msg": "Published MARKET_DATA from='' handlers=1 sync=False"}
{"ts": "2026-05-11T15:32:38.994Z", "lvl": "DEBUG", "cat": "system", "component": "event_bus", "msg": "Published MARKET_DATA from='' handlers=1 sync=False"}
{"ts": "2026-05-11T15:32:38.994Z", "lvl": "DEBUG", "cat": "system", "component": "event_bus", "msg": "Published MARKET_DATA from='' handlers=1 sync=False"}
{"ts": "2026-05-11T15:32:38.994Z", "lvl": "DEBUG", "cat": "system", "component": "event_bus", "msg": "Published MARKET_DATA from='' handlers=1 sync=False"}
{"ts": "2026-05-11T15:32:38.994Z", "lvl": "DEBUG", "cat": "system", "component": "event_bus", "msg": "Published MARKET_DATA from='' handlers=1 sync=False"}
{"ts": "2026-05-11T15:32:38.994Z", "lvl": "DEBUG", "cat": "system", "component": "event_bus", "msg": "Published MARKET_DATA from='' handlers=1 sync=False"}
{"ts": "2026-05-11T15:32:38.994Z", "lvl": "DEBUG", "cat": "system", "component": "event_bus", "msg": "Published MARKET_DATA from='' handlers=1 sync=False"}
{"ts": "2026-05-11T15:32:38.995Z", "lvl": "DEBUG", "cat": "system", "component": "event_bus", "msg": "Published MARKET_DATA from='' handlers=1 sync=False"}
{"ts": "2026-05-11T15:32:38.995Z", "lvl": "DEBUG", "cat": "system", "component": "event_bus", "msg": "Published MARKET_DATA from='' handlers=1 sync=False"}
{"ts": "2026-05-11T15:32:38.995Z", "lvl": "DEBUG", "cat": "system", "component": "event_bus", "msg": "Published MARKET_DATA from='' handlers=1 sync=False"}
{"ts": "2026-05-11T15:32:38.995Z", "lvl": "DEBUG", "cat": "system", "component": "event_bus", "msg": "Published MARKET_DATA from='' handlers=1 sync=False"}
{"ts": "2026-05-11T15:32:38.996Z", "lvl": "DEBUG", "cat": "system", "component": "event_bus", "msg": "Published MARKET_DATA from='' handlers=1 sync=False"}
{"ts": "2026-05-11T15:32:38.996Z", "lvl": "DEBUG", "cat": "system", "component": "event_bus", "msg": "Published MARKET_DATA from='' handlers=1 sync=False"}
{"ts": "2026-05-11T15:32:38.996Z", "lvl": "DEBUG", "cat": "system", "component": "event_bus", "msg": "Published MARKET_DATA from='' handlers=1 sync=False"}
{"ts": "2026-05-11T15:32:38.996Z", "lvl": "DEBUG", "cat": "system", "component": "event_bus", "msg": "Published MARKET_DATA from='' handlers=1 sync=False"}
{"ts": "2026-05-11T15:32:38.996Z", "lvl": "DEBUG", "cat": "system", "component": "event_bus", "msg": "Published MARKET_DATA from='' handlers=1 sync=False"}
{"ts": "2026-05-11T15:32:38.996Z", "lvl": "DEBUG", "cat": "system", "component": "event_bus", "msg": "Published MARKET_DATA from='' handlers=1 sync=False"}
{"ts": "2026-05-11T15:32:38.997Z", "lvl": "DEBUG", "cat": "system", "component": "event_bus", "msg": "Published MARKET_DATA from='' handlers=1 sync=False"}
{"ts": "2026-05-11T15:32:38.997Z", "lvl": "DEBUG", "cat": "system", "component": "event_bus", "msg": "Published MARKET_DATA from='' handlers=1 sync=False"}
{"ts": "2026-05-11T15:32:38.997Z", "lvl": "DEBUG", "cat": "system", "component": "event_bus", "msg": "Published MARKET_DATA from='' handlers=1 sync=False"}
{"ts": "2026-05-11T15:32:38.997Z", "lvl": "DEBUG", "cat": "system", "component": "event_bus", "msg": "Published MARKET_DATA from='' handlers=1 sync=False"}
{"ts": "2026-05-11T15:32:38.997Z", "lvl": "DEBUG", "cat": "system", "component": "event_bus", "msg": "Published MARKET_DATA from='' handlers=1 sync=False"}
{"ts": "2026-05-11T15:32:38.997Z", "lvl": "DEBUG", "cat": "system", "component": "event_bus", "msg": "Published MARKET_DATA from='' handlers=1 sync=False"}
{"ts": "2026-05-11T15:32:38.998Z", "lvl": "DEBUG", "cat": "system", "component": "event_bus", "msg": "Published MARKET_DATA from='' handlers=1 sync=False"}
{"ts": "2026-05-11T15:32:38.998Z", "lvl": "DEBUG", "cat": "system", "component": "event_bus", "msg": "Published MARKET_DATA from='' handlers=1 sync=False"}
{"ts": "2026-05-11T15:32:38.998Z", "lvl": "DEBUG", "cat": "system", "component": "event_bus", "msg": "Published MARKET_DATA from='' handlers=1 sync=False"}
{"ts": "2026-05-11T15:32:38.998Z", "lvl": "DEBUG", "cat": "system", "component": "event_bus", "msg": "Published MARKET_DATA from='' handlers=1 sync=False"}
{"ts": "2026-05-11T15:32:38.998Z", "lvl": "DEBUG", "cat": "system", "component": "event_bus", "msg": "Published MARKET_DATA from='' handlers=1 sync=False"}
{"ts": "2026-05-11T15:32:38.999Z", "lvl": "DEBUG", "cat": "system", "component": "event_bus", "msg": "Published MARKET_DATA from='' handlers=1 sync=False"}
{"ts": "2026-05-11T15:32:38.999Z", "lvl": "DEBUG", "cat": "system", "component": "event_bus", "msg": "Published MARKET_DATA from='' handlers=1 sync=False"}
{"ts": "2026-05-11T15:32:38.999Z", "lvl": "DEBUG", "cat": "system", "component": "event_bus", "msg": "Published MARKET_DATA from='' handlers=1 sync=False"}
{"ts": "2026-05-11T15:32:38.999Z", "lvl": "DEBUG", "cat": "system", "component": "event_bus", "msg": "Published MARKET_DATA from='' handlers=1 sync=False"}
{"ts": "2026-05-11T15:32:38.999Z", "lvl": "DEBUG", "cat": "system", "component": "event_bus", "msg": "Published MARKET_DATA from='' handlers=1 sync=False"}
{"ts": "2026-05-11T15:32:38.999Z", "lvl": "DEBUG", "cat": "system", "component": "event_bus", "msg": "Published MARKET_DATA from='' handlers=1 sync=False"}
{"ts": "2026-05-11T15:32:39.000Z", "lvl": "DEBUG", "cat": "system", "component": "event_bus", "msg": "Published MARKET_DATA from='' handlers=1 sync=False"}
{"ts": "2026-05-11T15:32:39.000Z", "lvl": "DEBUG", "cat": "system", "component": "event_bus", "msg": "Published MARKET_DATA from='' handlers=1 sync=False"}
{"ts": "2026-05-11T15:32:39.000Z", "lvl": "DEBUG", "cat": "system", "component": "event_bus", "msg": "Published MARKET_DATA from='' handlers=1 sync=False"}
{"ts": "2026-05-11T15:32:39.000Z", "lvl": "DEBUG", "cat": "system", "component": "event_bus", "msg": "Published MARKET_DATA from='' handlers=1 sync=False"}
{"ts": "2026-05-11T15:32:39.000Z", "lvl": "DEBUG", "cat": "system", "component": "event_bus", "msg": "Published MARKET_DATA from='' handlers=1 sync=False"}
{"ts": "2026-05-11T15:32:39.000Z", "lvl": "DEBUG", "cat": "system", "component": "event_bus", "msg": "Published MARKET_DATA from='' handlers=1 sync=False"}
{"ts": "2026-05-11T15:32:39.001Z", "lvl": "DEBUG", "cat": "system", "component": "event_bus", "msg": "Published MARKET_DATA from='' handlers=1 sync=False"}
{"ts": "2026-05-11T15:32:39.001Z", "lvl": "DEBUG", "cat": "system", "component": "event_bus", "msg": "Published MARKET_DATA from='' handlers=1 sync=False"}
{"ts": "2026-05-11T15:32:39.002Z", "lvl": "DEBUG", "cat": "system", "component": "event_bus", "msg": "Published MARKET_DATA from='' handlers=1 sync=False"}
{"ts": "2026-05-11T15:32:39.002Z", "lvl": "DEBUG", "cat": "system", "component": "event_bus", "msg": "Published MARKET_DATA from='' handlers=1 sync=False"}
{"ts": "2026-05-11T15:32:39.002Z", "lvl": "DEBUG", "cat": "system", "component": "event_bus", "msg": "Published MARKET_DATA from='' handlers=1 sync=False"}
{"ts": "2026-05-11T15:32:39.002Z", "lvl": "DEBUG", "cat": "system", "component": "event_bus", "msg": "Published MARKET_DATA from='' handlers=1 sync=False"}
{"ts": "2026-05-11T15:32:39.002Z", "lvl": "DEBUG", "cat": "system", "component": "event_bus", "msg": "Published MARKET_DATA from='' handlers=1 sync=False"}
{"ts": "2026-05-11T15:32:39.003Z", "lvl": "DEBUG", "cat": "system", "component": "event_bus", "msg": "Published MARKET_DATA from='' handlers=1 sync=False"}
{"ts": "2026-05-11T15:32:39.003Z", "lvl": "DEBUG", "cat": "system", "component": "event_bus", "msg": "Published MARKET_DATA from='' handlers=1 sync=False"}
{"ts": "2026-05-11T15:32:39.003Z", "lvl": "DEBUG", "cat": "system", "component": "event_bus", "msg": "Published MARKET_DATA from='' handlers=1 sync=False"}
{"ts": "2026-05-11T15:32:39.003Z", "lvl": "DEBUG", "cat": "system", "component": "event_bus", "msg": "Published MARKET_DATA from='' handlers=1 sync=False"}
{"ts": "2026-05-11T15:32:39.003Z", "lvl": "DEBUG", "cat": "system", "component": "event_bus", "msg": "Published MARKET_DATA from='' handlers=1 sync=False"}
{"ts": "2026-05-11T15:32:39.003Z", "lvl": "DEBUG", "cat": "system", "component": "event_bus", "msg": "Published MARKET_DATA from='' handlers=1 sync=False"}
{"ts": "2026-05-11T15:32:39.004Z", "lvl": "DEBUG", "cat": "system", "component": "event_bus", "msg": "Published MARKET_DATA from='' handlers=1 sync=False"}
{"ts": "2026-05-11T15:32:39.004Z", "lvl": "DEBUG", "cat": "system", "component": "event_bus", "msg": "Published MARKET_DATA from='' handlers=1 sync=False"}
{"ts": "2026-05-11T15:32:39.004Z", "lvl": "DEBUG", "cat": "system", "component": "event_bus", "msg": "Published MARKET_DATA from='' handlers=1 sync=False"}
{"ts": "2026-05-11T15:32:39.004Z", "lvl": "DEBUG", "cat": "system", "component": "event_bus", "msg": "Published MARKET_DATA from='' handlers=1 sync=False"}
{"ts": "2026-05-11T15:32:39.004Z", "lvl": "DEBUG", "cat": "system", "component": "event_bus", "msg": "Published MARKET_DATA from='' handlers=1 sync=False"}
{"ts": "2026-05-11T15:32:39.004Z", "lvl": "DEBUG", "cat": "system", "component": "event_bus", "msg": "Published MARKET_DATA from='' handlers=1 sync=False"}
{"ts": "2026-05-11T15:32:39.005Z", "lvl": "DEBUG", "cat": "system", "component": "event_bus", "msg": "Published MARKET_DATA from='' handlers=1 sync=False"}
{"ts": "2026-05-11T15:32:39.005Z", "lvl": "DEBUG", "cat": "system", "component": "event_bus", "msg": "Published MARKET_DATA from='' handlers=1 sync=False"}
{"ts": "2026-05-11T15:32:39.506Z", "lvl": "INFO", "cat": "system", "component": "event_bus", "msg": "EventBus: shutting down thread pool (waiting for handlers)..."}
{"ts": "2026-05-11T15:32:39.507Z", "lvl": "INFO", "cat": "system", "component": "event_bus", "msg": "EventBus: thread pool stopped cleanly"}
{"ts": "2026-05-11T15:32:44.403Z", "lvl": "INFO", "cat": "system", "component": "event_bus", "msg": "EventBus v2 initialized — workers=4, sync_events=['DRAWDOWN_LIMIT', 'KILL_SWITCH']"}
{"ts": "2026-05-11T15:32:44.416Z", "lvl": "INFO", "cat": "system", "component": "state_store", "msg": "StateStore initialized | mode=DEMO | db=data/journal.db"}
{"ts": "2026-05-11T15:33:55.424Z", "lvl": "INFO", "cat": "system", "component": "event_bus", "msg": "EventBus v2 initialized — workers=4, sync_events=['DRAWDOWN_LIMIT', 'KILL_SWITCH']"}
{"ts": "2026-05-11T15:33:55.436Z", "lvl": "INFO", "cat": "system", "component": "state_store", "msg": "StateStore initialized | mode=DEMO | db=data/journal.db"}
{"ts": "2026-05-11T15:37:31.707Z", "lvl": "INFO", "cat": "system", "component": "event_bus", "msg": "EventBus v2 initialized — workers=4, sync_events=['DRAWDOWN_LIMIT', 'KILL_SWITCH']"}
{"ts": "2026-05-11T15:37:31.721Z", "lvl": "INFO", "cat": "system", "component": "state_store", "msg": "StateStore initialized | mode=DEMO | db=data/journal.db"}
{"ts": "2026-05-11T15:38:17.267Z", "lvl": "INFO", "cat": "system", "component": "event_bus", "msg": "EventBus v2 initialized — workers=4, sync_events=['DRAWDOWN_LIMIT', 'KILL_SWITCH']"}
{"ts": "2026-05-11T15:38:17.275Z", "lvl": "INFO", "cat": "system", "component": "state_store", "msg": "StateStore initialized | mode=DEMO | db=data/journal.db"}
{"ts": "2026-05-11T15:48:52.177Z", "lvl": "INFO", "cat": "system", "component": "event_bus", "msg": "EventBus v2 initialized — workers=4, sync_events=['DRAWDOWN_LIMIT', 'KILL_SWITCH']"}
{"ts": "2026-05-11T15:48:52.198Z", "lvl": "INFO", "cat": "system", "component": "state_store", "msg": "StateStore initialized | mode=DEMO | db=data/journal.db"}
{"ts": "2026-05-11T15:55:07.587Z", "lvl": "INFO", "cat": "system", "component": "event_bus", "msg": "EventBus v2 initialized — workers=4, sync_events=['DRAWDOWN_LIMIT', 'KILL_SWITCH']"}
{"ts": "2026-05-11T15:55:07.596Z", "lvl": "INFO", "cat": "system", "component": "state_store", "msg": "StateStore initialized | mode=DEMO | db=data/journal.db"}
{"ts": "2026-05-11T15:57:21.882Z", "lvl": "INFO", "cat": "system", "component": "event_bus", "msg": "EventBus v2 initialized — workers=4, sync_events=['DRAWDOWN_LIMIT', 'KILL_SWITCH']"}
{"ts": "2026-05-11T15:57:21.893Z", "lvl": "INFO", "cat": "system", "component": "state_store", "msg": "StateStore initialized | mode=DEMO | db=data/journal.db"}
{"ts": "2026-05-11T16:05:08.038Z", "lvl": "INFO", "cat": "system", "component": "event_bus", "msg": "EventBus v2 initialized — workers=4, sync_events=['DRAWDOWN_LIMIT', 'KILL_SWITCH']"}
{"ts": "2026-05-11T16:05:08.057Z", "lvl": "INFO", "cat": "system", "component": "state_store", "msg": "StateStore initialized | mode=DEMO | db=data/journal.db"}
{"ts": "2026-05-11T16:08:51.877Z", "lvl": "INFO", "cat": "system", "component": "event_bus", "msg": "EventBus v2 initialized — workers=4, sync_events=['DRAWDOWN_LIMIT', 'KILL_SWITCH']"}
{"ts": "2026-05-11T16:27:21.198Z", "lvl": "INFO", "cat": "system", "component": "event_bus", "msg": "EventBus v2 initialized — workers=4, sync_events=['DRAWDOWN_LIMIT', 'KILL_SWITCH']"}
